[INFO] Scanning for projects...
[INFO] 
[INFO] ------------------------< com.saymyname:webapp >------------------------
[INFO] Building webapp 1.0-SNAPSHOT
[INFO]   from pom.xml
[INFO] --------------------------------[ jar ]---------------------------------
[INFO] 
[INFO] --- jacoco:0.8.11:prepare-agent (prepare-agent) @ webapp ---
[INFO] argLine set to -javaagent:C:\\Users\\benja\\.m2\\repository\\org\\jacoco\\org.jacoco.agent\\0.8.11\\org.jacoco.agent-0.8.11-runtime.jar=destfile=C:\\Dev\\Projects\\SayMyName\\Backend\\webapp\\target\\jacoco.exec
[INFO] 
[INFO] --- resources:3.3.1:resources (default-resources) @ webapp ---
[INFO] Copying 4 resources from src\main\resources to target\classes
[INFO] 
[INFO] --- compiler:3.13.0:compile (default-compile) @ webapp ---
[INFO] Recompiling the module because of changed source code.
[INFO] Compiling 240 source files with javac [debug target 21] to target\classes
[INFO] 
[INFO] --- resources:3.3.1:testResources (default-testResources) @ webapp ---
[INFO] Copying 1 resource from src\test\resources to target\test-classes
[INFO] 
[INFO] --- compiler:3.13.0:testCompile (default-testCompile) @ webapp ---
[INFO] Recompiling the module because of changed dependency.
[INFO] Compiling 3 source files with javac [debug target 21] to target\test-classes
[INFO] 
[INFO] --- surefire:3.2.5:test (default-test) @ webapp ---
[INFO] Using auto detected provider org.apache.maven.surefire.junitplatform.JUnitPlatformProvider
[INFO] 
[INFO] -------------------------------------------------------
[INFO]  T E S T S
[INFO] -------------------------------------------------------
[INFO] Running com.saymyname.webapp.WebappApplicationTest
16:18:43.513 [main] INFO org.springframework.test.context.support.AnnotationConfigContextLoaderUtils -- Could not detect default configuration classes for test class [com.saymyname.webapp.WebappApplicationTest]: WebappApplicationTest does not declare any static, non-private, non-final, nested classes annotated with @Configuration.
16:18:43.700 [main] INFO org.springframework.boot.test.context.SpringBootTestContextBootstrapper -- Found @SpringBootConfiguration com.saymyname.webapp.WebappApplication for test class com.saymyname.webapp.WebappApplicationTest

  .   ____          _            __ _ _
 /\\ / ___'_ __ _ _(_)_ __  __ _ \ \ \ \
( ( )\___ | '_ | '_| | '_ \/ _` | \ \ \ \
 \\/  ___)| |_)| | | | | || (_| |  ) ) ) )
  '  |____| .__|_| |_|_| |_\__, | / / / /
 =========|_|==============|___/=/_/_/_/

 :: Spring Boot ::                (v3.3.1)

2026-01-10T16:18:44.232+01:00  INFO 23900 --- [webapp-test] [           main] c.s.webapp.WebappApplicationTest         : Starting WebappApplicationTest using Java 21.0.6 with PID 23900 (started by benja in C:\Dev\Projects\SayMyName\Backend\webapp)
2026-01-10T16:18:44.233+01:00 DEBUG 23900 --- [webapp-test] [           main] c.s.webapp.WebappApplicationTest         : Running with Spring Boot v3.3.1, Spring v6.1.7
2026-01-10T16:18:44.233+01:00  INFO 23900 --- [webapp-test] [           main] c.s.webapp.WebappApplicationTest         : The following 1 profile is active: "test"
2026-01-10T16:18:45.860+01:00  INFO 23900 --- [webapp-test] [           main] .s.d.r.c.RepositoryConfigurationDelegate : Bootstrapping Spring Data JPA repositories in DEFAULT mode.
2026-01-10T16:18:45.977+01:00  INFO 23900 --- [webapp-test] [           main] .s.d.r.c.RepositoryConfigurationDelegate : Finished Spring Data repository scanning in 109 ms. Found 29 JPA repository interfaces.
2026-01-10T16:18:46.852+01:00  INFO 23900 --- [webapp-test] [           main] com.zaxxer.hikari.HikariDataSource       : HikariPool-1 - Starting...
2026-01-10T16:18:47.179+01:00  INFO 23900 --- [webapp-test] [           main] com.zaxxer.hikari.pool.HikariPool        : HikariPool-1 - Added connection conn0: url=jdbc:h2:mem:testdb user=SA
2026-01-10T16:18:47.181+01:00  INFO 23900 --- [webapp-test] [           main] com.zaxxer.hikari.HikariDataSource       : HikariPool-1 - Start completed.
2026-01-10T16:18:47.293+01:00  INFO 23900 --- [webapp-test] [           main] o.hibernate.jpa.internal.util.LogHelper  : HHH000204: Processing PersistenceUnitInfo [name: default]
2026-01-10T16:18:47.346+01:00  INFO 23900 --- [webapp-test] [           main] org.hibernate.Version                    : HHH000412: Hibernate ORM core version 6.5.2.Final
2026-01-10T16:18:47.375+01:00  INFO 23900 --- [webapp-test] [           main] o.h.c.internal.RegionFactoryInitiator    : HHH000026: Second-level cache disabled
2026-01-10T16:18:47.693+01:00  INFO 23900 --- [webapp-test] [           main] o.s.o.j.p.SpringPersistenceUnitInfo      : No LoadTimeWeaver setup: ignoring JPA class transformer
2026-01-10T16:18:47.759+01:00  WARN 23900 --- [webapp-test] [           main] org.hibernate.orm.deprecation            : HHH90000025: H2Dialect does not need to be specified explicitly using 'hibernate.dialect' (remove the property setting and it will be selected by default)
2026-01-10T16:18:49.283+01:00  INFO 23900 --- [webapp-test] [           main] o.h.e.t.j.p.i.JtaPlatformInitiator       : HHH000489: No JTA platform available (set 'hibernate.transaction.jta.platform' to enable JTA platform integration)
2026-01-10T16:18:49.308+01:00 DEBUG 23900 --- [webapp-test] [           main] org.hibernate.SQL                        : 
    drop table if exists attribute_enum_options cascade 
Hibernate: 
    drop table if exists attribute_enum_options cascade 
2026-01-10T16:18:49.310+01:00  INFO 23900 --- [webapp-test] [           main] org.hibernate.orm.connections.access     : HHH10001501: Connection obtained from JdbcConnectionAccess [org.hibernate.engine.jdbc.env.internal.JdbcEnvironmentInitiator$ConnectionProviderJdbcConnectionAccess@442b400] for (non-JTA) DDL execution was not in auto-commit mode; the Connection 'local transaction' will be committed and the Connection will be set into auto-commit mode.
2026-01-10T16:18:49.317+01:00 DEBUG 23900 --- [webapp-test] [           main] org.hibernate.SQL                        : 
    drop table if exists attributes cascade 
Hibernate: 
    drop table if exists attributes cascade 
2026-01-10T16:18:49.317+01:00 DEBUG 23900 --- [webapp-test] [           main] org.hibernate.SQL                        : 
    drop table if exists change_request_items cascade 
Hibernate: 
    drop table if exists change_request_items cascade 
2026-01-10T16:18:49.318+01:00 DEBUG 23900 --- [webapp-test] [           main] org.hibernate.SQL                        : 
    drop table if exists change_requests cascade 
Hibernate: 
    drop table if exists change_requests cascade 
2026-01-10T16:18:49.318+01:00 DEBUG 23900 --- [webapp-test] [           main] org.hibernate.SQL                        : 
    drop table if exists course_question_history cascade 
Hibernate: 
    drop table if exists course_question_history cascade 
2026-01-10T16:18:49.318+01:00 DEBUG 23900 --- [webapp-test] [           main] org.hibernate.SQL                        : 
    drop table if exists course_question_items cascade 
Hibernate: 
    drop table if exists course_question_items cascade 
2026-01-10T16:18:49.318+01:00 DEBUG 23900 --- [webapp-test] [           main] org.hibernate.SQL                        : 
    drop table if exists course_recent_stats cascade 
Hibernate: 
    drop table if exists course_recent_stats cascade 
2026-01-10T16:18:49.319+01:00 DEBUG 23900 --- [webapp-test] [           main] org.hibernate.SQL                        : 
    drop table if exists courses cascade 
Hibernate: 
    drop table if exists courses cascade 
2026-01-10T16:18:49.319+01:00 DEBUG 23900 --- [webapp-test] [           main] org.hibernate.SQL                        : 
    drop table if exists email_verification_tokens cascade 
Hibernate: 
    drop table if exists email_verification_tokens cascade 
2026-01-10T16:18:49.319+01:00 DEBUG 23900 --- [webapp-test] [           main] org.hibernate.SQL                        : 
    drop table if exists game_modes cascade 
Hibernate: 
    drop table if exists game_modes cascade 
2026-01-10T16:18:49.319+01:00 DEBUG 23900 --- [webapp-test] [           main] org.hibernate.SQL                        : 
    drop table if exists game_modes_attributes cascade 
Hibernate: 
    drop table if exists game_modes_attributes cascade 
2026-01-10T16:18:49.320+01:00 DEBUG 23900 --- [webapp-test] [           main] org.hibernate.SQL                        : 
    drop table if exists invitation_usages cascade 
Hibernate: 
    drop table if exists invitation_usages cascade 
2026-01-10T16:18:49.320+01:00 DEBUG 23900 --- [webapp-test] [           main] org.hibernate.SQL                        : 
    drop table if exists invitations cascade 
Hibernate: 
    drop table if exists invitations cascade 
2026-01-10T16:18:49.320+01:00 DEBUG 23900 --- [webapp-test] [           main] org.hibernate.SQL                        : 
    drop table if exists knowledge_stats cascade 
Hibernate: 
    drop table if exists knowledge_stats cascade 
2026-01-10T16:18:49.320+01:00 DEBUG 23900 --- [webapp-test] [           main] org.hibernate.SQL                        : 
    drop table if exists knowledges cascade 
Hibernate: 
    drop table if exists knowledges cascade 
2026-01-10T16:18:49.321+01:00 DEBUG 23900 --- [webapp-test] [           main] org.hibernate.SQL                        : 
    drop table if exists leaderboard_stats cascade 
Hibernate: 
    drop table if exists leaderboard_stats cascade 
2026-01-10T16:18:49.321+01:00 DEBUG 23900 --- [webapp-test] [           main] org.hibernate.SQL                        : 
    drop table if exists organizations cascade 
Hibernate: 
    drop table if exists organizations cascade 
2026-01-10T16:18:49.321+01:00 DEBUG 23900 --- [webapp-test] [           main] org.hibernate.SQL                        : 
    drop table if exists password_tokens cascade 
Hibernate: 
    drop table if exists password_tokens cascade 
2026-01-10T16:18:49.321+01:00 DEBUG 23900 --- [webapp-test] [           main] org.hibernate.SQL                        : 
    drop table if exists person_attributes cascade 
Hibernate: 
    drop table if exists person_attributes cascade 
2026-01-10T16:18:49.322+01:00 DEBUG 23900 --- [webapp-test] [           main] org.hibernate.SQL                        : 
    drop table if exists person_emails cascade 
Hibernate: 
    drop table if exists person_emails cascade 
2026-01-10T16:18:49.322+01:00 DEBUG 23900 --- [webapp-test] [           main] org.hibernate.SQL                        : 
    drop table if exists persons cascade 
Hibernate: 
    drop table if exists persons cascade 
2026-01-10T16:18:49.322+01:00 DEBUG 23900 --- [webapp-test] [           main] org.hibernate.SQL                        : 
    drop table if exists photo_reports cascade 
Hibernate: 
    drop table if exists photo_reports cascade 
2026-01-10T16:18:49.323+01:00 DEBUG 23900 --- [webapp-test] [           main] org.hibernate.SQL                        : 
    drop table if exists photos cascade 
Hibernate: 
    drop table if exists photos cascade 
2026-01-10T16:18:49.323+01:00 DEBUG 23900 --- [webapp-test] [           main] org.hibernate.SQL                        : 
    drop table if exists user_emails cascade 
Hibernate: 
    drop table if exists user_emails cascade 
2026-01-10T16:18:49.323+01:00 DEBUG 23900 --- [webapp-test] [           main] org.hibernate.SQL                        : 
    drop table if exists user_identities cascade 
Hibernate: 
    drop table if exists user_identities cascade 
2026-01-10T16:18:49.323+01:00 DEBUG 23900 --- [webapp-test] [           main] org.hibernate.SQL                        : 
    drop table if exists user_organizations cascade 
Hibernate: 
    drop table if exists user_organizations cascade 
2026-01-10T16:18:49.323+01:00 DEBUG 23900 --- [webapp-test] [           main] org.hibernate.SQL                        : 
    drop table if exists user_refresh_tokens cascade 
Hibernate: 
    drop table if exists user_refresh_tokens cascade 
2026-01-10T16:18:49.323+01:00 DEBUG 23900 --- [webapp-test] [           main] org.hibernate.SQL                        : 
    drop table if exists user_subscriptions cascade 
Hibernate: 
    drop table if exists user_subscriptions cascade 
2026-01-10T16:18:49.323+01:00 DEBUG 23900 --- [webapp-test] [           main] org.hibernate.SQL                        : 
    drop table if exists users cascade 
Hibernate: 
    drop table if exists users cascade 
2026-01-10T16:18:49.324+01:00 DEBUG 23900 --- [webapp-test] [           main] org.hibernate.SQL                        : 
    drop table if exists xp_events cascade 
Hibernate: 
    drop table if exists xp_events cascade 
2026-01-10T16:18:49.330+01:00 DEBUG 23900 --- [webapp-test] [           main] org.hibernate.SQL                        : 
    create table attribute_enum_options (
        active boolean not null,
        order_index integer not null,
        attribute_id bigint not null,
        id bigint generated by default as identity,
        organization_id bigint not null,
        code varchar(64) not null,
        label varchar(255) not null,
        primary key (id),
        constraint uq_attr_enum_code unique (attribute_id, code)
    )
Hibernate: 
    create table attribute_enum_options (
        active boolean not null,
        order_index integer not null,
        attribute_id bigint not null,
        id bigint generated by default as identity,
        organization_id bigint not null,
        code varchar(64) not null,
        label varchar(255) not null,
        primary key (id),
        constraint uq_attr_enum_code unique (attribute_id, code)
    )
2026-01-10T16:18:49.330+01:00  INFO 23900 --- [webapp-test] [           main] org.hibernate.orm.connections.access     : HHH10001501: Connection obtained from JdbcConnectionAccess [org.hibernate.engine.jdbc.env.internal.JdbcEnvironmentInitiator$ConnectionProviderJdbcConnectionAccess@7daa8bc2] for (non-JTA) DDL execution was not in auto-commit mode; the Connection 'local transaction' will be committed and the Connection will be set into auto-commit mode.
2026-01-10T16:18:49.345+01:00 DEBUG 23900 --- [webapp-test] [           main] org.hibernate.SQL                        : 
    create table attributes (
        display_order integer not null,
        filter boolean not null,
        initializable boolean not null,
        is_category boolean not null,
        max_values integer not null,
        primary_field boolean not null,
        required boolean not null,
        sort boolean not null,
        id bigint generated by default as identity,
        organization_id bigint not null,
        attribute_name varchar(255) not null,
        constraint_payload json,
        casing_strategy enum ('NONE','SENTENCE_PRESERVE','TITLE_CASE','UPPERCASE') not null,
        constraint_kind enum ('ENUM','NONE','RANGE','REGEX','SET') not null,
        edit_policy enum ('FREE','RESTRICTED') not null,
        type enum ('BOOLEAN','DATE','DATETIME','EMAIL','ENUM','NUMBER','TEXT','URL') not null,
        primary key (id)
    )
Hibernate: 
    create table attributes (
        display_order integer not null,
        filter boolean not null,
        initializable boolean not null,
        is_category boolean not null,
        max_values integer not null,
        primary_field boolean not null,
        required boolean not null,
        sort boolean not null,
        id bigint generated by default as identity,
        organization_id bigint not null,
        attribute_name varchar(255) not null,
        constraint_payload json,
        casing_strategy enum ('NONE','SENTENCE_PRESERVE','TITLE_CASE','UPPERCASE') not null,
        constraint_kind enum ('ENUM','NONE','RANGE','REGEX','SET') not null,
        edit_policy enum ('FREE','RESTRICTED') not null,
        type enum ('BOOLEAN','DATE','DATETIME','EMAIL','ENUM','NUMBER','TEXT','URL') not null,
        primary key (id)
    )
2026-01-10T16:18:49.347+01:00 DEBUG 23900 --- [webapp-test] [           main] org.hibernate.SQL                        : 
    create table change_request_items (
        change_request_id bigint not null,
        id bigint generated by default as identity,
        organization_id bigint not null,
        person_attribute_id bigint,
        proposed_value varchar(512),
        resolution_comment varchar(512),
        action enum ('CREATE','DELETE','UPDATE') not null,
        resolution_status enum ('APPROVED','CANCELED','PENDING','REJECTED') not null,
        primary key (id)
    )
Hibernate: 
    create table change_request_items (
        change_request_id bigint not null,
        id bigint generated by default as identity,
        organization_id bigint not null,
        person_attribute_id bigint,
        proposed_value varchar(512),
        resolution_comment varchar(512),
        action enum ('CREATE','DELETE','UPDATE') not null,
        resolution_status enum ('APPROVED','CANCELED','PENDING','REJECTED') not null,
        primary key (id)
    )
2026-01-10T16:18:49.349+01:00 DEBUG 23900 --- [webapp-test] [           main] org.hibernate.SQL                        : 
    create table change_requests (
        attribute_id bigint not null,
        created_at timestamp(6) not null,
        id bigint generated by default as identity,
        organization_id bigint not null,
        person_id bigint not null,
        requester_id bigint not null,
        resolved_at timestamp(6),
        resolved_by bigint,
        updated_at timestamp(6),
        resolution_comment varchar(500),
        request_reason varchar(1024) not null,
        status enum ('APPROVED','CANCELED','PARTIALLY_APPROVED','PENDING','REJECTED') not null,
        primary key (id)
    )
Hibernate: 
    create table change_requests (
        attribute_id bigint not null,
        created_at timestamp(6) not null,
        id bigint generated by default as identity,
        organization_id bigint not null,
        person_id bigint not null,
        requester_id bigint not null,
        resolved_at timestamp(6),
        resolved_by bigint,
        updated_at timestamp(6),
        resolution_comment varchar(500),
        request_reason varchar(1024) not null,
        status enum ('APPROVED','CANCELED','PARTIALLY_APPROVED','PENDING','REJECTED') not null,
        primary key (id)
    )
2026-01-10T16:18:49.351+01:00 DEBUG 23900 --- [webapp-test] [           main] org.hibernate.SQL                        : 
    create table course_question_history (
        global_correct boolean not null,
        help_used boolean not null,
        planned_target_count integer not null,
        planned_time_limit_ms integer,
        planned_timed boolean not null,
        question_round integer not null,
        response_time_ms integer not null,
        snapshot_schema_version integer not null,
        answered_at timestamp(6),
        asked_at timestamp(6) not null,
        course_id bigint not null,
        id bigint generated by default as identity,
        organization_id bigint not null,
        generator_version varchar(64) not null,
        normalizer_version varchar(64) not null,
        planned_reason_code varchar(64),
        planned_reason varchar(255),
        normalized_submission clob,
        planned_format enum ('ASSOCIATION','BINARY_SWIPE','CLOZE','HANGMAN','MCQ','ORDERING','TEXT_INPUT') not null,
        planned_params_json LONGTEXT,
        planned_reason_details_json LONGTEXT,
        planned_target_knowledge_ids_json LONGTEXT,
        pool_type enum ('DISCOVERED','ERROR_RECENT','NEW','REVISION','SRS_DUE') not null,
        question_format enum ('ASSOCIATION','BINARY_SWIPE','CLOZE','HANGMAN','MCQ','ORDERING','TEXT_INPUT') not null,
        question_snapshot_json LONGTEXT not null,
        raw_submission clob,
        primary key (id)
    )
Hibernate: 
    create table course_question_history (
        global_correct boolean not null,
        help_used boolean not null,
        planned_target_count integer not null,
        planned_time_limit_ms integer,
        planned_timed boolean not null,
        question_round integer not null,
        response_time_ms integer not null,
        snapshot_schema_version integer not null,
        answered_at timestamp(6),
        asked_at timestamp(6) not null,
        course_id bigint not null,
        id bigint generated by default as identity,
        organization_id bigint not null,
        generator_version varchar(64) not null,
        normalizer_version varchar(64) not null,
        planned_reason_code varchar(64),
        planned_reason varchar(255),
        normalized_submission clob,
        planned_format enum ('ASSOCIATION','BINARY_SWIPE','CLOZE','HANGMAN','MCQ','ORDERING','TEXT_INPUT') not null,
        planned_params_json LONGTEXT,
        planned_reason_details_json LONGTEXT,
        planned_target_knowledge_ids_json LONGTEXT,
        pool_type enum ('DISCOVERED','ERROR_RECENT','NEW','REVISION','SRS_DUE') not null,
        question_format enum ('ASSOCIATION','BINARY_SWIPE','CLOZE','HANGMAN','MCQ','ORDERING','TEXT_INPUT') not null,
        question_snapshot_json LONGTEXT not null,
        raw_submission clob,
        primary key (id)
    )
2026-01-10T16:18:49.353+01:00 DEBUG 23900 --- [webapp-test] [           main] org.hibernate.SQL                        : 
    create table course_question_items (
        answered boolean not null,
        correct boolean,
        position integer not null,
        history_id bigint not null,
        id bigint generated by default as identity,
        knowledge_id bigint,
        organization_id bigint not null,
        person_id bigint,
        normalized_answer clob,
        role enum ('DISTRACTOR','TARGET') not null,
        primary key (id),
        constraint uk_cqi_history_position unique (history_id, position)
    )
Hibernate: 
    create table course_question_items (
        answered boolean not null,
        correct boolean,
        position integer not null,
        history_id bigint not null,
        id bigint generated by default as identity,
        knowledge_id bigint,
        organization_id bigint not null,
        person_id bigint,
        normalized_answer clob,
        role enum ('DISTRACTOR','TARGET') not null,
        primary key (id),
        constraint uk_cqi_history_position unique (history_id, position)
    )
2026-01-10T16:18:49.355+01:00 DEBUG 23900 --- [webapp-test] [           main] org.hibernate.SQL                        : 
    create table course_recent_stats (
        avg_rt_recent float(53) not null,
        error_streak integer not null,
        format_streak integer not null,
        help_streak integer not null,
        course_id bigint not null,
        created_at timestamp(6) not null,
        id bigint generated by default as identity,
        last_answer_at timestamp(6),
        organization_id bigint not null,
        updated_at timestamp(6) not null,
        last_format enum ('ASSOCIATION','BINARY_SWIPE','CLOZE','HANGMAN','MCQ','ORDERING','TEXT_INPUT'),
        primary key (id),
        constraint uq_crs unique (organization_id, course_id)
    )
Hibernate: 
    create table course_recent_stats (
        avg_rt_recent float(53) not null,
        error_streak integer not null,
        format_streak integer not null,
        help_streak integer not null,
        course_id bigint not null,
        created_at timestamp(6) not null,
        id bigint generated by default as identity,
        last_answer_at timestamp(6),
        organization_id bigint not null,
        updated_at timestamp(6) not null,
        last_format enum ('ASSOCIATION','BINARY_SWIPE','CLOZE','HANGMAN','MCQ','ORDERING','TEXT_INPUT'),
        primary key (id),
        constraint uq_crs unique (organization_id, course_id)
    )
2026-01-10T16:18:49.356+01:00 DEBUG 23900 --- [webapp-test] [           main] org.hibernate.SQL                        : 
    create table courses (
        current_round integer not null,
        created_at DATETIME DEFAULT CURRENT_TIMESTAMP not null,
        game_mode_id bigint not null,
        id bigint generated by default as identity,
        last_accessed_at timestamp(6),
        organization_id bigint not null,
        updated_at DATETIME DEFAULT CURRENT_TIMESTAMP ON UPDATE CURRENT_TIMESTAMP not null,
        user_id bigint not null,
        population_scope enum ('ALL','FOLLOWED') not null,
        status enum ('ARCHIVED','IN_PROGRESS') not null,
        primary key (id)
    )
Hibernate: 
    create table courses (
        current_round integer not null,
        created_at DATETIME DEFAULT CURRENT_TIMESTAMP not null,
        game_mode_id bigint not null,
        id bigint generated by default as identity,
        last_accessed_at timestamp(6),
        organization_id bigint not null,
        updated_at DATETIME DEFAULT CURRENT_TIMESTAMP ON UPDATE CURRENT_TIMESTAMP not null,
        user_id bigint not null,
        population_scope enum ('ALL','FOLLOWED') not null,
        status enum ('ARCHIVED','IN_PROGRESS') not null,
        primary key (id)
    )
2026-01-10T16:18:49.358+01:00 DEBUG 23900 --- [webapp-test] [           main] org.hibernate.SQL                        : 
    create table email_verification_tokens (
        attempts integer not null,
        make_primary_now boolean not null,
        resend_count integer not null,
        consumed_at timestamp(6),
        created_at timestamp(6) not null,
        expires_at timestamp(6) not null,
        id bigint generated by default as identity,
        last_sent_at timestamp(6),
        user_id bigint not null,
        email varchar(320) not null,
        code_hash_phc varchar(255),
        public_id BINARY(16) not null unique,
        token_hash varbinary(32) not null,
        purpose enum ('ADD_EMAIL','REGISTER_EMAIL') not null,
        primary key (id),
        constraint uq_evt_token unique (token_hash)
    )
Hibernate: 
    create table email_verification_tokens (
        attempts integer not null,
        make_primary_now boolean not null,
        resend_count integer not null,
        consumed_at timestamp(6),
        created_at timestamp(6) not null,
        expires_at timestamp(6) not null,
        id bigint generated by default as identity,
        last_sent_at timestamp(6),
        user_id bigint not null,
        email varchar(320) not null,
        code_hash_phc varchar(255),
        public_id BINARY(16) not null unique,
        token_hash varbinary(32) not null,
        purpose enum ('ADD_EMAIL','REGISTER_EMAIL') not null,
        primary key (id),
        constraint uq_evt_token unique (token_hash)
    )
2026-01-10T16:18:49.361+01:00 DEBUG 23900 --- [webapp-test] [           main] org.hibernate.SQL                        : 
    create table game_modes (
        id bigint generated by default as identity,
        organization_id bigint not null,
        operator varchar(50) not null,
        game_mode_description TEXT,
        game_mode_title varchar(255) not null,
        primary key (id)
    )
Hibernate: 
    create table game_modes (
        id bigint generated by default as identity,
        organization_id bigint not null,
        operator varchar(50) not null,
        game_mode_description TEXT,
        game_mode_title varchar(255) not null,
        primary key (id)
    )
2026-01-10T16:18:49.362+01:00 DEBUG 23900 --- [webapp-test] [           main] org.hibernate.SQL                        : 
    create table game_modes_attributes (
        attribute_id bigint,
        game_mode_id bigint,
        id bigint generated by default as identity,
        organization_id bigint not null,
        primary key (id)
    )
Hibernate: 
    create table game_modes_attributes (
        attribute_id bigint,
        game_mode_id bigint,
        id bigint generated by default as identity,
        organization_id bigint not null,
        primary key (id)
    )
2026-01-10T16:18:49.363+01:00 DEBUG 23900 --- [webapp-test] [           main] org.hibernate.SQL                        : 
    create table invitation_usages (
        id bigint generated by default as identity,
        invitation_id bigint not null,
        organization_id bigint not null,
        person_id bigint,
        used_at timestamp(6) not null,
        user_id bigint not null,
        used_ip varbinary(16),
        user_agent varchar(255),
        primary key (id)
    )
Hibernate: 
    create table invitation_usages (
        id bigint generated by default as identity,
        invitation_id bigint not null,
        organization_id bigint not null,
        person_id bigint,
        used_at timestamp(6) not null,
        user_id bigint not null,
        used_ip varbinary(16),
        user_agent varchar(255),
        primary key (id)
    )
2026-01-10T16:18:49.365+01:00 DEBUG 23900 --- [webapp-test] [           main] org.hibernate.SQL                        : 
    create table invitations (
        max_uses integer,
        uses_count integer not null,
        accepted_at timestamp(6),
        accepted_by bigint,
        created_at timestamp(6) not null,
        created_by bigint not null,
        expires_at timestamp(6) not null,
        id bigint generated by default as identity,
        last_used_at timestamp(6),
        organization_id bigint not null,
        person_id bigint,
        revoked_at timestamp(6),
        label varchar(80),
        email varchar(320),
        constraints_json json,
        note varchar(255),
        pin_hash_phc varchar(255),
        token_hash varbinary(32) not null,
        role enum ('ADMIN','EDITOR','OWNER','VIEWER') not null,
        type enum ('EMAIL','SELF_SERVICE') not null,
        primary key (id),
        constraint uq_invit_token unique (token_hash),
        constraint uq_invit_id_org unique (id, organization_id)
    )
Hibernate: 
    create table invitations (
        max_uses integer,
        uses_count integer not null,
        accepted_at timestamp(6),
        accepted_by bigint,
        created_at timestamp(6) not null,
        created_by bigint not null,
        expires_at timestamp(6) not null,
        id bigint generated by default as identity,
        last_used_at timestamp(6),
        organization_id bigint not null,
        person_id bigint,
        revoked_at timestamp(6),
        label varchar(80),
        email varchar(320),
        constraints_json json,
        note varchar(255),
        pin_hash_phc varchar(255),
        token_hash varbinary(32) not null,
        role enum ('ADMIN','EDITOR','OWNER','VIEWER') not null,
        type enum ('EMAIL','SELF_SERVICE') not null,
        primary key (id),
        constraint uq_invit_token unique (token_hash),
        constraint uq_invit_id_org unique (id, organization_id)
    )
2026-01-10T16:18:49.367+01:00 DEBUG 23900 --- [webapp-test] [           main] org.hibernate.SQL                        : 
    create table knowledge_stats (
        attempts_recent float(53) not null,
        avg_rt_recent float(53) not null,
        correct_recent float(53) not null,
        error_streak integer not null,
        help_recent float(53) not null,
        last_correct boolean,
        last_help_used boolean,
        last_response_time_ms integer not null,
        created_at timestamp(6) not null,
        game_mode_id bigint not null,
        id bigint generated by default as identity,
        knowledge_id bigint not null,
        last_answer_at timestamp(6),
        organization_id bigint not null,
        person_id bigint not null,
        updated_at timestamp(6) not null,
        user_id bigint not null,
        primary key (id),
        constraint uq_ks unique (organization_id, user_id, game_mode_id, knowledge_id)
    )
Hibernate: 
    create table knowledge_stats (
        attempts_recent float(53) not null,
        avg_rt_recent float(53) not null,
        correct_recent float(53) not null,
        error_streak integer not null,
        help_recent float(53) not null,
        last_correct boolean,
        last_help_used boolean,
        last_response_time_ms integer not null,
        created_at timestamp(6) not null,
        game_mode_id bigint not null,
        id bigint generated by default as identity,
        knowledge_id bigint not null,
        last_answer_at timestamp(6),
        organization_id bigint not null,
        person_id bigint not null,
        updated_at timestamp(6) not null,
        user_id bigint not null,
        primary key (id),
        constraint uq_ks unique (organization_id, user_id, game_mode_id, knowledge_id)
    )
2026-01-10T16:18:49.368+01:00 DEBUG 23900 --- [webapp-test] [           main] org.hibernate.SQL                        : 
    create table knowledges (
        difficulty float(53) not null,
        ease_factor numeric(38,2) not null,
        failure_count integer not null,
        global_streak integer not null,
        srs_streak integer not null,
        stability float(53) not null,
        success_count integer not null,
        total_repetition_count integer not null,
        game_mode_id bigint not null,
        id bigint generated by default as identity,
        last_review_date timestamp(6),
        next_review_date timestamp(6) not null,
        organization_id bigint not null,
        person_id bigint not null,
        user_id bigint not null,
        status enum ('DISCOVERED','LEARNED','MASTERED','UNKNOWN') not null,
        primary key (id)
    )
Hibernate: 
    create table knowledges (
        difficulty float(53) not null,
        ease_factor numeric(38,2) not null,
        failure_count integer not null,
        global_streak integer not null,
        srs_streak integer not null,
        stability float(53) not null,
        success_count integer not null,
        total_repetition_count integer not null,
        game_mode_id bigint not null,
        id bigint generated by default as identity,
        last_review_date timestamp(6),
        next_review_date timestamp(6) not null,
        organization_id bigint not null,
        person_id bigint not null,
        user_id bigint not null,
        status enum ('DISCOVERED','LEARNED','MASTERED','UNKNOWN') not null,
        primary key (id)
    )
2026-01-10T16:18:49.370+01:00 DEBUG 23900 --- [webapp-test] [           main] org.hibernate.SQL                        : 
    create table leaderboard_stats (
        correct_answers bigint not null,
        id bigint generated by default as identity,
        last_answer_at timestamp(6),
        organization_id bigint not null,
        total_answers bigint not null,
        updated_at timestamp(6) not null,
        user_id bigint not null,
        xp bigint not null,
        primary key (id),
        constraint uq_lb_org_user unique (organization_id, user_id)
    )
Hibernate: 
    create table leaderboard_stats (
        correct_answers bigint not null,
        id bigint generated by default as identity,
        last_answer_at timestamp(6),
        organization_id bigint not null,
        total_answers bigint not null,
        updated_at timestamp(6) not null,
        user_id bigint not null,
        xp bigint not null,
        primary key (id),
        constraint uq_lb_org_user unique (organization_id, user_id)
    )
2026-01-10T16:18:49.372+01:00 DEBUG 23900 --- [webapp-test] [           main] org.hibernate.SQL                        : 
    create table organizations (
        is_active boolean not null,
        created_at timestamp(6) not null,
        id bigint generated by default as identity,
        updated_at timestamp(6),
        "key" varchar(64) not null,
        name varchar(255) not null,
        primary key (id),
        constraint uk_organizations_key unique (key)
    )
Hibernate: 
    create table organizations (
        is_active boolean not null,
        created_at timestamp(6) not null,
        id bigint generated by default as identity,
        updated_at timestamp(6),
        "key" varchar(64) not null,
        name varchar(255) not null,
        primary key (id),
        constraint uk_organizations_key unique (key)
    )
2026-01-10T16:18:49.374+01:00  WARN 23900 --- [webapp-test] [           main] o.h.t.s.i.ExceptionHandlerLoggedImpl     : GenerationTarget encountered exception accepting command : Error executing DDL "
    create table organizations (
        is_active boolean not null,
        created_at timestamp(6) not null,
        id bigint generated by default as identity,
        updated_at timestamp(6),
        "key" varchar(64) not null,
        name varchar(255) not null,
        primary key (id),
        constraint uk_organizations_key unique (key)
    )" via JDBC [Erreur de syntaxe dans l'instruction SQL "\000d\000a    create table organizations (\000d\000a        is_active boolean not null,\000d\000a        created_at timestamp(6) not null,\000d\000a        id bigint generated by default as identity,\000d\000a        updated_at timestamp(6),\000d\000a        ""key"" varchar(64) not null,\000d\000a        name varchar(255) not null,\000d\000a        primary key (id),\000d\000a        constraint uk_organizations_key unique ([*]key)\000d\000a    )"; attendu "identifier"
Syntax error in SQL statement "\000d\000a    create table organizations (\000d\000a        is_active boolean not null,\000d\000a        created_at timestamp(6) not null,\000d\000a        id bigint generated by default as identity,\000d\000a        updated_at timestamp(6),\000d\000a        ""key"" varchar(64) not null,\000d\000a        name varchar(255) not null,\000d\000a        primary key (id),\000d\000a        constraint uk_organizations_key unique ([*]key)\000d\000a    )"; expected "identifier";]

org.hibernate.tool.schema.spi.CommandAcceptanceException: Error executing DDL "
    create table organizations (
        is_active boolean not null,
        created_at timestamp(6) not null,
        id bigint generated by default as identity,
        updated_at timestamp(6),
        "key" varchar(64) not null,
        name varchar(255) not null,
        primary key (id),
        constraint uk_organizations_key unique (key)
    )" via JDBC [Erreur de syntaxe dans l'instruction SQL "\000d\000a    create table organizations (\000d\000a        is_active boolean not null,\000d\000a        created_at timestamp(6) not null,\000d\000a        id bigint generated by default as identity,\000d\000a        updated_at timestamp(6),\000d\000a        ""key"" varchar(64) not null,\000d\000a        name varchar(255) not null,\000d\000a        primary key (id),\000d\000a        constraint uk_organizations_key unique ([*]key)\000d\000a    )"; attendu "identifier"
Syntax error in SQL statement "\000d\000a    create table organizations (\000d\000a        is_active boolean not null,\000d\000a        created_at timestamp(6) not null,\000d\000a        id bigint generated by default as identity,\000d\000a        updated_at timestamp(6),\000d\000a        ""key"" varchar(64) not null,\000d\000a        name varchar(255) not null,\000d\000a        primary key (id),\000d\000a        constraint uk_organizations_key unique ([*]key)\000d\000a    )"; expected "identifier";]
	at org.hibernate.tool.schema.internal.exec.GenerationTargetToDatabase.accept(GenerationTargetToDatabase.java:94) ~[hibernate-core-6.5.2.Final.jar:6.5.2.Final]
	at org.hibernate.tool.schema.internal.Helper.applySqlString(Helper.java:233) ~[hibernate-core-6.5.2.Final.jar:6.5.2.Final]
	at org.hibernate.tool.schema.internal.Helper.applySqlStrings(Helper.java:217) ~[hibernate-core-6.5.2.Final.jar:6.5.2.Final]
	at org.hibernate.tool.schema.internal.SchemaCreatorImpl.createTables(SchemaCreatorImpl.java:428) ~[hibernate-core-6.5.2.Final.jar:6.5.2.Final]
	at org.hibernate.tool.schema.internal.SchemaCreatorImpl.createSequencesTablesConstraints(SchemaCreatorImpl.java:344) ~[hibernate-core-6.5.2.Final.jar:6.5.2.Final]
	at org.hibernate.tool.schema.internal.SchemaCreatorImpl.createFromMetadata(SchemaCreatorImpl.java:239) ~[hibernate-core-6.5.2.Final.jar:6.5.2.Final]
	at org.hibernate.tool.schema.internal.SchemaCreatorImpl.performCreation(SchemaCreatorImpl.java:172) ~[hibernate-core-6.5.2.Final.jar:6.5.2.Final]
	at org.hibernate.tool.schema.internal.SchemaCreatorImpl.doCreation(SchemaCreatorImpl.java:142) ~[hibernate-core-6.5.2.Final.jar:6.5.2.Final]
	at org.hibernate.tool.schema.internal.SchemaCreatorImpl.doCreation(SchemaCreatorImpl.java:118) ~[hibernate-core-6.5.2.Final.jar:6.5.2.Final]
	at org.hibernate.tool.schema.spi.SchemaManagementToolCoordinator.performDatabaseAction(SchemaManagementToolCoordinator.java:250) ~[hibernate-core-6.5.2.Final.jar:6.5.2.Final]
	at org.hibernate.tool.schema.spi.SchemaManagementToolCoordinator.lambda$process$5(SchemaManagementToolCoordinator.java:144) ~[hibernate-core-6.5.2.Final.jar:6.5.2.Final]
	at java.base/java.util.HashMap.forEach(HashMap.java:1429) ~[na:na]
	at org.hibernate.tool.schema.spi.SchemaManagementToolCoordinator.process(SchemaManagementToolCoordinator.java:141) ~[hibernate-core-6.5.2.Final.jar:6.5.2.Final]
	at org.hibernate.boot.internal.SessionFactoryObserverForSchemaExport.sessionFactoryCreated(SessionFactoryObserverForSchemaExport.java:37) ~[hibernate-core-6.5.2.Final.jar:6.5.2.Final]
	at org.hibernate.internal.SessionFactoryObserverChain.sessionFactoryCreated(SessionFactoryObserverChain.java:35) ~[hibernate-core-6.5.2.Final.jar:6.5.2.Final]
	at org.hibernate.internal.SessionFactoryImpl.<init>(SessionFactoryImpl.java:322) ~[hibernate-core-6.5.2.Final.jar:6.5.2.Final]
	at org.hibernate.boot.internal.SessionFactoryBuilderImpl.build(SessionFactoryBuilderImpl.java:457) ~[hibernate-core-6.5.2.Final.jar:6.5.2.Final]
	at org.hibernate.jpa.boot.internal.EntityManagerFactoryBuilderImpl.build(EntityManagerFactoryBuilderImpl.java:1506) ~[hibernate-core-6.5.2.Final.jar:6.5.2.Final]
	at org.springframework.orm.jpa.vendor.SpringHibernateJpaPersistenceProvider.createContainerEntityManagerFactory(SpringHibernateJpaPersistenceProvider.java:75) ~[spring-orm-6.1.7.jar:6.1.7]
	at org.springframework.orm.jpa.LocalContainerEntityManagerFactoryBean.createNativeEntityManagerFactory(LocalContainerEntityManagerFactoryBean.java:390) ~[spring-orm-6.1.7.jar:6.1.7]
	at org.springframework.orm.jpa.AbstractEntityManagerFactoryBean.buildNativeEntityManagerFactory(AbstractEntityManagerFactoryBean.java:409) ~[spring-orm-6.1.7.jar:6.1.7]
	at org.springframework.orm.jpa.AbstractEntityManagerFactoryBean.afterPropertiesSet(AbstractEntityManagerFactoryBean.java:396) ~[spring-orm-6.1.7.jar:6.1.7]
	at org.springframework.orm.jpa.LocalContainerEntityManagerFactoryBean.afterPropertiesSet(LocalContainerEntityManagerFactoryBean.java:366) ~[spring-orm-6.1.7.jar:6.1.7]
	at org.springframework.beans.factory.support.AbstractAutowireCapableBeanFactory.invokeInitMethods(AbstractAutowireCapableBeanFactory.java:1833) ~[spring-beans-6.1.6.jar:6.1.6]
	at org.springframework.beans.factory.support.AbstractAutowireCapableBeanFactory.initializeBean(AbstractAutowireCapableBeanFactory.java:1782) ~[spring-beans-6.1.6.jar:6.1.6]
	at org.springframework.beans.factory.support.AbstractAutowireCapableBeanFactory.doCreateBean(AbstractAutowireCapableBeanFactory.java:600) ~[spring-beans-6.1.6.jar:6.1.6]
	at org.springframework.beans.factory.support.AbstractAutowireCapableBeanFactory.createBean(AbstractAutowireCapableBeanFactory.java:522) ~[spring-beans-6.1.6.jar:6.1.6]
	at org.springframework.beans.factory.support.AbstractBeanFactory.lambda$doGetBean$0(AbstractBeanFactory.java:326) ~[spring-beans-6.1.6.jar:6.1.6]
	at org.springframework.beans.factory.support.DefaultSingletonBeanRegistry.getSingleton(DefaultSingletonBeanRegistry.java:234) ~[spring-beans-6.1.6.jar:6.1.6]
	at org.springframework.beans.factory.support.AbstractBeanFactory.doGetBean(AbstractBeanFactory.java:324) ~[spring-beans-6.1.6.jar:6.1.6]
	at org.springframework.beans.factory.support.AbstractBeanFactory.getBean(AbstractBeanFactory.java:205) ~[spring-beans-6.1.6.jar:6.1.6]
	at org.springframework.context.support.AbstractApplicationContext.finishBeanFactoryInitialization(AbstractApplicationContext.java:952) ~[spring-context-6.1.7.jar:6.1.7]
	at org.springframework.context.support.AbstractApplicationContext.refresh(AbstractApplicationContext.java:624) ~[spring-context-6.1.7.jar:6.1.7]
	at org.springframework.boot.SpringApplication.refresh(SpringApplication.java:754) ~[spring-boot-3.3.1.jar:3.3.1]
	at org.springframework.boot.SpringApplication.refreshContext(SpringApplication.java:456) ~[spring-boot-3.3.1.jar:3.3.1]
	at org.springframework.boot.SpringApplication.run(SpringApplication.java:335) ~[spring-boot-3.3.1.jar:3.3.1]
	at org.springframework.boot.test.context.SpringBootContextLoader.lambda$loadContext$3(SpringBootContextLoader.java:137) ~[spring-boot-test-3.3.1.jar:3.3.1]
	at org.springframework.util.function.ThrowingSupplier.get(ThrowingSupplier.java:58) ~[spring-core-6.1.7.jar:6.1.7]
	at org.springframework.util.function.ThrowingSupplier.get(ThrowingSupplier.java:46) ~[spring-core-6.1.7.jar:6.1.7]
	at org.springframework.boot.SpringApplication.withHook(SpringApplication.java:1463) ~[spring-boot-3.3.1.jar:3.3.1]
	at org.springframework.boot.test.context.SpringBootContextLoader$ContextLoaderHook.run(SpringBootContextLoader.java:553) ~[spring-boot-test-3.3.1.jar:3.3.1]
	at org.springframework.boot.test.context.SpringBootContextLoader.loadContext(SpringBootContextLoader.java:137) ~[spring-boot-test-3.3.1.jar:3.3.1]
	at org.springframework.boot.test.context.SpringBootContextLoader.loadContext(SpringBootContextLoader.java:108) ~[spring-boot-test-3.3.1.jar:3.3.1]
	at org.springframework.test.context.cache.DefaultCacheAwareContextLoaderDelegate.loadContextInternal(DefaultCacheAwareContextLoaderDelegate.java:225) ~[spring-test-6.1.7.jar:6.1.7]
	at org.springframework.test.context.cache.DefaultCacheAwareContextLoaderDelegate.loadContext(DefaultCacheAwareContextLoaderDelegate.java:152) ~[spring-test-6.1.7.jar:6.1.7]
	at org.springframework.test.context.support.DefaultTestContext.getApplicationContext(DefaultTestContext.java:130) ~[spring-test-6.1.7.jar:6.1.7]
	at org.springframework.test.context.web.ServletTestExecutionListener.setUpRequestContextIfNecessary(ServletTestExecutionListener.java:191) ~[spring-test-6.1.7.jar:6.1.7]
	at org.springframework.test.context.web.ServletTestExecutionListener.prepareTestInstance(ServletTestExecutionListener.java:130) ~[spring-test-6.1.7.jar:6.1.7]
	at org.springframework.test.context.TestContextManager.prepareTestInstance(TestContextManager.java:260) ~[spring-test-6.1.7.jar:6.1.7]
	at org.springframework.test.context.junit.jupiter.SpringExtension.postProcessTestInstance(SpringExtension.java:163) ~[spring-test-6.1.7.jar:6.1.7]
	at org.junit.jupiter.engine.descriptor.ClassBasedTestDescriptor.lambda$invokeTestInstancePostProcessors$10(ClassBasedTestDescriptor.java:378) ~[junit-jupiter-engine-5.10.1.jar:5.10.1]
	at org.junit.jupiter.engine.descriptor.ClassBasedTestDescriptor.executeAndMaskThrowable(ClassBasedTestDescriptor.java:383) ~[junit-jupiter-engine-5.10.1.jar:5.10.1]
	at org.junit.jupiter.engine.descriptor.ClassBasedTestDescriptor.lambda$invokeTestInstancePostProcessors$11(ClassBasedTestDescriptor.java:378) ~[junit-jupiter-engine-5.10.1.jar:5.10.1]
	at java.base/java.util.stream.ReferencePipeline$3$1.accept(ReferencePipeline.java:197) ~[na:na]
	at java.base/java.util.stream.ReferencePipeline$2$1.accept(ReferencePipeline.java:179) ~[na:na]
	at java.base/java.util.ArrayList$ArrayListSpliterator.forEachRemaining(ArrayList.java:1708) ~[na:na]
	at java.base/java.util.stream.AbstractPipeline.copyInto(AbstractPipeline.java:509) ~[na:na]
	at java.base/java.util.stream.AbstractPipeline.wrapAndCopyInto(AbstractPipeline.java:499) ~[na:na]
	at java.base/java.util.stream.StreamSpliterators$WrappingSpliterator.forEachRemaining(StreamSpliterators.java:310) ~[na:na]
	at java.base/java.util.stream.Streams$ConcatSpliterator.forEachRemaining(Streams.java:735) ~[na:na]
	at java.base/java.util.stream.Streams$ConcatSpliterator.forEachRemaining(Streams.java:734) ~[na:na]
	at java.base/java.util.stream.ReferencePipeline$Head.forEach(ReferencePipeline.java:762) ~[na:na]
	at org.junit.jupiter.engine.descriptor.ClassBasedTestDescriptor.invokeTestInstancePostProcessors(ClassBasedTestDescriptor.java:377) ~[junit-jupiter-engine-5.10.1.jar:5.10.1]
	at org.junit.jupiter.engine.descriptor.ClassBasedTestDescriptor.lambda$instantiateAndPostProcessTestInstance$6(ClassBasedTestDescriptor.java:290) ~[junit-jupiter-engine-5.10.1.jar:5.10.1]
	at org.junit.platform.engine.support.hierarchical.ThrowableCollector.execute(ThrowableCollector.java:73) ~[junit-platform-engine-1.10.1.jar:1.10.1]
	at org.junit.jupiter.engine.descriptor.ClassBasedTestDescriptor.instantiateAndPostProcessTestInstance(ClassBasedTestDescriptor.java:289) ~[junit-jupiter-engine-5.10.1.jar:5.10.1]
	at org.junit.jupiter.engine.descriptor.ClassBasedTestDescriptor.lambda$testInstancesProvider$4(ClassBasedTestDescriptor.java:279) ~[junit-jupiter-engine-5.10.1.jar:5.10.1]
	at java.base/java.util.Optional.orElseGet(Optional.java:364) ~[na:na]
	at org.junit.jupiter.engine.descriptor.ClassBasedTestDescriptor.lambda$testInstancesProvider$5(ClassBasedTestDescriptor.java:278) ~[junit-jupiter-engine-5.10.1.jar:5.10.1]
	at org.junit.jupiter.engine.execution.TestInstancesProvider.getTestInstances(TestInstancesProvider.java:31) ~[junit-jupiter-engine-5.10.1.jar:5.10.1]
	at org.junit.jupiter.engine.descriptor.TestMethodTestDescriptor.lambda$prepare$0(TestMethodTestDescriptor.java:106) ~[junit-jupiter-engine-5.10.1.jar:5.10.1]
	at org.junit.platform.engine.support.hierarchical.ThrowableCollector.execute(ThrowableCollector.java:73) ~[junit-platform-engine-1.10.1.jar:1.10.1]
	at org.junit.jupiter.engine.descriptor.TestMethodTestDescriptor.prepare(TestMethodTestDescriptor.java:105) ~[junit-jupiter-engine-5.10.1.jar:5.10.1]
	at org.junit.jupiter.engine.descriptor.TestMethodTestDescriptor.prepare(TestMethodTestDescriptor.java:69) ~[junit-jupiter-engine-5.10.1.jar:5.10.1]
	at org.junit.platform.engine.support.hierarchical.NodeTestTask.lambda$prepare$2(NodeTestTask.java:123) ~[junit-platform-engine-1.10.1.jar:1.10.1]
	at org.junit.platform.engine.support.hierarchical.ThrowableCollector.execute(ThrowableCollector.java:73) ~[junit-platform-engine-1.10.1.jar:1.10.1]
	at org.junit.platform.engine.support.hierarchical.NodeTestTask.prepare(NodeTestTask.java:123) ~[junit-platform-engine-1.10.1.jar:1.10.1]
	at org.junit.platform.engine.support.hierarchical.NodeTestTask.execute(NodeTestTask.java:90) ~[junit-platform-engine-1.10.1.jar:1.10.1]
	at java.base/java.util.ArrayList.forEach(ArrayList.java:1596) ~[na:na]
	at org.junit.platform.engine.support.hierarchical.SameThreadHierarchicalTestExecutorService.invokeAll(SameThreadHierarchicalTestExecutorService.java:41) ~[junit-platform-engine-1.10.1.jar:1.10.1]
	at org.junit.platform.engine.support.hierarchical.NodeTestTask.lambda$executeRecursively$6(NodeTestTask.java:155) ~[junit-platform-engine-1.10.1.jar:1.10.1]
	at org.junit.platform.engine.support.hierarchical.ThrowableCollector.execute(ThrowableCollector.java:73) ~[junit-platform-engine-1.10.1.jar:1.10.1]
	at org.junit.platform.engine.support.hierarchical.NodeTestTask.lambda$executeRecursively$8(NodeTestTask.java:141) ~[junit-platform-engine-1.10.1.jar:1.10.1]
	at org.junit.platform.engine.support.hierarchical.Node.around(Node.java:137) ~[junit-platform-engine-1.10.1.jar:1.10.1]
	at org.junit.platform.engine.support.hierarchical.NodeTestTask.lambda$executeRecursively$9(NodeTestTask.java:139) ~[junit-platform-engine-1.10.1.jar:1.10.1]
	at org.junit.platform.engine.support.hierarchical.ThrowableCollector.execute(ThrowableCollector.java:73) ~[junit-platform-engine-1.10.1.jar:1.10.1]
	at org.junit.platform.engine.support.hierarchical.NodeTestTask.executeRecursively(NodeTestTask.java:138) ~[junit-platform-engine-1.10.1.jar:1.10.1]
	at org.junit.platform.engine.support.hierarchical.NodeTestTask.execute(NodeTestTask.java:95) ~[junit-platform-engine-1.10.1.jar:1.10.1]
	at java.base/java.util.ArrayList.forEach(ArrayList.java:1596) ~[na:na]
	at org.junit.platform.engine.support.hierarchical.SameThreadHierarchicalTestExecutorService.invokeAll(SameThreadHierarchicalTestExecutorService.java:41) ~[junit-platform-engine-1.10.1.jar:1.10.1]
	at org.junit.platform.engine.support.hierarchical.NodeTestTask.lambda$executeRecursively$6(NodeTestTask.java:155) ~[junit-platform-engine-1.10.1.jar:1.10.1]
	at org.junit.platform.engine.support.hierarchical.ThrowableCollector.execute(ThrowableCollector.java:73) ~[junit-platform-engine-1.10.1.jar:1.10.1]
	at org.junit.platform.engine.support.hierarchical.NodeTestTask.lambda$executeRecursively$8(NodeTestTask.java:141) ~[junit-platform-engine-1.10.1.jar:1.10.1]
	at org.junit.platform.engine.support.hierarchical.Node.around(Node.java:137) ~[junit-platform-engine-1.10.1.jar:1.10.1]
	at org.junit.platform.engine.support.hierarchical.NodeTestTask.lambda$executeRecursively$9(NodeTestTask.java:139) ~[junit-platform-engine-1.10.1.jar:1.10.1]
	at org.junit.platform.engine.support.hierarchical.ThrowableCollector.execute(ThrowableCollector.java:73) ~[junit-platform-engine-1.10.1.jar:1.10.1]
	at org.junit.platform.engine.support.hierarchical.NodeTestTask.executeRecursively(NodeTestTask.java:138) ~[junit-platform-engine-1.10.1.jar:1.10.1]
	at org.junit.platform.engine.support.hierarchical.NodeTestTask.execute(NodeTestTask.java:95) ~[junit-platform-engine-1.10.1.jar:1.10.1]
	at org.junit.platform.engine.support.hierarchical.SameThreadHierarchicalTestExecutorService.submit(SameThreadHierarchicalTestExecutorService.java:35) ~[junit-platform-engine-1.10.1.jar:1.10.1]
	at org.junit.platform.engine.support.hierarchical.HierarchicalTestExecutor.execute(HierarchicalTestExecutor.java:57) ~[junit-platform-engine-1.10.1.jar:1.10.1]
	at org.junit.platform.engine.support.hierarchical.HierarchicalTestEngine.execute(HierarchicalTestEngine.java:54) ~[junit-platform-engine-1.10.1.jar:1.10.1]
	at org.junit.platform.launcher.core.EngineExecutionOrchestrator.execute(EngineExecutionOrchestrator.java:198) ~[junit-platform-launcher-1.10.1.jar:1.10.1]
	at org.junit.platform.launcher.core.EngineExecutionOrchestrator.execute(EngineExecutionOrchestrator.java:169) ~[junit-platform-launcher-1.10.1.jar:1.10.1]
	at org.junit.platform.launcher.core.EngineExecutionOrchestrator.execute(EngineExecutionOrchestrator.java:93) ~[junit-platform-launcher-1.10.1.jar:1.10.1]
	at org.junit.platform.launcher.core.EngineExecutionOrchestrator.lambda$execute$0(EngineExecutionOrchestrator.java:58) ~[junit-platform-launcher-1.10.1.jar:1.10.1]
	at org.junit.platform.launcher.core.EngineExecutionOrchestrator.withInterceptedStreams(EngineExecutionOrchestrator.java:141) ~[junit-platform-launcher-1.10.1.jar:1.10.1]
	at org.junit.platform.launcher.core.EngineExecutionOrchestrator.execute(EngineExecutionOrchestrator.java:57) ~[junit-platform-launcher-1.10.1.jar:1.10.1]
	at org.junit.platform.launcher.core.DefaultLauncher.execute(DefaultLauncher.java:103) ~[junit-platform-launcher-1.10.1.jar:1.10.1]
	at org.junit.platform.launcher.core.DefaultLauncher.execute(DefaultLauncher.java:85) ~[junit-platform-launcher-1.10.1.jar:1.10.1]
	at org.junit.platform.launcher.core.DelegatingLauncher.execute(DelegatingLauncher.java:47) ~[junit-platform-launcher-1.10.1.jar:1.10.1]
	at org.apache.maven.surefire.junitplatform.LazyLauncher.execute(LazyLauncher.java:56) ~[surefire-junit-platform-3.2.5.jar:3.2.5]
	at org.apache.maven.surefire.junitplatform.JUnitPlatformProvider.execute(JUnitPlatformProvider.java:184) ~[surefire-junit-platform-3.2.5.jar:3.2.5]
	at org.apache.maven.surefire.junitplatform.JUnitPlatformProvider.invokeAllTests(JUnitPlatformProvider.java:148) ~[surefire-junit-platform-3.2.5.jar:3.2.5]
	at org.apache.maven.surefire.junitplatform.JUnitPlatformProvider.invoke(JUnitPlatformProvider.java:122) ~[surefire-junit-platform-3.2.5.jar:3.2.5]
	at org.apache.maven.surefire.booter.ForkedBooter.runSuitesInProcess(ForkedBooter.java:385) ~[surefire-booter-3.2.5.jar:3.2.5]
	at org.apache.maven.surefire.booter.ForkedBooter.execute(ForkedBooter.java:162) ~[surefire-booter-3.2.5.jar:3.2.5]
	at org.apache.maven.surefire.booter.ForkedBooter.run(ForkedBooter.java:507) ~[surefire-booter-3.2.5.jar:3.2.5]
	at org.apache.maven.surefire.booter.ForkedBooter.main(ForkedBooter.java:495) ~[surefire-booter-3.2.5.jar:3.2.5]
Caused by: org.h2.jdbc.JdbcSQLSyntaxErrorException: Erreur de syntaxe dans l'instruction SQL "\000d\000a    create table organizations (\000d\000a        is_active boolean not null,\000d\000a        created_at timestamp(6) not null,\000d\000a        id bigint generated by default as identity,\000d\000a        updated_at timestamp(6),\000d\000a        ""key"" varchar(64) not null,\000d\000a        name varchar(255) not null,\000d\000a        primary key (id),\000d\000a        constraint uk_organizations_key unique ([*]key)\000d\000a    )"; attendu "identifier"
Syntax error in SQL statement "\000d\000a    create table organizations (\000d\000a        is_active boolean not null,\000d\000a        created_at timestamp(6) not null,\000d\000a        id bigint generated by default as identity,\000d\000a        updated_at timestamp(6),\000d\000a        ""key"" varchar(64) not null,\000d\000a        name varchar(255) not null,\000d\000a        primary key (id),\000d\000a        constraint uk_organizations_key unique ([*]key)\000d\000a    )"; expected "identifier"; SQL statement:

    create table organizations (
        is_active boolean not null,
        created_at timestamp(6) not null,
        id bigint generated by default as identity,
        updated_at timestamp(6),
        "key" varchar(64) not null,
        name varchar(255) not null,
        primary key (id),
        constraint uk_organizations_key unique (key)
    ) [42001-224]
	at org.h2.message.DbException.getJdbcSQLException(DbException.java:514) ~[h2-2.2.224.jar:2.2.224]
	at org.h2.message.DbException.getJdbcSQLException(DbException.java:489) ~[h2-2.2.224.jar:2.2.224]
	at org.h2.message.DbException.getSyntaxError(DbException.java:261) ~[h2-2.2.224.jar:2.2.224]
	at org.h2.command.Parser.readIdentifier(Parser.java:5533) ~[h2-2.2.224.jar:2.2.224]
	at org.h2.command.Parser.parseIndexColumnList(Parser.java:1144) ~[h2-2.2.224.jar:2.2.224]
	at org.h2.command.Parser.parseTableConstraintIf(Parser.java:8760) ~[h2-2.2.224.jar:2.2.224]
	at org.h2.command.Parser.parseTableColumnDefinition(Parser.java:8989) ~[h2-2.2.224.jar:2.2.224]
	at org.h2.command.Parser.parseCreateTable(Parser.java:8939) ~[h2-2.2.224.jar:2.2.224]
	at org.h2.command.Parser.parseCreate(Parser.java:6404) ~[h2-2.2.224.jar:2.2.224]
	at org.h2.command.Parser.parsePrepared(Parser.java:666) ~[h2-2.2.224.jar:2.2.224]
	at org.h2.command.Parser.parse(Parser.java:592) ~[h2-2.2.224.jar:2.2.224]
	at org.h2.command.Parser.parse(Parser.java:564) ~[h2-2.2.224.jar:2.2.224]
	at org.h2.command.Parser.prepareCommand(Parser.java:483) ~[h2-2.2.224.jar:2.2.224]
	at org.h2.engine.SessionLocal.prepareLocal(SessionLocal.java:639) ~[h2-2.2.224.jar:2.2.224]
	at org.h2.engine.SessionLocal.prepareCommand(SessionLocal.java:559) ~[h2-2.2.224.jar:2.2.224]
	at org.h2.jdbc.JdbcConnection.prepareCommand(JdbcConnection.java:1166) ~[h2-2.2.224.jar:2.2.224]
	at org.h2.jdbc.JdbcStatement.executeInternal(JdbcStatement.java:245) ~[h2-2.2.224.jar:2.2.224]
	at org.h2.jdbc.JdbcStatement.execute(JdbcStatement.java:231) ~[h2-2.2.224.jar:2.2.224]
	at com.zaxxer.hikari.pool.ProxyStatement.execute(ProxyStatement.java:94) ~[HikariCP-5.1.0.jar:na]
	at com.zaxxer.hikari.pool.HikariProxyStatement.execute(HikariProxyStatement.java) ~[HikariCP-5.1.0.jar:na]
	at org.hibernate.tool.schema.internal.exec.GenerationTargetToDatabase.accept(GenerationTargetToDatabase.java:80) ~[hibernate-core-6.5.2.Final.jar:6.5.2.Final]
	... 117 common frames omitted

2026-01-10T16:18:49.379+01:00 DEBUG 23900 --- [webapp-test] [           main] org.hibernate.SQL                        : 
    create table password_tokens (
        expires_at timestamp(6) with time zone not null,
        id bigint generated by default as identity,
        used_at timestamp(6) with time zone,
        user_id bigint not null,
        token_hash varchar(44) not null,
        created_ip varchar(45),
        user_agent varchar(255),
        primary key (id)
    )
Hibernate: 
    create table password_tokens (
        expires_at timestamp(6) with time zone not null,
        id bigint generated by default as identity,
        used_at timestamp(6) with time zone,
        user_id bigint not null,
        token_hash varchar(44) not null,
        created_ip varchar(45),
        user_agent varchar(255),
        primary key (id)
    )
2026-01-10T16:18:49.380+01:00 DEBUG 23900 --- [webapp-test] [           main] org.hibernate.SQL                        : 
    create table person_attributes (
        is_pending_delete tinyint(1) default 0 not null,
        attribute_id bigint not null,
        id bigint generated by default as identity,
        organization_id bigint not null,
        person_id bigint not null,
        valid_from timestamp(6) not null,
        valid_to timestamp(6),
        value varchar(255),
        primary key (id)
    )
Hibernate: 
    create table person_attributes (
        is_pending_delete tinyint(1) default 0 not null,
        attribute_id bigint not null,
        id bigint generated by default as identity,
        organization_id bigint not null,
        person_id bigint not null,
        valid_from timestamp(6) not null,
        valid_to timestamp(6),
        value varchar(255),
        primary key (id)
    )
2026-01-10T16:18:49.381+01:00  WARN 23900 --- [webapp-test] [           main] o.h.t.s.i.ExceptionHandlerLoggedImpl     : GenerationTarget encountered exception accepting command : Error executing DDL "
    create table person_attributes (
        is_pending_delete tinyint(1) default 0 not null,
        attribute_id bigint not null,
        id bigint generated by default as identity,
        organization_id bigint not null,
        person_id bigint not null,
        valid_from timestamp(6) not null,
        valid_to timestamp(6),
        value varchar(255),
        primary key (id)
    )" via JDBC [Erreur de syntaxe dans l'instruction SQL "\000d\000a    create table person_attributes (\000d\000a        is_pending_delete tinyint[*](1) default 0 not null,\000d\000a        attribute_id bigint not null,\000d\000a        id bigint generated by default as identity,\000d\000a        organization_id bigint not null,\000d\000a        person_id bigint not null,\000d\000a        valid_from timestamp(6) not null,\000d\000a        valid_to timestamp(6),\000d\000a        value varchar(255),\000d\000a        primary key (id)\000d\000a    )"; attendu "ARRAY, INVISIBLE, VISIBLE, NOT NULL, DEFAULT, GENERATED, ON UPDATE, NOT NULL, DEFAULT ON NULL, SEQUENCE, SELECTIVITY, COMMENT, CONSTRAINT, COMMENT, PRIMARY KEY, UNIQUE, NOT NULL, CHECK, REFERENCES, ,, )"
Syntax error in SQL statement "\000d\000a    create table person_attributes (\000d\000a        is_pending_delete tinyint[*](1) default 0 not null,\000d\000a        attribute_id bigint not null,\000d\000a        id bigint generated by default as identity,\000d\000a        organization_id bigint not null,\000d\000a        person_id bigint not null,\000d\000a        valid_from timestamp(6) not null,\000d\000a        valid_to timestamp(6),\000d\000a        value varchar(255),\000d\000a        primary key (id)\000d\000a    )"; expected "ARRAY, INVISIBLE, VISIBLE, NOT NULL, DEFAULT, GENERATED, ON UPDATE, NOT NULL, DEFAULT ON NULL, SEQUENCE, SELECTIVITY, COMMENT, CONSTRAINT, COMMENT, PRIMARY KEY, UNIQUE, NOT NULL, CHECK, REFERENCES, ,, )";]

org.hibernate.tool.schema.spi.CommandAcceptanceException: Error executing DDL "
    create table person_attributes (
        is_pending_delete tinyint(1) default 0 not null,
        attribute_id bigint not null,
        id bigint generated by default as identity,
        organization_id bigint not null,
        person_id bigint not null,
        valid_from timestamp(6) not null,
        valid_to timestamp(6),
        value varchar(255),
        primary key (id)
    )" via JDBC [Erreur de syntaxe dans l'instruction SQL "\000d\000a    create table person_attributes (\000d\000a        is_pending_delete tinyint[*](1) default 0 not null,\000d\000a        attribute_id bigint not null,\000d\000a        id bigint generated by default as identity,\000d\000a        organization_id bigint not null,\000d\000a        person_id bigint not null,\000d\000a        valid_from timestamp(6) not null,\000d\000a        valid_to timestamp(6),\000d\000a        value varchar(255),\000d\000a        primary key (id)\000d\000a    )"; attendu "ARRAY, INVISIBLE, VISIBLE, NOT NULL, DEFAULT, GENERATED, ON UPDATE, NOT NULL, DEFAULT ON NULL, SEQUENCE, SELECTIVITY, COMMENT, CONSTRAINT, COMMENT, PRIMARY KEY, UNIQUE, NOT NULL, CHECK, REFERENCES, ,, )"
Syntax error in SQL statement "\000d\000a    create table person_attributes (\000d\000a        is_pending_delete tinyint[*](1) default 0 not null,\000d\000a        attribute_id bigint not null,\000d\000a        id bigint generated by default as identity,\000d\000a        organization_id bigint not null,\000d\000a        person_id bigint not null,\000d\000a        valid_from timestamp(6) not null,\000d\000a        valid_to timestamp(6),\000d\000a        value varchar(255),\000d\000a        primary key (id)\000d\000a    )"; expected "ARRAY, INVISIBLE, VISIBLE, NOT NULL, DEFAULT, GENERATED, ON UPDATE, NOT NULL, DEFAULT ON NULL, SEQUENCE, SELECTIVITY, COMMENT, CONSTRAINT, COMMENT, PRIMARY KEY, UNIQUE, NOT NULL, CHECK, REFERENCES, ,, )";]
	at org.hibernate.tool.schema.internal.exec.GenerationTargetToDatabase.accept(GenerationTargetToDatabase.java:94) ~[hibernate-core-6.5.2.Final.jar:6.5.2.Final]
	at org.hibernate.tool.schema.internal.Helper.applySqlString(Helper.java:233) ~[hibernate-core-6.5.2.Final.jar:6.5.2.Final]
	at org.hibernate.tool.schema.internal.Helper.applySqlStrings(Helper.java:217) ~[hibernate-core-6.5.2.Final.jar:6.5.2.Final]
	at org.hibernate.tool.schema.internal.SchemaCreatorImpl.createTables(SchemaCreatorImpl.java:428) ~[hibernate-core-6.5.2.Final.jar:6.5.2.Final]
	at org.hibernate.tool.schema.internal.SchemaCreatorImpl.createSequencesTablesConstraints(SchemaCreatorImpl.java:344) ~[hibernate-core-6.5.2.Final.jar:6.5.2.Final]
	at org.hibernate.tool.schema.internal.SchemaCreatorImpl.createFromMetadata(SchemaCreatorImpl.java:239) ~[hibernate-core-6.5.2.Final.jar:6.5.2.Final]
	at org.hibernate.tool.schema.internal.SchemaCreatorImpl.performCreation(SchemaCreatorImpl.java:172) ~[hibernate-core-6.5.2.Final.jar:6.5.2.Final]
	at org.hibernate.tool.schema.internal.SchemaCreatorImpl.doCreation(SchemaCreatorImpl.java:142) ~[hibernate-core-6.5.2.Final.jar:6.5.2.Final]
	at org.hibernate.tool.schema.internal.SchemaCreatorImpl.doCreation(SchemaCreatorImpl.java:118) ~[hibernate-core-6.5.2.Final.jar:6.5.2.Final]
	at org.hibernate.tool.schema.spi.SchemaManagementToolCoordinator.performDatabaseAction(SchemaManagementToolCoordinator.java:250) ~[hibernate-core-6.5.2.Final.jar:6.5.2.Final]
	at org.hibernate.tool.schema.spi.SchemaManagementToolCoordinator.lambda$process$5(SchemaManagementToolCoordinator.java:144) ~[hibernate-core-6.5.2.Final.jar:6.5.2.Final]
	at java.base/java.util.HashMap.forEach(HashMap.java:1429) ~[na:na]
	at org.hibernate.tool.schema.spi.SchemaManagementToolCoordinator.process(SchemaManagementToolCoordinator.java:141) ~[hibernate-core-6.5.2.Final.jar:6.5.2.Final]
	at org.hibernate.boot.internal.SessionFactoryObserverForSchemaExport.sessionFactoryCreated(SessionFactoryObserverForSchemaExport.java:37) ~[hibernate-core-6.5.2.Final.jar:6.5.2.Final]
	at org.hibernate.internal.SessionFactoryObserverChain.sessionFactoryCreated(SessionFactoryObserverChain.java:35) ~[hibernate-core-6.5.2.Final.jar:6.5.2.Final]
	at org.hibernate.internal.SessionFactoryImpl.<init>(SessionFactoryImpl.java:322) ~[hibernate-core-6.5.2.Final.jar:6.5.2.Final]
	at org.hibernate.boot.internal.SessionFactoryBuilderImpl.build(SessionFactoryBuilderImpl.java:457) ~[hibernate-core-6.5.2.Final.jar:6.5.2.Final]
	at org.hibernate.jpa.boot.internal.EntityManagerFactoryBuilderImpl.build(EntityManagerFactoryBuilderImpl.java:1506) ~[hibernate-core-6.5.2.Final.jar:6.5.2.Final]
	at org.springframework.orm.jpa.vendor.SpringHibernateJpaPersistenceProvider.createContainerEntityManagerFactory(SpringHibernateJpaPersistenceProvider.java:75) ~[spring-orm-6.1.7.jar:6.1.7]
	at org.springframework.orm.jpa.LocalContainerEntityManagerFactoryBean.createNativeEntityManagerFactory(LocalContainerEntityManagerFactoryBean.java:390) ~[spring-orm-6.1.7.jar:6.1.7]
	at org.springframework.orm.jpa.AbstractEntityManagerFactoryBean.buildNativeEntityManagerFactory(AbstractEntityManagerFactoryBean.java:409) ~[spring-orm-6.1.7.jar:6.1.7]
	at org.springframework.orm.jpa.AbstractEntityManagerFactoryBean.afterPropertiesSet(AbstractEntityManagerFactoryBean.java:396) ~[spring-orm-6.1.7.jar:6.1.7]
	at org.springframework.orm.jpa.LocalContainerEntityManagerFactoryBean.afterPropertiesSet(LocalContainerEntityManagerFactoryBean.java:366) ~[spring-orm-6.1.7.jar:6.1.7]
	at org.springframework.beans.factory.support.AbstractAutowireCapableBeanFactory.invokeInitMethods(AbstractAutowireCapableBeanFactory.java:1833) ~[spring-beans-6.1.6.jar:6.1.6]
	at org.springframework.beans.factory.support.AbstractAutowireCapableBeanFactory.initializeBean(AbstractAutowireCapableBeanFactory.java:1782) ~[spring-beans-6.1.6.jar:6.1.6]
	at org.springframework.beans.factory.support.AbstractAutowireCapableBeanFactory.doCreateBean(AbstractAutowireCapableBeanFactory.java:600) ~[spring-beans-6.1.6.jar:6.1.6]
	at org.springframework.beans.factory.support.AbstractAutowireCapableBeanFactory.createBean(AbstractAutowireCapableBeanFactory.java:522) ~[spring-beans-6.1.6.jar:6.1.6]
	at org.springframework.beans.factory.support.AbstractBeanFactory.lambda$doGetBean$0(AbstractBeanFactory.java:326) ~[spring-beans-6.1.6.jar:6.1.6]
	at org.springframework.beans.factory.support.DefaultSingletonBeanRegistry.getSingleton(DefaultSingletonBeanRegistry.java:234) ~[spring-beans-6.1.6.jar:6.1.6]
	at org.springframework.beans.factory.support.AbstractBeanFactory.doGetBean(AbstractBeanFactory.java:324) ~[spring-beans-6.1.6.jar:6.1.6]
	at org.springframework.beans.factory.support.AbstractBeanFactory.getBean(AbstractBeanFactory.java:205) ~[spring-beans-6.1.6.jar:6.1.6]
	at org.springframework.context.support.AbstractApplicationContext.finishBeanFactoryInitialization(AbstractApplicationContext.java:952) ~[spring-context-6.1.7.jar:6.1.7]
	at org.springframework.context.support.AbstractApplicationContext.refresh(AbstractApplicationContext.java:624) ~[spring-context-6.1.7.jar:6.1.7]
	at org.springframework.boot.SpringApplication.refresh(SpringApplication.java:754) ~[spring-boot-3.3.1.jar:3.3.1]
	at org.springframework.boot.SpringApplication.refreshContext(SpringApplication.java:456) ~[spring-boot-3.3.1.jar:3.3.1]
	at org.springframework.boot.SpringApplication.run(SpringApplication.java:335) ~[spring-boot-3.3.1.jar:3.3.1]
	at org.springframework.boot.test.context.SpringBootContextLoader.lambda$loadContext$3(SpringBootContextLoader.java:137) ~[spring-boot-test-3.3.1.jar:3.3.1]
	at org.springframework.util.function.ThrowingSupplier.get(ThrowingSupplier.java:58) ~[spring-core-6.1.7.jar:6.1.7]
	at org.springframework.util.function.ThrowingSupplier.get(ThrowingSupplier.java:46) ~[spring-core-6.1.7.jar:6.1.7]
	at org.springframework.boot.SpringApplication.withHook(SpringApplication.java:1463) ~[spring-boot-3.3.1.jar:3.3.1]
	at org.springframework.boot.test.context.SpringBootContextLoader$ContextLoaderHook.run(SpringBootContextLoader.java:553) ~[spring-boot-test-3.3.1.jar:3.3.1]
	at org.springframework.boot.test.context.SpringBootContextLoader.loadContext(SpringBootContextLoader.java:137) ~[spring-boot-test-3.3.1.jar:3.3.1]
	at org.springframework.boot.test.context.SpringBootContextLoader.loadContext(SpringBootContextLoader.java:108) ~[spring-boot-test-3.3.1.jar:3.3.1]
	at org.springframework.test.context.cache.DefaultCacheAwareContextLoaderDelegate.loadContextInternal(DefaultCacheAwareContextLoaderDelegate.java:225) ~[spring-test-6.1.7.jar:6.1.7]
	at org.springframework.test.context.cache.DefaultCacheAwareContextLoaderDelegate.loadContext(DefaultCacheAwareContextLoaderDelegate.java:152) ~[spring-test-6.1.7.jar:6.1.7]
	at org.springframework.test.context.support.DefaultTestContext.getApplicationContext(DefaultTestContext.java:130) ~[spring-test-6.1.7.jar:6.1.7]
	at org.springframework.test.context.web.ServletTestExecutionListener.setUpRequestContextIfNecessary(ServletTestExecutionListener.java:191) ~[spring-test-6.1.7.jar:6.1.7]
	at org.springframework.test.context.web.ServletTestExecutionListener.prepareTestInstance(ServletTestExecutionListener.java:130) ~[spring-test-6.1.7.jar:6.1.7]
	at org.springframework.test.context.TestContextManager.prepareTestInstance(TestContextManager.java:260) ~[spring-test-6.1.7.jar:6.1.7]
	at org.springframework.test.context.junit.jupiter.SpringExtension.postProcessTestInstance(SpringExtension.java:163) ~[spring-test-6.1.7.jar:6.1.7]
	at org.junit.jupiter.engine.descriptor.ClassBasedTestDescriptor.lambda$invokeTestInstancePostProcessors$10(ClassBasedTestDescriptor.java:378) ~[junit-jupiter-engine-5.10.1.jar:5.10.1]
	at org.junit.jupiter.engine.descriptor.ClassBasedTestDescriptor.executeAndMaskThrowable(ClassBasedTestDescriptor.java:383) ~[junit-jupiter-engine-5.10.1.jar:5.10.1]
	at org.junit.jupiter.engine.descriptor.ClassBasedTestDescriptor.lambda$invokeTestInstancePostProcessors$11(ClassBasedTestDescriptor.java:378) ~[junit-jupiter-engine-5.10.1.jar:5.10.1]
	at java.base/java.util.stream.ReferencePipeline$3$1.accept(ReferencePipeline.java:197) ~[na:na]
	at java.base/java.util.stream.ReferencePipeline$2$1.accept(ReferencePipeline.java:179) ~[na:na]
	at java.base/java.util.ArrayList$ArrayListSpliterator.forEachRemaining(ArrayList.java:1708) ~[na:na]
	at java.base/java.util.stream.AbstractPipeline.copyInto(AbstractPipeline.java:509) ~[na:na]
	at java.base/java.util.stream.AbstractPipeline.wrapAndCopyInto(AbstractPipeline.java:499) ~[na:na]
	at java.base/java.util.stream.StreamSpliterators$WrappingSpliterator.forEachRemaining(StreamSpliterators.java:310) ~[na:na]
	at java.base/java.util.stream.Streams$ConcatSpliterator.forEachRemaining(Streams.java:735) ~[na:na]
	at java.base/java.util.stream.Streams$ConcatSpliterator.forEachRemaining(Streams.java:734) ~[na:na]
	at java.base/java.util.stream.ReferencePipeline$Head.forEach(ReferencePipeline.java:762) ~[na:na]
	at org.junit.jupiter.engine.descriptor.ClassBasedTestDescriptor.invokeTestInstancePostProcessors(ClassBasedTestDescriptor.java:377) ~[junit-jupiter-engine-5.10.1.jar:5.10.1]
	at org.junit.jupiter.engine.descriptor.ClassBasedTestDescriptor.lambda$instantiateAndPostProcessTestInstance$6(ClassBasedTestDescriptor.java:290) ~[junit-jupiter-engine-5.10.1.jar:5.10.1]
	at org.junit.platform.engine.support.hierarchical.ThrowableCollector.execute(ThrowableCollector.java:73) ~[junit-platform-engine-1.10.1.jar:1.10.1]
	at org.junit.jupiter.engine.descriptor.ClassBasedTestDescriptor.instantiateAndPostProcessTestInstance(ClassBasedTestDescriptor.java:289) ~[junit-jupiter-engine-5.10.1.jar:5.10.1]
	at org.junit.jupiter.engine.descriptor.ClassBasedTestDescriptor.lambda$testInstancesProvider$4(ClassBasedTestDescriptor.java:279) ~[junit-jupiter-engine-5.10.1.jar:5.10.1]
	at java.base/java.util.Optional.orElseGet(Optional.java:364) ~[na:na]
	at org.junit.jupiter.engine.descriptor.ClassBasedTestDescriptor.lambda$testInstancesProvider$5(ClassBasedTestDescriptor.java:278) ~[junit-jupiter-engine-5.10.1.jar:5.10.1]
	at org.junit.jupiter.engine.execution.TestInstancesProvider.getTestInstances(TestInstancesProvider.java:31) ~[junit-jupiter-engine-5.10.1.jar:5.10.1]
	at org.junit.jupiter.engine.descriptor.TestMethodTestDescriptor.lambda$prepare$0(TestMethodTestDescriptor.java:106) ~[junit-jupiter-engine-5.10.1.jar:5.10.1]
	at org.junit.platform.engine.support.hierarchical.ThrowableCollector.execute(ThrowableCollector.java:73) ~[junit-platform-engine-1.10.1.jar:1.10.1]
	at org.junit.jupiter.engine.descriptor.TestMethodTestDescriptor.prepare(TestMethodTestDescriptor.java:105) ~[junit-jupiter-engine-5.10.1.jar:5.10.1]
	at org.junit.jupiter.engine.descriptor.TestMethodTestDescriptor.prepare(TestMethodTestDescriptor.java:69) ~[junit-jupiter-engine-5.10.1.jar:5.10.1]
	at org.junit.platform.engine.support.hierarchical.NodeTestTask.lambda$prepare$2(NodeTestTask.java:123) ~[junit-platform-engine-1.10.1.jar:1.10.1]
	at org.junit.platform.engine.support.hierarchical.ThrowableCollector.execute(ThrowableCollector.java:73) ~[junit-platform-engine-1.10.1.jar:1.10.1]
	at org.junit.platform.engine.support.hierarchical.NodeTestTask.prepare(NodeTestTask.java:123) ~[junit-platform-engine-1.10.1.jar:1.10.1]
	at org.junit.platform.engine.support.hierarchical.NodeTestTask.execute(NodeTestTask.java:90) ~[junit-platform-engine-1.10.1.jar:1.10.1]
	at java.base/java.util.ArrayList.forEach(ArrayList.java:1596) ~[na:na]
	at org.junit.platform.engine.support.hierarchical.SameThreadHierarchicalTestExecutorService.invokeAll(SameThreadHierarchicalTestExecutorService.java:41) ~[junit-platform-engine-1.10.1.jar:1.10.1]
	at org.junit.platform.engine.support.hierarchical.NodeTestTask.lambda$executeRecursively$6(NodeTestTask.java:155) ~[junit-platform-engine-1.10.1.jar:1.10.1]
	at org.junit.platform.engine.support.hierarchical.ThrowableCollector.execute(ThrowableCollector.java:73) ~[junit-platform-engine-1.10.1.jar:1.10.1]
	at org.junit.platform.engine.support.hierarchical.NodeTestTask.lambda$executeRecursively$8(NodeTestTask.java:141) ~[junit-platform-engine-1.10.1.jar:1.10.1]
	at org.junit.platform.engine.support.hierarchical.Node.around(Node.java:137) ~[junit-platform-engine-1.10.1.jar:1.10.1]
	at org.junit.platform.engine.support.hierarchical.NodeTestTask.lambda$executeRecursively$9(NodeTestTask.java:139) ~[junit-platform-engine-1.10.1.jar:1.10.1]
	at org.junit.platform.engine.support.hierarchical.ThrowableCollector.execute(ThrowableCollector.java:73) ~[junit-platform-engine-1.10.1.jar:1.10.1]
	at org.junit.platform.engine.support.hierarchical.NodeTestTask.executeRecursively(NodeTestTask.java:138) ~[junit-platform-engine-1.10.1.jar:1.10.1]
	at org.junit.platform.engine.support.hierarchical.NodeTestTask.execute(NodeTestTask.java:95) ~[junit-platform-engine-1.10.1.jar:1.10.1]
	at java.base/java.util.ArrayList.forEach(ArrayList.java:1596) ~[na:na]
	at org.junit.platform.engine.support.hierarchical.SameThreadHierarchicalTestExecutorService.invokeAll(SameThreadHierarchicalTestExecutorService.java:41) ~[junit-platform-engine-1.10.1.jar:1.10.1]
	at org.junit.platform.engine.support.hierarchical.NodeTestTask.lambda$executeRecursively$6(NodeTestTask.java:155) ~[junit-platform-engine-1.10.1.jar:1.10.1]
	at org.junit.platform.engine.support.hierarchical.ThrowableCollector.execute(ThrowableCollector.java:73) ~[junit-platform-engine-1.10.1.jar:1.10.1]
	at org.junit.platform.engine.support.hierarchical.NodeTestTask.lambda$executeRecursively$8(NodeTestTask.java:141) ~[junit-platform-engine-1.10.1.jar:1.10.1]
	at org.junit.platform.engine.support.hierarchical.Node.around(Node.java:137) ~[junit-platform-engine-1.10.1.jar:1.10.1]
	at org.junit.platform.engine.support.hierarchical.NodeTestTask.lambda$executeRecursively$9(NodeTestTask.java:139) ~[junit-platform-engine-1.10.1.jar:1.10.1]
	at org.junit.platform.engine.support.hierarchical.ThrowableCollector.execute(ThrowableCollector.java:73) ~[junit-platform-engine-1.10.1.jar:1.10.1]
	at org.junit.platform.engine.support.hierarchical.NodeTestTask.executeRecursively(NodeTestTask.java:138) ~[junit-platform-engine-1.10.1.jar:1.10.1]
	at org.junit.platform.engine.support.hierarchical.NodeTestTask.execute(NodeTestTask.java:95) ~[junit-platform-engine-1.10.1.jar:1.10.1]
	at org.junit.platform.engine.support.hierarchical.SameThreadHierarchicalTestExecutorService.submit(SameThreadHierarchicalTestExecutorService.java:35) ~[junit-platform-engine-1.10.1.jar:1.10.1]
	at org.junit.platform.engine.support.hierarchical.HierarchicalTestExecutor.execute(HierarchicalTestExecutor.java:57) ~[junit-platform-engine-1.10.1.jar:1.10.1]
	at org.junit.platform.engine.support.hierarchical.HierarchicalTestEngine.execute(HierarchicalTestEngine.java:54) ~[junit-platform-engine-1.10.1.jar:1.10.1]
	at org.junit.platform.launcher.core.EngineExecutionOrchestrator.execute(EngineExecutionOrchestrator.java:198) ~[junit-platform-launcher-1.10.1.jar:1.10.1]
	at org.junit.platform.launcher.core.EngineExecutionOrchestrator.execute(EngineExecutionOrchestrator.java:169) ~[junit-platform-launcher-1.10.1.jar:1.10.1]
	at org.junit.platform.launcher.core.EngineExecutionOrchestrator.execute(EngineExecutionOrchestrator.java:93) ~[junit-platform-launcher-1.10.1.jar:1.10.1]
	at org.junit.platform.launcher.core.EngineExecutionOrchestrator.lambda$execute$0(EngineExecutionOrchestrator.java:58) ~[junit-platform-launcher-1.10.1.jar:1.10.1]
	at org.junit.platform.launcher.core.EngineExecutionOrchestrator.withInterceptedStreams(EngineExecutionOrchestrator.java:141) ~[junit-platform-launcher-1.10.1.jar:1.10.1]
	at org.junit.platform.launcher.core.EngineExecutionOrchestrator.execute(EngineExecutionOrchestrator.java:57) ~[junit-platform-launcher-1.10.1.jar:1.10.1]
	at org.junit.platform.launcher.core.DefaultLauncher.execute(DefaultLauncher.java:103) ~[junit-platform-launcher-1.10.1.jar:1.10.1]
	at org.junit.platform.launcher.core.DefaultLauncher.execute(DefaultLauncher.java:85) ~[junit-platform-launcher-1.10.1.jar:1.10.1]
	at org.junit.platform.launcher.core.DelegatingLauncher.execute(DelegatingLauncher.java:47) ~[junit-platform-launcher-1.10.1.jar:1.10.1]
	at org.apache.maven.surefire.junitplatform.LazyLauncher.execute(LazyLauncher.java:56) ~[surefire-junit-platform-3.2.5.jar:3.2.5]
	at org.apache.maven.surefire.junitplatform.JUnitPlatformProvider.execute(JUnitPlatformProvider.java:184) ~[surefire-junit-platform-3.2.5.jar:3.2.5]
	at org.apache.maven.surefire.junitplatform.JUnitPlatformProvider.invokeAllTests(JUnitPlatformProvider.java:148) ~[surefire-junit-platform-3.2.5.jar:3.2.5]
	at org.apache.maven.surefire.junitplatform.JUnitPlatformProvider.invoke(JUnitPlatformProvider.java:122) ~[surefire-junit-platform-3.2.5.jar:3.2.5]
	at org.apache.maven.surefire.booter.ForkedBooter.runSuitesInProcess(ForkedBooter.java:385) ~[surefire-booter-3.2.5.jar:3.2.5]
	at org.apache.maven.surefire.booter.ForkedBooter.execute(ForkedBooter.java:162) ~[surefire-booter-3.2.5.jar:3.2.5]
	at org.apache.maven.surefire.booter.ForkedBooter.run(ForkedBooter.java:507) ~[surefire-booter-3.2.5.jar:3.2.5]
	at org.apache.maven.surefire.booter.ForkedBooter.main(ForkedBooter.java:495) ~[surefire-booter-3.2.5.jar:3.2.5]
Caused by: org.h2.jdbc.JdbcSQLSyntaxErrorException: Erreur de syntaxe dans l'instruction SQL "\000d\000a    create table person_attributes (\000d\000a        is_pending_delete tinyint[*](1) default 0 not null,\000d\000a        attribute_id bigint not null,\000d\000a        id bigint generated by default as identity,\000d\000a        organization_id bigint not null,\000d\000a        person_id bigint not null,\000d\000a        valid_from timestamp(6) not null,\000d\000a        valid_to timestamp(6),\000d\000a        value varchar(255),\000d\000a        primary key (id)\000d\000a    )"; attendu "ARRAY, INVISIBLE, VISIBLE, NOT NULL, DEFAULT, GENERATED, ON UPDATE, NOT NULL, DEFAULT ON NULL, SEQUENCE, SELECTIVITY, COMMENT, CONSTRAINT, COMMENT, PRIMARY KEY, UNIQUE, NOT NULL, CHECK, REFERENCES, ,, )"
Syntax error in SQL statement "\000d\000a    create table person_attributes (\000d\000a        is_pending_delete tinyint[*](1) default 0 not null,\000d\000a        attribute_id bigint not null,\000d\000a        id bigint generated by default as identity,\000d\000a        organization_id bigint not null,\000d\000a        person_id bigint not null,\000d\000a        valid_from timestamp(6) not null,\000d\000a        valid_to timestamp(6),\000d\000a        value varchar(255),\000d\000a        primary key (id)\000d\000a    )"; expected "ARRAY, INVISIBLE, VISIBLE, NOT NULL, DEFAULT, GENERATED, ON UPDATE, NOT NULL, DEFAULT ON NULL, SEQUENCE, SELECTIVITY, COMMENT, CONSTRAINT, COMMENT, PRIMARY KEY, UNIQUE, NOT NULL, CHECK, REFERENCES, ,, )"; SQL statement:

    create table person_attributes (
        is_pending_delete tinyint(1) default 0 not null,
        attribute_id bigint not null,
        id bigint generated by default as identity,
        organization_id bigint not null,
        person_id bigint not null,
        valid_from timestamp(6) not null,
        valid_to timestamp(6),
        value varchar(255),
        primary key (id)
    ) [42001-224]
	at org.h2.message.DbException.getJdbcSQLException(DbException.java:514) ~[h2-2.2.224.jar:2.2.224]
	at org.h2.message.DbException.getJdbcSQLException(DbException.java:489) ~[h2-2.2.224.jar:2.2.224]
	at org.h2.message.DbException.getSyntaxError(DbException.java:261) ~[h2-2.2.224.jar:2.2.224]
	at org.h2.command.ParserBase.getSyntaxError(ParserBase.java:750) ~[h2-2.2.224.jar:2.2.224]
	at org.h2.command.ParserBase.read(ParserBase.java:357) ~[h2-2.2.224.jar:2.2.224]
	at org.h2.command.ParserBase.readIfMore(ParserBase.java:625) ~[h2-2.2.224.jar:2.2.224]
	at org.h2.command.Parser.parseCreateTable(Parser.java:8940) ~[h2-2.2.224.jar:2.2.224]
	at org.h2.command.Parser.parseCreate(Parser.java:6404) ~[h2-2.2.224.jar:2.2.224]
	at org.h2.command.Parser.parsePrepared(Parser.java:666) ~[h2-2.2.224.jar:2.2.224]
	at org.h2.command.Parser.parse(Parser.java:592) ~[h2-2.2.224.jar:2.2.224]
	at org.h2.command.Parser.parse(Parser.java:569) ~[h2-2.2.224.jar:2.2.224]
	at org.h2.command.Parser.prepareCommand(Parser.java:483) ~[h2-2.2.224.jar:2.2.224]
	at org.h2.engine.SessionLocal.prepareLocal(SessionLocal.java:639) ~[h2-2.2.224.jar:2.2.224]
	at org.h2.engine.SessionLocal.prepareCommand(SessionLocal.java:559) ~[h2-2.2.224.jar:2.2.224]
	at org.h2.jdbc.JdbcConnection.prepareCommand(JdbcConnection.java:1166) ~[h2-2.2.224.jar:2.2.224]
	at org.h2.jdbc.JdbcStatement.executeInternal(JdbcStatement.java:245) ~[h2-2.2.224.jar:2.2.224]
	at org.h2.jdbc.JdbcStatement.execute(JdbcStatement.java:231) ~[h2-2.2.224.jar:2.2.224]
	at com.zaxxer.hikari.pool.ProxyStatement.execute(ProxyStatement.java:94) ~[HikariCP-5.1.0.jar:na]
	at com.zaxxer.hikari.pool.HikariProxyStatement.execute(HikariProxyStatement.java) ~[HikariCP-5.1.0.jar:na]
	at org.hibernate.tool.schema.internal.exec.GenerationTargetToDatabase.accept(GenerationTargetToDatabase.java:80) ~[hibernate-core-6.5.2.Final.jar:6.5.2.Final]
	... 117 common frames omitted

2026-01-10T16:18:49.382+01:00 DEBUG 23900 --- [webapp-test] [           main] org.hibernate.SQL                        : 
    create table person_emails (
        is_active boolean not null,
        is_primary boolean not null,
        bounced_at timestamp(6),
        created_at timestamp(6) not null,
        id bigint generated by default as identity,
        organization_id bigint not null,
        person_id bigint not null,
        updated_at timestamp(6) not null,
        verified_at timestamp(6),
        email varchar(320) not null,
        source_label varchar(255),
        kind enum ('OTHER','PERSONAL','WORK') not null,
        source_kind enum ('IMPORT','MANUAL','SYNC') not null,
        primary key (id),
        constraint uq_pe_person_email unique (person_id, organization_id, email)
    )
Hibernate: 
    create table person_emails (
        is_active boolean not null,
        is_primary boolean not null,
        bounced_at timestamp(6),
        created_at timestamp(6) not null,
        id bigint generated by default as identity,
        organization_id bigint not null,
        person_id bigint not null,
        updated_at timestamp(6) not null,
        verified_at timestamp(6),
        email varchar(320) not null,
        source_label varchar(255),
        kind enum ('OTHER','PERSONAL','WORK') not null,
        source_kind enum ('IMPORT','MANUAL','SYNC') not null,
        primary key (id),
        constraint uq_pe_person_email unique (person_id, organization_id, email)
    )
2026-01-10T16:18:49.384+01:00 DEBUG 23900 --- [webapp-test] [           main] org.hibernate.SQL                        : 
    create table persons (
        id bigint generated by default as identity,
        organization_id bigint not null,
        primary key (id),
        unique (id, organization_id)
    )
Hibernate: 
    create table persons (
        id bigint generated by default as identity,
        organization_id bigint not null,
        primary key (id),
        unique (id, organization_id)
    )
2026-01-10T16:18:49.386+01:00 DEBUG 23900 --- [webapp-test] [           main] org.hibernate.SQL                        : 
    create table photo_reports (
        created_at timestamp(6) not null,
        id bigint generated by default as identity,
        organization_id bigint not null,
        person_id bigint not null,
        reported_by bigint not null,
        reason_text varchar(255),
        reason_type enum ('BLURRY','FACE_NOT_VISIBLE','INAPPROPRIATE','NOT_REPRESENTATIVE','OTHER','PRIVACY') not null,
        primary key (id)
    )
Hibernate: 
    create table photo_reports (
        created_at timestamp(6) not null,
        id bigint generated by default as identity,
        organization_id bigint not null,
        person_id bigint not null,
        reported_by bigint not null,
        reason_text varchar(255),
        reason_type enum ('BLURRY','FACE_NOT_VISIBLE','INAPPROPRIATE','NOT_REPRESENTATIVE','OTHER','PRIVACY') not null,
        primary key (id)
    )
2026-01-10T16:18:49.389+01:00 DEBUG 23900 --- [webapp-test] [           main] org.hibernate.SQL                        : 
    create table photos (
        approved_at timestamp(6),
        approved_by bigint,
        id bigint generated by default as identity,
        organization_id bigint not null,
        person_id bigint not null,
        submitted_at timestamp(6) not null,
        submitted_by bigint not null,
        storage_key varchar(255) not null,
        status ENUM('PENDING','APPROVED') not null,
        primary key (id)
    )
Hibernate: 
    create table photos (
        approved_at timestamp(6),
        approved_by bigint,
        id bigint generated by default as identity,
        organization_id bigint not null,
        person_id bigint not null,
        submitted_at timestamp(6) not null,
        submitted_by bigint not null,
        storage_key varchar(255) not null,
        status ENUM('PENDING','APPROVED') not null,
        primary key (id)
    )
2026-01-10T16:18:49.391+01:00 DEBUG 23900 --- [webapp-test] [           main] org.hibernate.SQL                        : 
    create table user_emails (
        is_login_allowed boolean not null,
        is_primary boolean not null,
        is_recovery_allowed boolean not null,
        added_at timestamp(6) not null,
        id bigint generated by default as identity,
        recovery_eligible_at timestamp(6),
        updated_at timestamp(6) not null,
        user_id bigint not null,
        verified_at timestamp(6),
        email varchar(320) not null,
        primary key (id),
        constraint uq_user_emails_email unique (email)
    )
Hibernate: 
    create table user_emails (
        is_login_allowed boolean not null,
        is_primary boolean not null,
        is_recovery_allowed boolean not null,
        added_at timestamp(6) not null,
        id bigint generated by default as identity,
        recovery_eligible_at timestamp(6),
        updated_at timestamp(6) not null,
        user_id bigint not null,
        verified_at timestamp(6),
        email varchar(320) not null,
        primary key (id),
        constraint uq_user_emails_email unique (email)
    )
2026-01-10T16:18:49.392+01:00 DEBUG 23900 --- [webapp-test] [           main] org.hibernate.SQL                        : 
    create table user_identities (
        enabled boolean not null,
        created_at timestamp(6) not null,
        id bigint generated by default as identity,
        last_used_at timestamp(6),
        updated_at timestamp(6) not null,
        user_id bigint not null,
        provider_subject varchar(191),
        password_hash varchar(255),
        provider enum ('APPLE','GITHUB','GOOGLE','LOCAL','OIDC') not null,
        primary key (id),
        constraint uq_ui_user_provider unique (user_id, provider),
        constraint uq_ui_provider_subject unique (provider, provider_subject)
    )
Hibernate: 
    create table user_identities (
        enabled boolean not null,
        created_at timestamp(6) not null,
        id bigint generated by default as identity,
        last_used_at timestamp(6),
        updated_at timestamp(6) not null,
        user_id bigint not null,
        provider_subject varchar(191),
        password_hash varchar(255),
        provider enum ('APPLE','GITHUB','GOOGLE','LOCAL','OIDC') not null,
        primary key (id),
        constraint uq_ui_user_provider unique (user_id, provider),
        constraint uq_ui_provider_subject unique (provider, provider_subject)
    )
2026-01-10T16:18:49.393+01:00 DEBUG 23900 --- [webapp-test] [           main] org.hibernate.SQL                        : 
    create table user_organizations (
        can_create_person boolean not null,
        can_pick_person boolean not null,
        create_requires_approval boolean not null,
        pick_requires_approval boolean not null,
        created_at timestamp(6) not null,
        organization_id bigint not null,
        person_id bigint,
        preferred_email_id bigint,
        user_id bigint not null,
        display_name varchar(80),
        person_link_status enum ('APPROVED','NONE','PENDING','REJECTED') not null,
        role enum ('ADMIN','EDITOR','OWNER','VIEWER') not null,
        status enum ('ACTIVE','LEFT','PENDING','SUSPENDED') not null,
        constraint uq_uo_org_user primary key (organization_id, user_id),
        constraint uq_uo_org_person unique (organization_id, person_id)
    )
Hibernate: 
    create table user_organizations (
        can_create_person boolean not null,
        can_pick_person boolean not null,
        create_requires_approval boolean not null,
        pick_requires_approval boolean not null,
        created_at timestamp(6) not null,
        organization_id bigint not null,
        person_id bigint,
        preferred_email_id bigint,
        user_id bigint not null,
        display_name varchar(80),
        person_link_status enum ('APPROVED','NONE','PENDING','REJECTED') not null,
        role enum ('ADMIN','EDITOR','OWNER','VIEWER') not null,
        status enum ('ACTIVE','LEFT','PENDING','SUSPENDED') not null,
        constraint uq_uo_org_user primary key (organization_id, user_id),
        constraint uq_uo_org_person unique (organization_id, person_id)
    )
2026-01-10T16:18:49.395+01:00 DEBUG 23900 --- [webapp-test] [           main] org.hibernate.SQL                        : 
    create table user_refresh_tokens (
        created_at timestamp(6) not null,
        expires_at timestamp(6) not null,
        id bigint generated by default as identity,
        last_used_at timestamp(6),
        revoked_at timestamp(6),
        user_id bigint not null,
        ip_created varchar(45),
        ip_last_used varchar(45),
        replaced_by_token_id varchar(64),
        revoke_reason varchar(64),
        token_id varchar(64) not null,
        device_id varchar(128),
        device_name varchar(128),
        family_id BINARY(16) not null,
        token_hash BINARY(32) not null,
        user_agent varchar(255),
        primary key (id),
        constraint uq_urt_token_id unique (token_id),
        constraint uq_urt_token_hash unique (token_hash)
    )
Hibernate: 
    create table user_refresh_tokens (
        created_at timestamp(6) not null,
        expires_at timestamp(6) not null,
        id bigint generated by default as identity,
        last_used_at timestamp(6),
        revoked_at timestamp(6),
        user_id bigint not null,
        ip_created varchar(45),
        ip_last_used varchar(45),
        replaced_by_token_id varchar(64),
        revoke_reason varchar(64),
        token_id varchar(64) not null,
        device_id varchar(128),
        device_name varchar(128),
        family_id BINARY(16) not null,
        token_hash BINARY(32) not null,
        user_agent varchar(255),
        primary key (id),
        constraint uq_urt_token_id unique (token_id),
        constraint uq_urt_token_hash unique (token_hash)
    )
2026-01-10T16:18:49.397+01:00 DEBUG 23900 --- [webapp-test] [           main] org.hibernate.SQL                        : 
    create table user_subscriptions (
        created_at TIMESTAMP DEFAULT CURRENT_TIMESTAMP not null,
        organization_id bigint not null,
        person_id bigint not null,
        user_id bigint not null,
        primary key (person_id, user_id)
    )
Hibernate: 
    create table user_subscriptions (
        created_at TIMESTAMP DEFAULT CURRENT_TIMESTAMP not null,
        organization_id bigint not null,
        person_id bigint not null,
        user_id bigint not null,
        primary key (person_id, user_id)
    )
2026-01-10T16:18:49.397+01:00 DEBUG 23900 --- [webapp-test] [           main] org.hibernate.SQL                        : 
    create table users (
        active boolean not null,
        auth_version integer not null,
        auth_updated_at timestamp(6) not null,
        id bigint generated by default as identity,
        display_name varchar(50) not null unique,
        public_id BINARY(16) not null unique,
        roles varchar(255) not null,
        srs_algorithm enum ('FSRS','PFA','SM2') not null,
        primary key (id)
    )
Hibernate: 
    create table users (
        active boolean not null,
        auth_version integer not null,
        auth_updated_at timestamp(6) not null,
        id bigint generated by default as identity,
        display_name varchar(50) not null unique,
        public_id BINARY(16) not null unique,
        roles varchar(255) not null,
        srs_algorithm enum ('FSRS','PFA','SM2') not null,
        primary key (id)
    )
2026-01-10T16:18:49.398+01:00 DEBUG 23900 --- [webapp-test] [           main] org.hibernate.SQL                        : 
    create table xp_events (
        delta_xp integer not null,
        created_at timestamp(6) not null,
        id bigint generated by default as identity,
        organization_id bigint not null,
        source_id bigint,
        user_id bigint not null,
        source_type varchar(32) not null,
        event_key varchar(64) not null,
        event_id BINARY(16) not null,
        primary key (id)
    )
Hibernate: 
    create table xp_events (
        delta_xp integer not null,
        created_at timestamp(6) not null,
        id bigint generated by default as identity,
        organization_id bigint not null,
        source_id bigint,
        user_id bigint not null,
        source_type varchar(32) not null,
        event_key varchar(64) not null,
        event_id BINARY(16) not null,
        primary key (id)
    )
2026-01-10T16:18:49.399+01:00 DEBUG 23900 --- [webapp-test] [           main] org.hibernate.SQL                        : 
    create index idx_cqh_course_round 
       on course_question_history (course_id, question_round)
Hibernate: 
    create index idx_cqh_course_round 
       on course_question_history (course_id, question_round)
2026-01-10T16:18:49.400+01:00 DEBUG 23900 --- [webapp-test] [           main] org.hibernate.SQL                        : 
    create index idx_cqh_course_answered 
       on course_question_history (course_id, answered_at)
Hibernate: 
    create index idx_cqh_course_answered 
       on course_question_history (course_id, answered_at)
2026-01-10T16:18:49.400+01:00 DEBUG 23900 --- [webapp-test] [           main] org.hibernate.SQL                        : 
    create index idx_cqh_answered_at 
       on course_question_history (answered_at)
Hibernate: 
    create index idx_cqh_answered_at 
       on course_question_history (answered_at)
2026-01-10T16:18:49.400+01:00 DEBUG 23900 --- [webapp-test] [           main] org.hibernate.SQL                        : 
    create index idx_cqh_course_correct 
       on course_question_history (course_id, global_correct)
Hibernate: 
    create index idx_cqh_course_correct 
       on course_question_history (course_id, global_correct)
2026-01-10T16:18:49.401+01:00 DEBUG 23900 --- [webapp-test] [           main] org.hibernate.SQL                        : 
    create index idx_cqh_org 
       on course_question_history (organization_id)
Hibernate: 
    create index idx_cqh_org 
       on course_question_history (organization_id)
2026-01-10T16:18:49.401+01:00 DEBUG 23900 --- [webapp-test] [           main] org.hibernate.SQL                        : 
    create index idx_cqh_course_org 
       on course_question_history (course_id, organization_id)
Hibernate: 
    create index idx_cqh_course_org 
       on course_question_history (course_id, organization_id)
2026-01-10T16:18:49.401+01:00 DEBUG 23900 --- [webapp-test] [           main] org.hibernate.SQL                        : 
    create index idx_crs_course 
       on course_recent_stats (organization_id, course_id)
Hibernate: 
    create index idx_crs_course 
       on course_recent_stats (organization_id, course_id)
2026-01-10T16:18:49.402+01:00 DEBUG 23900 --- [webapp-test] [           main] org.hibernate.SQL                        : 
    create index ix_evt_user_email 
       on email_verification_tokens (user_id, email)
Hibernate: 
    create index ix_evt_user_email 
       on email_verification_tokens (user_id, email)
2026-01-10T16:18:49.402+01:00 DEBUG 23900 --- [webapp-test] [           main] org.hibernate.SQL                        : 
    create index ix_evt_expires 
       on email_verification_tokens (expires_at, consumed_at)
Hibernate: 
    create index ix_evt_expires 
       on email_verification_tokens (expires_at, consumed_at)
2026-01-10T16:18:49.403+01:00 DEBUG 23900 --- [webapp-test] [           main] org.hibernate.SQL                        : 
    create index ix_evt_last_sent 
       on email_verification_tokens (last_sent_at)
Hibernate: 
    create index ix_evt_last_sent 
       on email_verification_tokens (last_sent_at)
2026-01-10T16:18:49.403+01:00 DEBUG 23900 --- [webapp-test] [           main] org.hibernate.SQL                        : 
    create index ix_usage_org_time 
       on invitation_usages (organization_id, used_at)
Hibernate: 
    create index ix_usage_org_time 
       on invitation_usages (organization_id, used_at)
2026-01-10T16:18:49.404+01:00 DEBUG 23900 --- [webapp-test] [           main] org.hibernate.SQL                        : 
    create index ix_usage_org_user 
       on invitation_usages (organization_id, user_id)
Hibernate: 
    create index ix_usage_org_user 
       on invitation_usages (organization_id, user_id)
2026-01-10T16:18:49.404+01:00 DEBUG 23900 --- [webapp-test] [           main] org.hibernate.SQL                        : 
    create index ix_usage_org_inv 
       on invitation_usages (organization_id, invitation_id)
Hibernate: 
    create index ix_usage_org_inv 
       on invitation_usages (organization_id, invitation_id)
2026-01-10T16:18:49.405+01:00 DEBUG 23900 --- [webapp-test] [           main] org.hibernate.SQL                        : 
    create index ix_invit_org_type 
       on invitations (organization_id, type)
Hibernate: 
    create index ix_invit_org_type 
       on invitations (organization_id, type)
2026-01-10T16:18:49.405+01:00 DEBUG 23900 --- [webapp-test] [           main] org.hibernate.SQL                        : 
    create index ix_invit_org_email 
       on invitations (organization_id, email)
Hibernate: 
    create index ix_invit_org_email 
       on invitations (organization_id, email)
2026-01-10T16:18:49.406+01:00 DEBUG 23900 --- [webapp-test] [           main] org.hibernate.SQL                        : 
    create index ix_invit_org_expires 
       on invitations (organization_id, expires_at, revoked_at)
Hibernate: 
    create index ix_invit_org_expires 
       on invitations (organization_id, expires_at, revoked_at)
2026-01-10T16:18:49.406+01:00 DEBUG 23900 --- [webapp-test] [           main] org.hibernate.SQL                        : 
    create index ix_invit_org_person 
       on invitations (organization_id, person_id)
Hibernate: 
    create index ix_invit_org_person 
       on invitations (organization_id, person_id)
2026-01-10T16:18:49.407+01:00 DEBUG 23900 --- [webapp-test] [           main] org.hibernate.SQL                        : 
    create index idx_ks_select 
       on knowledge_stats (organization_id, user_id, game_mode_id, error_streak, avg_rt_recent, last_answer_at)
Hibernate: 
    create index idx_ks_select 
       on knowledge_stats (organization_id, user_id, game_mode_id, error_streak, avg_rt_recent, last_answer_at)
2026-01-10T16:18:49.407+01:00 DEBUG 23900 --- [webapp-test] [           main] org.hibernate.SQL                        : 
    create index idx_ks_person 
       on knowledge_stats (organization_id, user_id, game_mode_id, person_id)
Hibernate: 
    create index idx_ks_person 
       on knowledge_stats (organization_id, user_id, game_mode_id, person_id)
2026-01-10T16:18:49.407+01:00 DEBUG 23900 --- [webapp-test] [           main] org.hibernate.SQL                        : 
    create index idx_lb_org_xp 
       on leaderboard_stats (organization_id, xp)
Hibernate: 
    create index idx_lb_org_xp 
       on leaderboard_stats (organization_id, xp)
2026-01-10T16:18:49.408+01:00 DEBUG 23900 --- [webapp-test] [           main] org.hibernate.SQL                        : 
    create index idx_lb_org_correct 
       on leaderboard_stats (organization_id, correct_answers)
Hibernate: 
    create index idx_lb_org_correct 
       on leaderboard_stats (organization_id, correct_answers)
2026-01-10T16:18:49.408+01:00 DEBUG 23900 --- [webapp-test] [           main] org.hibernate.SQL                        : 
    create index idx_organizations_active 
       on organizations (is_active)
Hibernate: 
    create index idx_organizations_active 
       on organizations (is_active)
2026-01-10T16:18:49.408+01:00  WARN 23900 --- [webapp-test] [           main] o.h.t.s.i.ExceptionHandlerLoggedImpl     : GenerationTarget encountered exception accepting command : Error executing DDL "
    create index idx_organizations_active 
       on organizations (is_active)" via JDBC [Table "ORGANIZATIONS" non trouvée
Table "ORGANIZATIONS" not found;]

org.hibernate.tool.schema.spi.CommandAcceptanceException: Error executing DDL "
    create index idx_organizations_active 
       on organizations (is_active)" via JDBC [Table "ORGANIZATIONS" non trouvée
Table "ORGANIZATIONS" not found;]
	at org.hibernate.tool.schema.internal.exec.GenerationTargetToDatabase.accept(GenerationTargetToDatabase.java:94) ~[hibernate-core-6.5.2.Final.jar:6.5.2.Final]
	at org.hibernate.tool.schema.internal.Helper.applySqlString(Helper.java:233) ~[hibernate-core-6.5.2.Final.jar:6.5.2.Final]
	at org.hibernate.tool.schema.internal.Helper.applySqlStrings(Helper.java:217) ~[hibernate-core-6.5.2.Final.jar:6.5.2.Final]
	at org.hibernate.tool.schema.internal.SchemaCreatorImpl.createTableConstraints(SchemaCreatorImpl.java:390) ~[hibernate-core-6.5.2.Final.jar:6.5.2.Final]
	at org.hibernate.tool.schema.internal.SchemaCreatorImpl.createSequencesTablesConstraints(SchemaCreatorImpl.java:356) ~[hibernate-core-6.5.2.Final.jar:6.5.2.Final]
	at org.hibernate.tool.schema.internal.SchemaCreatorImpl.createFromMetadata(SchemaCreatorImpl.java:239) ~[hibernate-core-6.5.2.Final.jar:6.5.2.Final]
	at org.hibernate.tool.schema.internal.SchemaCreatorImpl.performCreation(SchemaCreatorImpl.java:172) ~[hibernate-core-6.5.2.Final.jar:6.5.2.Final]
	at org.hibernate.tool.schema.internal.SchemaCreatorImpl.doCreation(SchemaCreatorImpl.java:142) ~[hibernate-core-6.5.2.Final.jar:6.5.2.Final]
	at org.hibernate.tool.schema.internal.SchemaCreatorImpl.doCreation(SchemaCreatorImpl.java:118) ~[hibernate-core-6.5.2.Final.jar:6.5.2.Final]
	at org.hibernate.tool.schema.spi.SchemaManagementToolCoordinator.performDatabaseAction(SchemaManagementToolCoordinator.java:250) ~[hibernate-core-6.5.2.Final.jar:6.5.2.Final]
	at org.hibernate.tool.schema.spi.SchemaManagementToolCoordinator.lambda$process$5(SchemaManagementToolCoordinator.java:144) ~[hibernate-core-6.5.2.Final.jar:6.5.2.Final]
	at java.base/java.util.HashMap.forEach(HashMap.java:1429) ~[na:na]
	at org.hibernate.tool.schema.spi.SchemaManagementToolCoordinator.process(SchemaManagementToolCoordinator.java:141) ~[hibernate-core-6.5.2.Final.jar:6.5.2.Final]
	at org.hibernate.boot.internal.SessionFactoryObserverForSchemaExport.sessionFactoryCreated(SessionFactoryObserverForSchemaExport.java:37) ~[hibernate-core-6.5.2.Final.jar:6.5.2.Final]
	at org.hibernate.internal.SessionFactoryObserverChain.sessionFactoryCreated(SessionFactoryObserverChain.java:35) ~[hibernate-core-6.5.2.Final.jar:6.5.2.Final]
	at org.hibernate.internal.SessionFactoryImpl.<init>(SessionFactoryImpl.java:322) ~[hibernate-core-6.5.2.Final.jar:6.5.2.Final]
	at org.hibernate.boot.internal.SessionFactoryBuilderImpl.build(SessionFactoryBuilderImpl.java:457) ~[hibernate-core-6.5.2.Final.jar:6.5.2.Final]
	at org.hibernate.jpa.boot.internal.EntityManagerFactoryBuilderImpl.build(EntityManagerFactoryBuilderImpl.java:1506) ~[hibernate-core-6.5.2.Final.jar:6.5.2.Final]
	at org.springframework.orm.jpa.vendor.SpringHibernateJpaPersistenceProvider.createContainerEntityManagerFactory(SpringHibernateJpaPersistenceProvider.java:75) ~[spring-orm-6.1.7.jar:6.1.7]
	at org.springframework.orm.jpa.LocalContainerEntityManagerFactoryBean.createNativeEntityManagerFactory(LocalContainerEntityManagerFactoryBean.java:390) ~[spring-orm-6.1.7.jar:6.1.7]
	at org.springframework.orm.jpa.AbstractEntityManagerFactoryBean.buildNativeEntityManagerFactory(AbstractEntityManagerFactoryBean.java:409) ~[spring-orm-6.1.7.jar:6.1.7]
	at org.springframework.orm.jpa.AbstractEntityManagerFactoryBean.afterPropertiesSet(AbstractEntityManagerFactoryBean.java:396) ~[spring-orm-6.1.7.jar:6.1.7]
	at org.springframework.orm.jpa.LocalContainerEntityManagerFactoryBean.afterPropertiesSet(LocalContainerEntityManagerFactoryBean.java:366) ~[spring-orm-6.1.7.jar:6.1.7]
	at org.springframework.beans.factory.support.AbstractAutowireCapableBeanFactory.invokeInitMethods(AbstractAutowireCapableBeanFactory.java:1833) ~[spring-beans-6.1.6.jar:6.1.6]
	at org.springframework.beans.factory.support.AbstractAutowireCapableBeanFactory.initializeBean(AbstractAutowireCapableBeanFactory.java:1782) ~[spring-beans-6.1.6.jar:6.1.6]
	at org.springframework.beans.factory.support.AbstractAutowireCapableBeanFactory.doCreateBean(AbstractAutowireCapableBeanFactory.java:600) ~[spring-beans-6.1.6.jar:6.1.6]
	at org.springframework.beans.factory.support.AbstractAutowireCapableBeanFactory.createBean(AbstractAutowireCapableBeanFactory.java:522) ~[spring-beans-6.1.6.jar:6.1.6]
	at org.springframework.beans.factory.support.AbstractBeanFactory.lambda$doGetBean$0(AbstractBeanFactory.java:326) ~[spring-beans-6.1.6.jar:6.1.6]
	at org.springframework.beans.factory.support.DefaultSingletonBeanRegistry.getSingleton(DefaultSingletonBeanRegistry.java:234) ~[spring-beans-6.1.6.jar:6.1.6]
	at org.springframework.beans.factory.support.AbstractBeanFactory.doGetBean(AbstractBeanFactory.java:324) ~[spring-beans-6.1.6.jar:6.1.6]
	at org.springframework.beans.factory.support.AbstractBeanFactory.getBean(AbstractBeanFactory.java:205) ~[spring-beans-6.1.6.jar:6.1.6]
	at org.springframework.context.support.AbstractApplicationContext.finishBeanFactoryInitialization(AbstractApplicationContext.java:952) ~[spring-context-6.1.7.jar:6.1.7]
	at org.springframework.context.support.AbstractApplicationContext.refresh(AbstractApplicationContext.java:624) ~[spring-context-6.1.7.jar:6.1.7]
	at org.springframework.boot.SpringApplication.refresh(SpringApplication.java:754) ~[spring-boot-3.3.1.jar:3.3.1]
	at org.springframework.boot.SpringApplication.refreshContext(SpringApplication.java:456) ~[spring-boot-3.3.1.jar:3.3.1]
	at org.springframework.boot.SpringApplication.run(SpringApplication.java:335) ~[spring-boot-3.3.1.jar:3.3.1]
	at org.springframework.boot.test.context.SpringBootContextLoader.lambda$loadContext$3(SpringBootContextLoader.java:137) ~[spring-boot-test-3.3.1.jar:3.3.1]
	at org.springframework.util.function.ThrowingSupplier.get(ThrowingSupplier.java:58) ~[spring-core-6.1.7.jar:6.1.7]
	at org.springframework.util.function.ThrowingSupplier.get(ThrowingSupplier.java:46) ~[spring-core-6.1.7.jar:6.1.7]
	at org.springframework.boot.SpringApplication.withHook(SpringApplication.java:1463) ~[spring-boot-3.3.1.jar:3.3.1]
	at org.springframework.boot.test.context.SpringBootContextLoader$ContextLoaderHook.run(SpringBootContextLoader.java:553) ~[spring-boot-test-3.3.1.jar:3.3.1]
	at org.springframework.boot.test.context.SpringBootContextLoader.loadContext(SpringBootContextLoader.java:137) ~[spring-boot-test-3.3.1.jar:3.3.1]
	at org.springframework.boot.test.context.SpringBootContextLoader.loadContext(SpringBootContextLoader.java:108) ~[spring-boot-test-3.3.1.jar:3.3.1]
	at org.springframework.test.context.cache.DefaultCacheAwareContextLoaderDelegate.loadContextInternal(DefaultCacheAwareContextLoaderDelegate.java:225) ~[spring-test-6.1.7.jar:6.1.7]
	at org.springframework.test.context.cache.DefaultCacheAwareContextLoaderDelegate.loadContext(DefaultCacheAwareContextLoaderDelegate.java:152) ~[spring-test-6.1.7.jar:6.1.7]
	at org.springframework.test.context.support.DefaultTestContext.getApplicationContext(DefaultTestContext.java:130) ~[spring-test-6.1.7.jar:6.1.7]
	at org.springframework.test.context.web.ServletTestExecutionListener.setUpRequestContextIfNecessary(ServletTestExecutionListener.java:191) ~[spring-test-6.1.7.jar:6.1.7]
	at org.springframework.test.context.web.ServletTestExecutionListener.prepareTestInstance(ServletTestExecutionListener.java:130) ~[spring-test-6.1.7.jar:6.1.7]
	at org.springframework.test.context.TestContextManager.prepareTestInstance(TestContextManager.java:260) ~[spring-test-6.1.7.jar:6.1.7]
	at org.springframework.test.context.junit.jupiter.SpringExtension.postProcessTestInstance(SpringExtension.java:163) ~[spring-test-6.1.7.jar:6.1.7]
	at org.junit.jupiter.engine.descriptor.ClassBasedTestDescriptor.lambda$invokeTestInstancePostProcessors$10(ClassBasedTestDescriptor.java:378) ~[junit-jupiter-engine-5.10.1.jar:5.10.1]
	at org.junit.jupiter.engine.descriptor.ClassBasedTestDescriptor.executeAndMaskThrowable(ClassBasedTestDescriptor.java:383) ~[junit-jupiter-engine-5.10.1.jar:5.10.1]
	at org.junit.jupiter.engine.descriptor.ClassBasedTestDescriptor.lambda$invokeTestInstancePostProcessors$11(ClassBasedTestDescriptor.java:378) ~[junit-jupiter-engine-5.10.1.jar:5.10.1]
	at java.base/java.util.stream.ReferencePipeline$3$1.accept(ReferencePipeline.java:197) ~[na:na]
	at java.base/java.util.stream.ReferencePipeline$2$1.accept(ReferencePipeline.java:179) ~[na:na]
	at java.base/java.util.ArrayList$ArrayListSpliterator.forEachRemaining(ArrayList.java:1708) ~[na:na]
	at java.base/java.util.stream.AbstractPipeline.copyInto(AbstractPipeline.java:509) ~[na:na]
	at java.base/java.util.stream.AbstractPipeline.wrapAndCopyInto(AbstractPipeline.java:499) ~[na:na]
	at java.base/java.util.stream.StreamSpliterators$WrappingSpliterator.forEachRemaining(StreamSpliterators.java:310) ~[na:na]
	at java.base/java.util.stream.Streams$ConcatSpliterator.forEachRemaining(Streams.java:735) ~[na:na]
	at java.base/java.util.stream.Streams$ConcatSpliterator.forEachRemaining(Streams.java:734) ~[na:na]
	at java.base/java.util.stream.ReferencePipeline$Head.forEach(ReferencePipeline.java:762) ~[na:na]
	at org.junit.jupiter.engine.descriptor.ClassBasedTestDescriptor.invokeTestInstancePostProcessors(ClassBasedTestDescriptor.java:377) ~[junit-jupiter-engine-5.10.1.jar:5.10.1]
	at org.junit.jupiter.engine.descriptor.ClassBasedTestDescriptor.lambda$instantiateAndPostProcessTestInstance$6(ClassBasedTestDescriptor.java:290) ~[junit-jupiter-engine-5.10.1.jar:5.10.1]
	at org.junit.platform.engine.support.hierarchical.ThrowableCollector.execute(ThrowableCollector.java:73) ~[junit-platform-engine-1.10.1.jar:1.10.1]
	at org.junit.jupiter.engine.descriptor.ClassBasedTestDescriptor.instantiateAndPostProcessTestInstance(ClassBasedTestDescriptor.java:289) ~[junit-jupiter-engine-5.10.1.jar:5.10.1]
	at org.junit.jupiter.engine.descriptor.ClassBasedTestDescriptor.lambda$testInstancesProvider$4(ClassBasedTestDescriptor.java:279) ~[junit-jupiter-engine-5.10.1.jar:5.10.1]
	at java.base/java.util.Optional.orElseGet(Optional.java:364) ~[na:na]
	at org.junit.jupiter.engine.descriptor.ClassBasedTestDescriptor.lambda$testInstancesProvider$5(ClassBasedTestDescriptor.java:278) ~[junit-jupiter-engine-5.10.1.jar:5.10.1]
	at org.junit.jupiter.engine.execution.TestInstancesProvider.getTestInstances(TestInstancesProvider.java:31) ~[junit-jupiter-engine-5.10.1.jar:5.10.1]
	at org.junit.jupiter.engine.descriptor.TestMethodTestDescriptor.lambda$prepare$0(TestMethodTestDescriptor.java:106) ~[junit-jupiter-engine-5.10.1.jar:5.10.1]
	at org.junit.platform.engine.support.hierarchical.ThrowableCollector.execute(ThrowableCollector.java:73) ~[junit-platform-engine-1.10.1.jar:1.10.1]
	at org.junit.jupiter.engine.descriptor.TestMethodTestDescriptor.prepare(TestMethodTestDescriptor.java:105) ~[junit-jupiter-engine-5.10.1.jar:5.10.1]
	at org.junit.jupiter.engine.descriptor.TestMethodTestDescriptor.prepare(TestMethodTestDescriptor.java:69) ~[junit-jupiter-engine-5.10.1.jar:5.10.1]
	at org.junit.platform.engine.support.hierarchical.NodeTestTask.lambda$prepare$2(NodeTestTask.java:123) ~[junit-platform-engine-1.10.1.jar:1.10.1]
	at org.junit.platform.engine.support.hierarchical.ThrowableCollector.execute(ThrowableCollector.java:73) ~[junit-platform-engine-1.10.1.jar:1.10.1]
	at org.junit.platform.engine.support.hierarchical.NodeTestTask.prepare(NodeTestTask.java:123) ~[junit-platform-engine-1.10.1.jar:1.10.1]
	at org.junit.platform.engine.support.hierarchical.NodeTestTask.execute(NodeTestTask.java:90) ~[junit-platform-engine-1.10.1.jar:1.10.1]
	at java.base/java.util.ArrayList.forEach(ArrayList.java:1596) ~[na:na]
	at org.junit.platform.engine.support.hierarchical.SameThreadHierarchicalTestExecutorService.invokeAll(SameThreadHierarchicalTestExecutorService.java:41) ~[junit-platform-engine-1.10.1.jar:1.10.1]
	at org.junit.platform.engine.support.hierarchical.NodeTestTask.lambda$executeRecursively$6(NodeTestTask.java:155) ~[junit-platform-engine-1.10.1.jar:1.10.1]
	at org.junit.platform.engine.support.hierarchical.ThrowableCollector.execute(ThrowableCollector.java:73) ~[junit-platform-engine-1.10.1.jar:1.10.1]
	at org.junit.platform.engine.support.hierarchical.NodeTestTask.lambda$executeRecursively$8(NodeTestTask.java:141) ~[junit-platform-engine-1.10.1.jar:1.10.1]
	at org.junit.platform.engine.support.hierarchical.Node.around(Node.java:137) ~[junit-platform-engine-1.10.1.jar:1.10.1]
	at org.junit.platform.engine.support.hierarchical.NodeTestTask.lambda$executeRecursively$9(NodeTestTask.java:139) ~[junit-platform-engine-1.10.1.jar:1.10.1]
	at org.junit.platform.engine.support.hierarchical.ThrowableCollector.execute(ThrowableCollector.java:73) ~[junit-platform-engine-1.10.1.jar:1.10.1]
	at org.junit.platform.engine.support.hierarchical.NodeTestTask.executeRecursively(NodeTestTask.java:138) ~[junit-platform-engine-1.10.1.jar:1.10.1]
	at org.junit.platform.engine.support.hierarchical.NodeTestTask.execute(NodeTestTask.java:95) ~[junit-platform-engine-1.10.1.jar:1.10.1]
	at java.base/java.util.ArrayList.forEach(ArrayList.java:1596) ~[na:na]
	at org.junit.platform.engine.support.hierarchical.SameThreadHierarchicalTestExecutorService.invokeAll(SameThreadHierarchicalTestExecutorService.java:41) ~[junit-platform-engine-1.10.1.jar:1.10.1]
	at org.junit.platform.engine.support.hierarchical.NodeTestTask.lambda$executeRecursively$6(NodeTestTask.java:155) ~[junit-platform-engine-1.10.1.jar:1.10.1]
	at org.junit.platform.engine.support.hierarchical.ThrowableCollector.execute(ThrowableCollector.java:73) ~[junit-platform-engine-1.10.1.jar:1.10.1]
	at org.junit.platform.engine.support.hierarchical.NodeTestTask.lambda$executeRecursively$8(NodeTestTask.java:141) ~[junit-platform-engine-1.10.1.jar:1.10.1]
	at org.junit.platform.engine.support.hierarchical.Node.around(Node.java:137) ~[junit-platform-engine-1.10.1.jar:1.10.1]
	at org.junit.platform.engine.support.hierarchical.NodeTestTask.lambda$executeRecursively$9(NodeTestTask.java:139) ~[junit-platform-engine-1.10.1.jar:1.10.1]
	at org.junit.platform.engine.support.hierarchical.ThrowableCollector.execute(ThrowableCollector.java:73) ~[junit-platform-engine-1.10.1.jar:1.10.1]
	at org.junit.platform.engine.support.hierarchical.NodeTestTask.executeRecursively(NodeTestTask.java:138) ~[junit-platform-engine-1.10.1.jar:1.10.1]
	at org.junit.platform.engine.support.hierarchical.NodeTestTask.execute(NodeTestTask.java:95) ~[junit-platform-engine-1.10.1.jar:1.10.1]
	at org.junit.platform.engine.support.hierarchical.SameThreadHierarchicalTestExecutorService.submit(SameThreadHierarchicalTestExecutorService.java:35) ~[junit-platform-engine-1.10.1.jar:1.10.1]
	at org.junit.platform.engine.support.hierarchical.HierarchicalTestExecutor.execute(HierarchicalTestExecutor.java:57) ~[junit-platform-engine-1.10.1.jar:1.10.1]
	at org.junit.platform.engine.support.hierarchical.HierarchicalTestEngine.execute(HierarchicalTestEngine.java:54) ~[junit-platform-engine-1.10.1.jar:1.10.1]
	at org.junit.platform.launcher.core.EngineExecutionOrchestrator.execute(EngineExecutionOrchestrator.java:198) ~[junit-platform-launcher-1.10.1.jar:1.10.1]
	at org.junit.platform.launcher.core.EngineExecutionOrchestrator.execute(EngineExecutionOrchestrator.java:169) ~[junit-platform-launcher-1.10.1.jar:1.10.1]
	at org.junit.platform.launcher.core.EngineExecutionOrchestrator.execute(EngineExecutionOrchestrator.java:93) ~[junit-platform-launcher-1.10.1.jar:1.10.1]
	at org.junit.platform.launcher.core.EngineExecutionOrchestrator.lambda$execute$0(EngineExecutionOrchestrator.java:58) ~[junit-platform-launcher-1.10.1.jar:1.10.1]
	at org.junit.platform.launcher.core.EngineExecutionOrchestrator.withInterceptedStreams(EngineExecutionOrchestrator.java:141) ~[junit-platform-launcher-1.10.1.jar:1.10.1]
	at org.junit.platform.launcher.core.EngineExecutionOrchestrator.execute(EngineExecutionOrchestrator.java:57) ~[junit-platform-launcher-1.10.1.jar:1.10.1]
	at org.junit.platform.launcher.core.DefaultLauncher.execute(DefaultLauncher.java:103) ~[junit-platform-launcher-1.10.1.jar:1.10.1]
	at org.junit.platform.launcher.core.DefaultLauncher.execute(DefaultLauncher.java:85) ~[junit-platform-launcher-1.10.1.jar:1.10.1]
	at org.junit.platform.launcher.core.DelegatingLauncher.execute(DelegatingLauncher.java:47) ~[junit-platform-launcher-1.10.1.jar:1.10.1]
	at org.apache.maven.surefire.junitplatform.LazyLauncher.execute(LazyLauncher.java:56) ~[surefire-junit-platform-3.2.5.jar:3.2.5]
	at org.apache.maven.surefire.junitplatform.JUnitPlatformProvider.execute(JUnitPlatformProvider.java:184) ~[surefire-junit-platform-3.2.5.jar:3.2.5]
	at org.apache.maven.surefire.junitplatform.JUnitPlatformProvider.invokeAllTests(JUnitPlatformProvider.java:148) ~[surefire-junit-platform-3.2.5.jar:3.2.5]
	at org.apache.maven.surefire.junitplatform.JUnitPlatformProvider.invoke(JUnitPlatformProvider.java:122) ~[surefire-junit-platform-3.2.5.jar:3.2.5]
	at org.apache.maven.surefire.booter.ForkedBooter.runSuitesInProcess(ForkedBooter.java:385) ~[surefire-booter-3.2.5.jar:3.2.5]
	at org.apache.maven.surefire.booter.ForkedBooter.execute(ForkedBooter.java:162) ~[surefire-booter-3.2.5.jar:3.2.5]
	at org.apache.maven.surefire.booter.ForkedBooter.run(ForkedBooter.java:507) ~[surefire-booter-3.2.5.jar:3.2.5]
	at org.apache.maven.surefire.booter.ForkedBooter.main(ForkedBooter.java:495) ~[surefire-booter-3.2.5.jar:3.2.5]
Caused by: org.h2.jdbc.JdbcSQLSyntaxErrorException: Table "ORGANIZATIONS" non trouvée
Table "ORGANIZATIONS" not found; SQL statement:

    create index idx_organizations_active 
       on organizations (is_a [42102-224]
	at org.h2.message.DbException.getJdbcSQLException(DbException.java:514) ~[h2-2.2.224.jar:2.2.224]
	at org.h2.message.DbException.getJdbcSQLException(DbException.java:489) ~[h2-2.2.224.jar:2.2.224]
	at org.h2.message.DbException.get(DbException.java:223) ~[h2-2.2.224.jar:2.2.224]
	at org.h2.message.DbException.get(DbException.java:199) ~[h2-2.2.224.jar:2.2.224]
	at org.h2.command.ddl.CreateIndex.update(CreateIndex.java:70) ~[h2-2.2.224.jar:2.2.224]
	at org.h2.command.CommandContainer.update(CommandContainer.java:169) ~[h2-2.2.224.jar:2.2.224]
	at org.h2.command.Command.executeUpdate(Command.java:256) ~[h2-2.2.224.jar:2.2.224]
	at org.h2.jdbc.JdbcStatement.executeInternal(JdbcStatement.java:262) ~[h2-2.2.224.jar:2.2.224]
	at org.h2.jdbc.JdbcStatement.execute(JdbcStatement.java:231) ~[h2-2.2.224.jar:2.2.224]
	at com.zaxxer.hikari.pool.ProxyStatement.execute(ProxyStatement.java:94) ~[HikariCP-5.1.0.jar:na]
	at com.zaxxer.hikari.pool.HikariProxyStatement.execute(HikariProxyStatement.java) ~[HikariCP-5.1.0.jar:na]
	at org.hibernate.tool.schema.internal.exec.GenerationTargetToDatabase.accept(GenerationTargetToDatabase.java:80) ~[hibernate-core-6.5.2.Final.jar:6.5.2.Final]
	... 117 common frames omitted

2026-01-10T16:18:49.410+01:00 DEBUG 23900 --- [webapp-test] [           main] org.hibernate.SQL                        : 
    create index idx_organizations_key 
       on organizations (key)
Hibernate: 
    create index idx_organizations_key 
       on organizations (key)
2026-01-10T16:18:49.410+01:00  WARN 23900 --- [webapp-test] [           main] o.h.t.s.i.ExceptionHandlerLoggedImpl     : GenerationTarget encountered exception accepting command : Error executing DDL "
    create index idx_organizations_key 
       on organizations (key)" via JDBC [Erreur de syntaxe dans l'instruction SQL "\000d\000a    create index idx_organizations_key \000d\000a       on organizations ([*]key)"; attendu "identifier"
Syntax error in SQL statement "\000d\000a    create index idx_organizations_key \000d\000a       on organizations ([*]key)"; expected "identifier";]

org.hibernate.tool.schema.spi.CommandAcceptanceException: Error executing DDL "
    create index idx_organizations_key 
       on organizations (key)" via JDBC [Erreur de syntaxe dans l'instruction SQL "\000d\000a    create index idx_organizations_key \000d\000a       on organizations ([*]key)"; attendu "identifier"
Syntax error in SQL statement "\000d\000a    create index idx_organizations_key \000d\000a       on organizations ([*]key)"; expected "identifier";]
	at org.hibernate.tool.schema.internal.exec.GenerationTargetToDatabase.accept(GenerationTargetToDatabase.java:94) ~[hibernate-core-6.5.2.Final.jar:6.5.2.Final]
	at org.hibernate.tool.schema.internal.Helper.applySqlString(Helper.java:233) ~[hibernate-core-6.5.2.Final.jar:6.5.2.Final]
	at org.hibernate.tool.schema.internal.Helper.applySqlStrings(Helper.java:217) ~[hibernate-core-6.5.2.Final.jar:6.5.2.Final]
	at org.hibernate.tool.schema.internal.SchemaCreatorImpl.createTableConstraints(SchemaCreatorImpl.java:390) ~[hibernate-core-6.5.2.Final.jar:6.5.2.Final]
	at org.hibernate.tool.schema.internal.SchemaCreatorImpl.createSequencesTablesConstraints(SchemaCreatorImpl.java:356) ~[hibernate-core-6.5.2.Final.jar:6.5.2.Final]
	at org.hibernate.tool.schema.internal.SchemaCreatorImpl.createFromMetadata(SchemaCreatorImpl.java:239) ~[hibernate-core-6.5.2.Final.jar:6.5.2.Final]
	at org.hibernate.tool.schema.internal.SchemaCreatorImpl.performCreation(SchemaCreatorImpl.java:172) ~[hibernate-core-6.5.2.Final.jar:6.5.2.Final]
	at org.hibernate.tool.schema.internal.SchemaCreatorImpl.doCreation(SchemaCreatorImpl.java:142) ~[hibernate-core-6.5.2.Final.jar:6.5.2.Final]
	at org.hibernate.tool.schema.internal.SchemaCreatorImpl.doCreation(SchemaCreatorImpl.java:118) ~[hibernate-core-6.5.2.Final.jar:6.5.2.Final]
	at org.hibernate.tool.schema.spi.SchemaManagementToolCoordinator.performDatabaseAction(SchemaManagementToolCoordinator.java:250) ~[hibernate-core-6.5.2.Final.jar:6.5.2.Final]
	at org.hibernate.tool.schema.spi.SchemaManagementToolCoordinator.lambda$process$5(SchemaManagementToolCoordinator.java:144) ~[hibernate-core-6.5.2.Final.jar:6.5.2.Final]
	at java.base/java.util.HashMap.forEach(HashMap.java:1429) ~[na:na]
	at org.hibernate.tool.schema.spi.SchemaManagementToolCoordinator.process(SchemaManagementToolCoordinator.java:141) ~[hibernate-core-6.5.2.Final.jar:6.5.2.Final]
	at org.hibernate.boot.internal.SessionFactoryObserverForSchemaExport.sessionFactoryCreated(SessionFactoryObserverForSchemaExport.java:37) ~[hibernate-core-6.5.2.Final.jar:6.5.2.Final]
	at org.hibernate.internal.SessionFactoryObserverChain.sessionFactoryCreated(SessionFactoryObserverChain.java:35) ~[hibernate-core-6.5.2.Final.jar:6.5.2.Final]
	at org.hibernate.internal.SessionFactoryImpl.<init>(SessionFactoryImpl.java:322) ~[hibernate-core-6.5.2.Final.jar:6.5.2.Final]
	at org.hibernate.boot.internal.SessionFactoryBuilderImpl.build(SessionFactoryBuilderImpl.java:457) ~[hibernate-core-6.5.2.Final.jar:6.5.2.Final]
	at org.hibernate.jpa.boot.internal.EntityManagerFactoryBuilderImpl.build(EntityManagerFactoryBuilderImpl.java:1506) ~[hibernate-core-6.5.2.Final.jar:6.5.2.Final]
	at org.springframework.orm.jpa.vendor.SpringHibernateJpaPersistenceProvider.createContainerEntityManagerFactory(SpringHibernateJpaPersistenceProvider.java:75) ~[spring-orm-6.1.7.jar:6.1.7]
	at org.springframework.orm.jpa.LocalContainerEntityManagerFactoryBean.createNativeEntityManagerFactory(LocalContainerEntityManagerFactoryBean.java:390) ~[spring-orm-6.1.7.jar:6.1.7]
	at org.springframework.orm.jpa.AbstractEntityManagerFactoryBean.buildNativeEntityManagerFactory(AbstractEntityManagerFactoryBean.java:409) ~[spring-orm-6.1.7.jar:6.1.7]
	at org.springframework.orm.jpa.AbstractEntityManagerFactoryBean.afterPropertiesSet(AbstractEntityManagerFactoryBean.java:396) ~[spring-orm-6.1.7.jar:6.1.7]
	at org.springframework.orm.jpa.LocalContainerEntityManagerFactoryBean.afterPropertiesSet(LocalContainerEntityManagerFactoryBean.java:366) ~[spring-orm-6.1.7.jar:6.1.7]
	at org.springframework.beans.factory.support.AbstractAutowireCapableBeanFactory.invokeInitMethods(AbstractAutowireCapableBeanFactory.java:1833) ~[spring-beans-6.1.6.jar:6.1.6]
	at org.springframework.beans.factory.support.AbstractAutowireCapableBeanFactory.initializeBean(AbstractAutowireCapableBeanFactory.java:1782) ~[spring-beans-6.1.6.jar:6.1.6]
	at org.springframework.beans.factory.support.AbstractAutowireCapableBeanFactory.doCreateBean(AbstractAutowireCapableBeanFactory.java:600) ~[spring-beans-6.1.6.jar:6.1.6]
	at org.springframework.beans.factory.support.AbstractAutowireCapableBeanFactory.createBean(AbstractAutowireCapableBeanFactory.java:522) ~[spring-beans-6.1.6.jar:6.1.6]
	at org.springframework.beans.factory.support.AbstractBeanFactory.lambda$doGetBean$0(AbstractBeanFactory.java:326) ~[spring-beans-6.1.6.jar:6.1.6]
	at org.springframework.beans.factory.support.DefaultSingletonBeanRegistry.getSingleton(DefaultSingletonBeanRegistry.java:234) ~[spring-beans-6.1.6.jar:6.1.6]
	at org.springframework.beans.factory.support.AbstractBeanFactory.doGetBean(AbstractBeanFactory.java:324) ~[spring-beans-6.1.6.jar:6.1.6]
	at org.springframework.beans.factory.support.AbstractBeanFactory.getBean(AbstractBeanFactory.java:205) ~[spring-beans-6.1.6.jar:6.1.6]
	at org.springframework.context.support.AbstractApplicationContext.finishBeanFactoryInitialization(AbstractApplicationContext.java:952) ~[spring-context-6.1.7.jar:6.1.7]
	at org.springframework.context.support.AbstractApplicationContext.refresh(AbstractApplicationContext.java:624) ~[spring-context-6.1.7.jar:6.1.7]
	at org.springframework.boot.SpringApplication.refresh(SpringApplication.java:754) ~[spring-boot-3.3.1.jar:3.3.1]
	at org.springframework.boot.SpringApplication.refreshContext(SpringApplication.java:456) ~[spring-boot-3.3.1.jar:3.3.1]
	at org.springframework.boot.SpringApplication.run(SpringApplication.java:335) ~[spring-boot-3.3.1.jar:3.3.1]
	at org.springframework.boot.test.context.SpringBootContextLoader.lambda$loadContext$3(SpringBootContextLoader.java:137) ~[spring-boot-test-3.3.1.jar:3.3.1]
	at org.springframework.util.function.ThrowingSupplier.get(ThrowingSupplier.java:58) ~[spring-core-6.1.7.jar:6.1.7]
	at org.springframework.util.function.ThrowingSupplier.get(ThrowingSupplier.java:46) ~[spring-core-6.1.7.jar:6.1.7]
	at org.springframework.boot.SpringApplication.withHook(SpringApplication.java:1463) ~[spring-boot-3.3.1.jar:3.3.1]
	at org.springframework.boot.test.context.SpringBootContextLoader$ContextLoaderHook.run(SpringBootContextLoader.java:553) ~[spring-boot-test-3.3.1.jar:3.3.1]
	at org.springframework.boot.test.context.SpringBootContextLoader.loadContext(SpringBootContextLoader.java:137) ~[spring-boot-test-3.3.1.jar:3.3.1]
	at org.springframework.boot.test.context.SpringBootContextLoader.loadContext(SpringBootContextLoader.java:108) ~[spring-boot-test-3.3.1.jar:3.3.1]
	at org.springframework.test.context.cache.DefaultCacheAwareContextLoaderDelegate.loadContextInternal(DefaultCacheAwareContextLoaderDelegate.java:225) ~[spring-test-6.1.7.jar:6.1.7]
	at org.springframework.test.context.cache.DefaultCacheAwareContextLoaderDelegate.loadContext(DefaultCacheAwareContextLoaderDelegate.java:152) ~[spring-test-6.1.7.jar:6.1.7]
	at org.springframework.test.context.support.DefaultTestContext.getApplicationContext(DefaultTestContext.java:130) ~[spring-test-6.1.7.jar:6.1.7]
	at org.springframework.test.context.web.ServletTestExecutionListener.setUpRequestContextIfNecessary(ServletTestExecutionListener.java:191) ~[spring-test-6.1.7.jar:6.1.7]
	at org.springframework.test.context.web.ServletTestExecutionListener.prepareTestInstance(ServletTestExecutionListener.java:130) ~[spring-test-6.1.7.jar:6.1.7]
	at org.springframework.test.context.TestContextManager.prepareTestInstance(TestContextManager.java:260) ~[spring-test-6.1.7.jar:6.1.7]
	at org.springframework.test.context.junit.jupiter.SpringExtension.postProcessTestInstance(SpringExtension.java:163) ~[spring-test-6.1.7.jar:6.1.7]
	at org.junit.jupiter.engine.descriptor.ClassBasedTestDescriptor.lambda$invokeTestInstancePostProcessors$10(ClassBasedTestDescriptor.java:378) ~[junit-jupiter-engine-5.10.1.jar:5.10.1]
	at org.junit.jupiter.engine.descriptor.ClassBasedTestDescriptor.executeAndMaskThrowable(ClassBasedTestDescriptor.java:383) ~[junit-jupiter-engine-5.10.1.jar:5.10.1]
	at org.junit.jupiter.engine.descriptor.ClassBasedTestDescriptor.lambda$invokeTestInstancePostProcessors$11(ClassBasedTestDescriptor.java:378) ~[junit-jupiter-engine-5.10.1.jar:5.10.1]
	at java.base/java.util.stream.ReferencePipeline$3$1.accept(ReferencePipeline.java:197) ~[na:na]
	at java.base/java.util.stream.ReferencePipeline$2$1.accept(ReferencePipeline.java:179) ~[na:na]
	at java.base/java.util.ArrayList$ArrayListSpliterator.forEachRemaining(ArrayList.java:1708) ~[na:na]
	at java.base/java.util.stream.AbstractPipeline.copyInto(AbstractPipeline.java:509) ~[na:na]
	at java.base/java.util.stream.AbstractPipeline.wrapAndCopyInto(AbstractPipeline.java:499) ~[na:na]
	at java.base/java.util.stream.StreamSpliterators$WrappingSpliterator.forEachRemaining(StreamSpliterators.java:310) ~[na:na]
	at java.base/java.util.stream.Streams$ConcatSpliterator.forEachRemaining(Streams.java:735) ~[na:na]
	at java.base/java.util.stream.Streams$ConcatSpliterator.forEachRemaining(Streams.java:734) ~[na:na]
	at java.base/java.util.stream.ReferencePipeline$Head.forEach(ReferencePipeline.java:762) ~[na:na]
	at org.junit.jupiter.engine.descriptor.ClassBasedTestDescriptor.invokeTestInstancePostProcessors(ClassBasedTestDescriptor.java:377) ~[junit-jupiter-engine-5.10.1.jar:5.10.1]
	at org.junit.jupiter.engine.descriptor.ClassBasedTestDescriptor.lambda$instantiateAndPostProcessTestInstance$6(ClassBasedTestDescriptor.java:290) ~[junit-jupiter-engine-5.10.1.jar:5.10.1]
	at org.junit.platform.engine.support.hierarchical.ThrowableCollector.execute(ThrowableCollector.java:73) ~[junit-platform-engine-1.10.1.jar:1.10.1]
	at org.junit.jupiter.engine.descriptor.ClassBasedTestDescriptor.instantiateAndPostProcessTestInstance(ClassBasedTestDescriptor.java:289) ~[junit-jupiter-engine-5.10.1.jar:5.10.1]
	at org.junit.jupiter.engine.descriptor.ClassBasedTestDescriptor.lambda$testInstancesProvider$4(ClassBasedTestDescriptor.java:279) ~[junit-jupiter-engine-5.10.1.jar:5.10.1]
	at java.base/java.util.Optional.orElseGet(Optional.java:364) ~[na:na]
	at org.junit.jupiter.engine.descriptor.ClassBasedTestDescriptor.lambda$testInstancesProvider$5(ClassBasedTestDescriptor.java:278) ~[junit-jupiter-engine-5.10.1.jar:5.10.1]
	at org.junit.jupiter.engine.execution.TestInstancesProvider.getTestInstances(TestInstancesProvider.java:31) ~[junit-jupiter-engine-5.10.1.jar:5.10.1]
	at org.junit.jupiter.engine.descriptor.TestMethodTestDescriptor.lambda$prepare$0(TestMethodTestDescriptor.java:106) ~[junit-jupiter-engine-5.10.1.jar:5.10.1]
	at org.junit.platform.engine.support.hierarchical.ThrowableCollector.execute(ThrowableCollector.java:73) ~[junit-platform-engine-1.10.1.jar:1.10.1]
	at org.junit.jupiter.engine.descriptor.TestMethodTestDescriptor.prepare(TestMethodTestDescriptor.java:105) ~[junit-jupiter-engine-5.10.1.jar:5.10.1]
	at org.junit.jupiter.engine.descriptor.TestMethodTestDescriptor.prepare(TestMethodTestDescriptor.java:69) ~[junit-jupiter-engine-5.10.1.jar:5.10.1]
	at org.junit.platform.engine.support.hierarchical.NodeTestTask.lambda$prepare$2(NodeTestTask.java:123) ~[junit-platform-engine-1.10.1.jar:1.10.1]
	at org.junit.platform.engine.support.hierarchical.ThrowableCollector.execute(ThrowableCollector.java:73) ~[junit-platform-engine-1.10.1.jar:1.10.1]
	at org.junit.platform.engine.support.hierarchical.NodeTestTask.prepare(NodeTestTask.java:123) ~[junit-platform-engine-1.10.1.jar:1.10.1]
	at org.junit.platform.engine.support.hierarchical.NodeTestTask.execute(NodeTestTask.java:90) ~[junit-platform-engine-1.10.1.jar:1.10.1]
	at java.base/java.util.ArrayList.forEach(ArrayList.java:1596) ~[na:na]
	at org.junit.platform.engine.support.hierarchical.SameThreadHierarchicalTestExecutorService.invokeAll(SameThreadHierarchicalTestExecutorService.java:41) ~[junit-platform-engine-1.10.1.jar:1.10.1]
	at org.junit.platform.engine.support.hierarchical.NodeTestTask.lambda$executeRecursively$6(NodeTestTask.java:155) ~[junit-platform-engine-1.10.1.jar:1.10.1]
	at org.junit.platform.engine.support.hierarchical.ThrowableCollector.execute(ThrowableCollector.java:73) ~[junit-platform-engine-1.10.1.jar:1.10.1]
	at org.junit.platform.engine.support.hierarchical.NodeTestTask.lambda$executeRecursively$8(NodeTestTask.java:141) ~[junit-platform-engine-1.10.1.jar:1.10.1]
	at org.junit.platform.engine.support.hierarchical.Node.around(Node.java:137) ~[junit-platform-engine-1.10.1.jar:1.10.1]
	at org.junit.platform.engine.support.hierarchical.NodeTestTask.lambda$executeRecursively$9(NodeTestTask.java:139) ~[junit-platform-engine-1.10.1.jar:1.10.1]
	at org.junit.platform.engine.support.hierarchical.ThrowableCollector.execute(ThrowableCollector.java:73) ~[junit-platform-engine-1.10.1.jar:1.10.1]
	at org.junit.platform.engine.support.hierarchical.NodeTestTask.executeRecursively(NodeTestTask.java:138) ~[junit-platform-engine-1.10.1.jar:1.10.1]
	at org.junit.platform.engine.support.hierarchical.NodeTestTask.execute(NodeTestTask.java:95) ~[junit-platform-engine-1.10.1.jar:1.10.1]
	at java.base/java.util.ArrayList.forEach(ArrayList.java:1596) ~[na:na]
	at org.junit.platform.engine.support.hierarchical.SameThreadHierarchicalTestExecutorService.invokeAll(SameThreadHierarchicalTestExecutorService.java:41) ~[junit-platform-engine-1.10.1.jar:1.10.1]
	at org.junit.platform.engine.support.hierarchical.NodeTestTask.lambda$executeRecursively$6(NodeTestTask.java:155) ~[junit-platform-engine-1.10.1.jar:1.10.1]
	at org.junit.platform.engine.support.hierarchical.ThrowableCollector.execute(ThrowableCollector.java:73) ~[junit-platform-engine-1.10.1.jar:1.10.1]
	at org.junit.platform.engine.support.hierarchical.NodeTestTask.lambda$executeRecursively$8(NodeTestTask.java:141) ~[junit-platform-engine-1.10.1.jar:1.10.1]
	at org.junit.platform.engine.support.hierarchical.Node.around(Node.java:137) ~[junit-platform-engine-1.10.1.jar:1.10.1]
	at org.junit.platform.engine.support.hierarchical.NodeTestTask.lambda$executeRecursively$9(NodeTestTask.java:139) ~[junit-platform-engine-1.10.1.jar:1.10.1]
	at org.junit.platform.engine.support.hierarchical.ThrowableCollector.execute(ThrowableCollector.java:73) ~[junit-platform-engine-1.10.1.jar:1.10.1]
	at org.junit.platform.engine.support.hierarchical.NodeTestTask.executeRecursively(NodeTestTask.java:138) ~[junit-platform-engine-1.10.1.jar:1.10.1]
	at org.junit.platform.engine.support.hierarchical.NodeTestTask.execute(NodeTestTask.java:95) ~[junit-platform-engine-1.10.1.jar:1.10.1]
	at org.junit.platform.engine.support.hierarchical.SameThreadHierarchicalTestExecutorService.submit(SameThreadHierarchicalTestExecutorService.java:35) ~[junit-platform-engine-1.10.1.jar:1.10.1]
	at org.junit.platform.engine.support.hierarchical.HierarchicalTestExecutor.execute(HierarchicalTestExecutor.java:57) ~[junit-platform-engine-1.10.1.jar:1.10.1]
	at org.junit.platform.engine.support.hierarchical.HierarchicalTestEngine.execute(HierarchicalTestEngine.java:54) ~[junit-platform-engine-1.10.1.jar:1.10.1]
	at org.junit.platform.launcher.core.EngineExecutionOrchestrator.execute(EngineExecutionOrchestrator.java:198) ~[junit-platform-launcher-1.10.1.jar:1.10.1]
	at org.junit.platform.launcher.core.EngineExecutionOrchestrator.execute(EngineExecutionOrchestrator.java:169) ~[junit-platform-launcher-1.10.1.jar:1.10.1]
	at org.junit.platform.launcher.core.EngineExecutionOrchestrator.execute(EngineExecutionOrchestrator.java:93) ~[junit-platform-launcher-1.10.1.jar:1.10.1]
	at org.junit.platform.launcher.core.EngineExecutionOrchestrator.lambda$execute$0(EngineExecutionOrchestrator.java:58) ~[junit-platform-launcher-1.10.1.jar:1.10.1]
	at org.junit.platform.launcher.core.EngineExecutionOrchestrator.withInterceptedStreams(EngineExecutionOrchestrator.java:141) ~[junit-platform-launcher-1.10.1.jar:1.10.1]
	at org.junit.platform.launcher.core.EngineExecutionOrchestrator.execute(EngineExecutionOrchestrator.java:57) ~[junit-platform-launcher-1.10.1.jar:1.10.1]
	at org.junit.platform.launcher.core.DefaultLauncher.execute(DefaultLauncher.java:103) ~[junit-platform-launcher-1.10.1.jar:1.10.1]
	at org.junit.platform.launcher.core.DefaultLauncher.execute(DefaultLauncher.java:85) ~[junit-platform-launcher-1.10.1.jar:1.10.1]
	at org.junit.platform.launcher.core.DelegatingLauncher.execute(DelegatingLauncher.java:47) ~[junit-platform-launcher-1.10.1.jar:1.10.1]
	at org.apache.maven.surefire.junitplatform.LazyLauncher.execute(LazyLauncher.java:56) ~[surefire-junit-platform-3.2.5.jar:3.2.5]
	at org.apache.maven.surefire.junitplatform.JUnitPlatformProvider.execute(JUnitPlatformProvider.java:184) ~[surefire-junit-platform-3.2.5.jar:3.2.5]
	at org.apache.maven.surefire.junitplatform.JUnitPlatformProvider.invokeAllTests(JUnitPlatformProvider.java:148) ~[surefire-junit-platform-3.2.5.jar:3.2.5]
	at org.apache.maven.surefire.junitplatform.JUnitPlatformProvider.invoke(JUnitPlatformProvider.java:122) ~[surefire-junit-platform-3.2.5.jar:3.2.5]
	at org.apache.maven.surefire.booter.ForkedBooter.runSuitesInProcess(ForkedBooter.java:385) ~[surefire-booter-3.2.5.jar:3.2.5]
	at org.apache.maven.surefire.booter.ForkedBooter.execute(ForkedBooter.java:162) ~[surefire-booter-3.2.5.jar:3.2.5]
	at org.apache.maven.surefire.booter.ForkedBooter.run(ForkedBooter.java:507) ~[surefire-booter-3.2.5.jar:3.2.5]
	at org.apache.maven.surefire.booter.ForkedBooter.main(ForkedBooter.java:495) ~[surefire-booter-3.2.5.jar:3.2.5]
Caused by: org.h2.jdbc.JdbcSQLSyntaxErrorException: Erreur de syntaxe dans l'instruction SQL "\000d\000a    create index idx_organizations_key \000d\000a       on organizations ([*]key)"; attendu "identifier"
Syntax error in SQL statement "\000d\000a    create index idx_organizations_key \000d\000a       on organizations ([*]key)"; expected "identifier"; SQL statement:

    create index idx_organizations_key 
       on organizations (key) [42001-224]
	at org.h2.message.DbException.getJdbcSQLException(DbException.java:514) ~[h2-2.2.224.jar:2.2.224]
	at org.h2.message.DbException.getJdbcSQLException(DbException.java:489) ~[h2-2.2.224.jar:2.2.224]
	at org.h2.message.DbException.getSyntaxError(DbException.java:261) ~[h2-2.2.224.jar:2.2.224]
	at org.h2.command.Parser.readIdentifier(Parser.java:5533) ~[h2-2.2.224.jar:2.2.224]
	at org.h2.command.Parser.parseIndexColumnList(Parser.java:1144) ~[h2-2.2.224.jar:2.2.224]
	at org.h2.command.Parser.parseCreate(Parser.java:6477) ~[h2-2.2.224.jar:2.2.224]
	at org.h2.command.Parser.parsePrepared(Parser.java:666) ~[h2-2.2.224.jar:2.2.224]
	at org.h2.command.Parser.parse(Parser.java:592) ~[h2-2.2.224.jar:2.2.224]
	at org.h2.command.Parser.parse(Parser.java:564) ~[h2-2.2.224.jar:2.2.224]
	at org.h2.command.Parser.prepareCommand(Parser.java:483) ~[h2-2.2.224.jar:2.2.224]
	at org.h2.engine.SessionLocal.prepareLocal(SessionLocal.java:639) ~[h2-2.2.224.jar:2.2.224]
	at org.h2.engine.SessionLocal.prepareCommand(SessionLocal.java:559) ~[h2-2.2.224.jar:2.2.224]
	at org.h2.jdbc.JdbcConnection.prepareCommand(JdbcConnection.java:1166) ~[h2-2.2.224.jar:2.2.224]
	at org.h2.jdbc.JdbcStatement.executeInternal(JdbcStatement.java:245) ~[h2-2.2.224.jar:2.2.224]
	at org.h2.jdbc.JdbcStatement.execute(JdbcStatement.java:231) ~[h2-2.2.224.jar:2.2.224]
	at com.zaxxer.hikari.pool.ProxyStatement.execute(ProxyStatement.java:94) ~[HikariCP-5.1.0.jar:na]
	at com.zaxxer.hikari.pool.HikariProxyStatement.execute(HikariProxyStatement.java) ~[HikariCP-5.1.0.jar:na]
	at org.hibernate.tool.schema.internal.exec.GenerationTargetToDatabase.accept(GenerationTargetToDatabase.java:80) ~[hibernate-core-6.5.2.Final.jar:6.5.2.Final]
	... 117 common frames omitted

2026-01-10T16:18:49.411+01:00 DEBUG 23900 --- [webapp-test] [           main] org.hibernate.SQL                        : 
    create index idx_person_emails_org 
       on person_emails (organization_id)
Hibernate: 
    create index idx_person_emails_org 
       on person_emails (organization_id)
2026-01-10T16:18:49.412+01:00 DEBUG 23900 --- [webapp-test] [           main] org.hibernate.SQL                        : 
    create index idx_pe_person_org 
       on person_emails (person_id, organization_id)
Hibernate: 
    create index idx_pe_person_org 
       on person_emails (person_id, organization_id)
2026-01-10T16:18:49.413+01:00 DEBUG 23900 --- [webapp-test] [           main] org.hibernate.SQL                        : 
    create index idx_person_emails_id_org 
       on person_emails (id, organization_id)
Hibernate: 
    create index idx_person_emails_id_org 
       on person_emails (id, organization_id)
2026-01-10T16:18:49.413+01:00 DEBUG 23900 --- [webapp-test] [           main] org.hibernate.SQL                        : 
    create index idx_pe_org_email 
       on person_emails (organization_id, email)
Hibernate: 
    create index idx_pe_org_email 
       on person_emails (organization_id, email)
2026-01-10T16:18:49.414+01:00 DEBUG 23900 --- [webapp-test] [           main] org.hibernate.SQL                        : 
    create index idx_pe_primary 
       on person_emails (person_id, organization_id, is_primary)
Hibernate: 
    create index idx_pe_primary 
       on person_emails (person_id, organization_id, is_primary)
2026-01-10T16:18:49.414+01:00 DEBUG 23900 --- [webapp-test] [           main] org.hibernate.SQL                        : 
    create index idx_pr_person_created 
       on photo_reports (person_id, created_at)
Hibernate: 
    create index idx_pr_person_created 
       on photo_reports (person_id, created_at)
2026-01-10T16:18:49.414+01:00 DEBUG 23900 --- [webapp-test] [           main] org.hibernate.SQL                        : 
    create index idx_pr_reported_by_created 
       on photo_reports (reported_by, created_at)
Hibernate: 
    create index idx_pr_reported_by_created 
       on photo_reports (reported_by, created_at)
2026-01-10T16:18:49.415+01:00 DEBUG 23900 --- [webapp-test] [           main] org.hibernate.SQL                        : 
    create index idx_pr_reason_created 
       on photo_reports (reason_type, created_at)
Hibernate: 
    create index idx_pr_reason_created 
       on photo_reports (reason_type, created_at)
2026-01-10T16:18:49.415+01:00 DEBUG 23900 --- [webapp-test] [           main] org.hibernate.SQL                        : 
    create index idx_photos_person 
       on photos (person_id)
Hibernate: 
    create index idx_photos_person 
       on photos (person_id)
2026-01-10T16:18:49.416+01:00 DEBUG 23900 --- [webapp-test] [           main] org.hibernate.SQL                        : 
    create index idx_photos_status 
       on photos (status)
Hibernate: 
    create index idx_photos_status 
       on photos (status)
2026-01-10T16:18:49.416+01:00 DEBUG 23900 --- [webapp-test] [           main] org.hibernate.SQL                        : 
    create index idx_photos_approved_by 
       on photos (approved_by)
Hibernate: 
    create index idx_photos_approved_by 
       on photos (approved_by)
2026-01-10T16:18:49.416+01:00 DEBUG 23900 --- [webapp-test] [           main] org.hibernate.SQL                        : 
    create index ix_ui_user 
       on user_identities (user_id)
Hibernate: 
    create index ix_ui_user 
       on user_identities (user_id)
2026-01-10T16:18:49.416+01:00 DEBUG 23900 --- [webapp-test] [           main] org.hibernate.SQL                        : 
    create index ix_ui_provider 
       on user_identities (provider)
Hibernate: 
    create index ix_ui_provider 
       on user_identities (provider)
2026-01-10T16:18:49.417+01:00 DEBUG 23900 --- [webapp-test] [           main] org.hibernate.SQL                        : 
    create index ix_ui_provider_subject 
       on user_identities (provider, provider_subject)
Hibernate: 
    create index ix_ui_provider_subject 
       on user_identities (provider, provider_subject)
2026-01-10T16:18:49.417+01:00 DEBUG 23900 --- [webapp-test] [           main] org.hibernate.SQL                        : 
    create index ix_uo_org_display_name 
       on user_organizations (organization_id, display_name)
Hibernate: 
    create index ix_uo_org_display_name 
       on user_organizations (organization_id, display_name)
2026-01-10T16:18:49.417+01:00 DEBUG 23900 --- [webapp-test] [           main] org.hibernate.SQL                        : 
    create index ix_urt_user 
       on user_refresh_tokens (user_id)
Hibernate: 
    create index ix_urt_user 
       on user_refresh_tokens (user_id)
2026-01-10T16:18:49.417+01:00 DEBUG 23900 --- [webapp-test] [           main] org.hibernate.SQL                        : 
    create index ix_urt_user_expires 
       on user_refresh_tokens (user_id, expires_at)
Hibernate: 
    create index ix_urt_user_expires 
       on user_refresh_tokens (user_id, expires_at)
2026-01-10T16:18:49.418+01:00 DEBUG 23900 --- [webapp-test] [           main] org.hibernate.SQL                        : 
    create index ix_urt_family 
       on user_refresh_tokens (family_id)
Hibernate: 
    create index ix_urt_family 
       on user_refresh_tokens (family_id)
2026-01-10T16:18:49.418+01:00 DEBUG 23900 --- [webapp-test] [           main] org.hibernate.SQL                        : 
    create index ix_urt_user_device 
       on user_refresh_tokens (user_id, device_id)
Hibernate: 
    create index ix_urt_user_device 
       on user_refresh_tokens (user_id, device_id)
2026-01-10T16:18:49.418+01:00 DEBUG 23900 --- [webapp-test] [           main] org.hibernate.SQL                        : 
    create index idx_us_person 
       on user_subscriptions (person_id)
Hibernate: 
    create index idx_us_person 
       on user_subscriptions (person_id)
2026-01-10T16:18:49.418+01:00 DEBUG 23900 --- [webapp-test] [           main] org.hibernate.SQL                        : 
    create index idx_xp_event_org_user_created 
       on xp_events (organization_id, user_id, created_at, id)
Hibernate: 
    create index idx_xp_event_org_user_created 
       on xp_events (organization_id, user_id, created_at, id)
2026-01-10T16:18:49.419+01:00 DEBUG 23900 --- [webapp-test] [           main] org.hibernate.SQL                        : 
    create index idx_xp_event_org_created 
       on xp_events (organization_id, created_at, id)
Hibernate: 
    create index idx_xp_event_org_created 
       on xp_events (organization_id, created_at, id)
2026-01-10T16:18:49.419+01:00 DEBUG 23900 --- [webapp-test] [           main] org.hibernate.SQL                        : 
    create index idx_xp_event_source 
       on xp_events (source_type, source_id)
Hibernate: 
    create index idx_xp_event_source 
       on xp_events (source_type, source_id)
2026-01-10T16:18:49.420+01:00 DEBUG 23900 --- [webapp-test] [           main] org.hibernate.SQL                        : 
    create index idx_xp_event_key 
       on xp_events (event_key)
Hibernate: 
    create index idx_xp_event_key 
       on xp_events (event_key)
2026-01-10T16:18:49.420+01:00 DEBUG 23900 --- [webapp-test] [           main] org.hibernate.SQL                        : 
    alter table if exists attribute_enum_options 
       add constraint fk_attr_enum_option_attr 
       foreign key (attribute_id) 
       references attributes
Hibernate: 
    alter table if exists attribute_enum_options 
       add constraint fk_attr_enum_option_attr 
       foreign key (attribute_id) 
       references attributes
2026-01-10T16:18:49.433+01:00 DEBUG 23900 --- [webapp-test] [           main] org.hibernate.SQL                        : 
    alter table if exists change_request_items 
       add constraint FK11eswjm4gbeah4rd81ts1xdjv 
       foreign key (change_request_id) 
       references change_requests
Hibernate: 
    alter table if exists change_request_items 
       add constraint FK11eswjm4gbeah4rd81ts1xdjv 
       foreign key (change_request_id) 
       references change_requests
2026-01-10T16:18:49.434+01:00 DEBUG 23900 --- [webapp-test] [           main] org.hibernate.SQL                        : 
    alter table if exists change_request_items 
       add constraint FKdpl7xkovo73x2j5gohvcgi0ni 
       foreign key (person_attribute_id) 
       references person_attributes
Hibernate: 
    alter table if exists change_request_items 
       add constraint FKdpl7xkovo73x2j5gohvcgi0ni 
       foreign key (person_attribute_id) 
       references person_attributes
2026-01-10T16:18:49.434+01:00  WARN 23900 --- [webapp-test] [           main] o.h.t.s.i.ExceptionHandlerLoggedImpl     : GenerationTarget encountered exception accepting command : Error executing DDL "
    alter table if exists change_request_items 
       add constraint FKdpl7xkovo73x2j5gohvcgi0ni 
       foreign key (person_attribute_id) 
       references person_attributes" via JDBC [Table "PERSON_ATTRIBUTES" non trouvée
Table "PERSON_ATTRIBUTES" not found;]

org.hibernate.tool.schema.spi.CommandAcceptanceException: Error executing DDL "
    alter table if exists change_request_items 
       add constraint FKdpl7xkovo73x2j5gohvcgi0ni 
       foreign key (person_attribute_id) 
       references person_attributes" via JDBC [Table "PERSON_ATTRIBUTES" non trouvée
Table "PERSON_ATTRIBUTES" not found;]
	at org.hibernate.tool.schema.internal.exec.GenerationTargetToDatabase.accept(GenerationTargetToDatabase.java:94) ~[hibernate-core-6.5.2.Final.jar:6.5.2.Final]
	at org.hibernate.tool.schema.internal.Helper.applySqlString(Helper.java:233) ~[hibernate-core-6.5.2.Final.jar:6.5.2.Final]
	at org.hibernate.tool.schema.internal.Helper.applySqlStrings(Helper.java:217) ~[hibernate-core-6.5.2.Final.jar:6.5.2.Final]
	at org.hibernate.tool.schema.internal.SchemaCreatorImpl.createForeignKeys(SchemaCreatorImpl.java:305) ~[hibernate-core-6.5.2.Final.jar:6.5.2.Final]
	at org.hibernate.tool.schema.internal.SchemaCreatorImpl.createFromMetadata(SchemaCreatorImpl.java:251) ~[hibernate-core-6.5.2.Final.jar:6.5.2.Final]
	at org.hibernate.tool.schema.internal.SchemaCreatorImpl.performCreation(SchemaCreatorImpl.java:172) ~[hibernate-core-6.5.2.Final.jar:6.5.2.Final]
	at org.hibernate.tool.schema.internal.SchemaCreatorImpl.doCreation(SchemaCreatorImpl.java:142) ~[hibernate-core-6.5.2.Final.jar:6.5.2.Final]
	at org.hibernate.tool.schema.internal.SchemaCreatorImpl.doCreation(SchemaCreatorImpl.java:118) ~[hibernate-core-6.5.2.Final.jar:6.5.2.Final]
	at org.hibernate.tool.schema.spi.SchemaManagementToolCoordinator.performDatabaseAction(SchemaManagementToolCoordinator.java:250) ~[hibernate-core-6.5.2.Final.jar:6.5.2.Final]
	at org.hibernate.tool.schema.spi.SchemaManagementToolCoordinator.lambda$process$5(SchemaManagementToolCoordinator.java:144) ~[hibernate-core-6.5.2.Final.jar:6.5.2.Final]
	at java.base/java.util.HashMap.forEach(HashMap.java:1429) ~[na:na]
	at org.hibernate.tool.schema.spi.SchemaManagementToolCoordinator.process(SchemaManagementToolCoordinator.java:141) ~[hibernate-core-6.5.2.Final.jar:6.5.2.Final]
	at org.hibernate.boot.internal.SessionFactoryObserverForSchemaExport.sessionFactoryCreated(SessionFactoryObserverForSchemaExport.java:37) ~[hibernate-core-6.5.2.Final.jar:6.5.2.Final]
	at org.hibernate.internal.SessionFactoryObserverChain.sessionFactoryCreated(SessionFactoryObserverChain.java:35) ~[hibernate-core-6.5.2.Final.jar:6.5.2.Final]
	at org.hibernate.internal.SessionFactoryImpl.<init>(SessionFactoryImpl.java:322) ~[hibernate-core-6.5.2.Final.jar:6.5.2.Final]
	at org.hibernate.boot.internal.SessionFactoryBuilderImpl.build(SessionFactoryBuilderImpl.java:457) ~[hibernate-core-6.5.2.Final.jar:6.5.2.Final]
	at org.hibernate.jpa.boot.internal.EntityManagerFactoryBuilderImpl.build(EntityManagerFactoryBuilderImpl.java:1506) ~[hibernate-core-6.5.2.Final.jar:6.5.2.Final]
	at org.springframework.orm.jpa.vendor.SpringHibernateJpaPersistenceProvider.createContainerEntityManagerFactory(SpringHibernateJpaPersistenceProvider.java:75) ~[spring-orm-6.1.7.jar:6.1.7]
	at org.springframework.orm.jpa.LocalContainerEntityManagerFactoryBean.createNativeEntityManagerFactory(LocalContainerEntityManagerFactoryBean.java:390) ~[spring-orm-6.1.7.jar:6.1.7]
	at org.springframework.orm.jpa.AbstractEntityManagerFactoryBean.buildNativeEntityManagerFactory(AbstractEntityManagerFactoryBean.java:409) ~[spring-orm-6.1.7.jar:6.1.7]
	at org.springframework.orm.jpa.AbstractEntityManagerFactoryBean.afterPropertiesSet(AbstractEntityManagerFactoryBean.java:396) ~[spring-orm-6.1.7.jar:6.1.7]
	at org.springframework.orm.jpa.LocalContainerEntityManagerFactoryBean.afterPropertiesSet(LocalContainerEntityManagerFactoryBean.java:366) ~[spring-orm-6.1.7.jar:6.1.7]
	at org.springframework.beans.factory.support.AbstractAutowireCapableBeanFactory.invokeInitMethods(AbstractAutowireCapableBeanFactory.java:1833) ~[spring-beans-6.1.6.jar:6.1.6]
	at org.springframework.beans.factory.support.AbstractAutowireCapableBeanFactory.initializeBean(AbstractAutowireCapableBeanFactory.java:1782) ~[spring-beans-6.1.6.jar:6.1.6]
	at org.springframework.beans.factory.support.AbstractAutowireCapableBeanFactory.doCreateBean(AbstractAutowireCapableBeanFactory.java:600) ~[spring-beans-6.1.6.jar:6.1.6]
	at org.springframework.beans.factory.support.AbstractAutowireCapableBeanFactory.createBean(AbstractAutowireCapableBeanFactory.java:522) ~[spring-beans-6.1.6.jar:6.1.6]
	at org.springframework.beans.factory.support.AbstractBeanFactory.lambda$doGetBean$0(AbstractBeanFactory.java:326) ~[spring-beans-6.1.6.jar:6.1.6]
	at org.springframework.beans.factory.support.DefaultSingletonBeanRegistry.getSingleton(DefaultSingletonBeanRegistry.java:234) ~[spring-beans-6.1.6.jar:6.1.6]
	at org.springframework.beans.factory.support.AbstractBeanFactory.doGetBean(AbstractBeanFactory.java:324) ~[spring-beans-6.1.6.jar:6.1.6]
	at org.springframework.beans.factory.support.AbstractBeanFactory.getBean(AbstractBeanFactory.java:205) ~[spring-beans-6.1.6.jar:6.1.6]
	at org.springframework.context.support.AbstractApplicationContext.finishBeanFactoryInitialization(AbstractApplicationContext.java:952) ~[spring-context-6.1.7.jar:6.1.7]
	at org.springframework.context.support.AbstractApplicationContext.refresh(AbstractApplicationContext.java:624) ~[spring-context-6.1.7.jar:6.1.7]
	at org.springframework.boot.SpringApplication.refresh(SpringApplication.java:754) ~[spring-boot-3.3.1.jar:3.3.1]
	at org.springframework.boot.SpringApplication.refreshContext(SpringApplication.java:456) ~[spring-boot-3.3.1.jar:3.3.1]
	at org.springframework.boot.SpringApplication.run(SpringApplication.java:335) ~[spring-boot-3.3.1.jar:3.3.1]
	at org.springframework.boot.test.context.SpringBootContextLoader.lambda$loadContext$3(SpringBootContextLoader.java:137) ~[spring-boot-test-3.3.1.jar:3.3.1]
	at org.springframework.util.function.ThrowingSupplier.get(ThrowingSupplier.java:58) ~[spring-core-6.1.7.jar:6.1.7]
	at org.springframework.util.function.ThrowingSupplier.get(ThrowingSupplier.java:46) ~[spring-core-6.1.7.jar:6.1.7]
	at org.springframework.boot.SpringApplication.withHook(SpringApplication.java:1463) ~[spring-boot-3.3.1.jar:3.3.1]
	at org.springframework.boot.test.context.SpringBootContextLoader$ContextLoaderHook.run(SpringBootContextLoader.java:553) ~[spring-boot-test-3.3.1.jar:3.3.1]
	at org.springframework.boot.test.context.SpringBootContextLoader.loadContext(SpringBootContextLoader.java:137) ~[spring-boot-test-3.3.1.jar:3.3.1]
	at org.springframework.boot.test.context.SpringBootContextLoader.loadContext(SpringBootContextLoader.java:108) ~[spring-boot-test-3.3.1.jar:3.3.1]
	at org.springframework.test.context.cache.DefaultCacheAwareContextLoaderDelegate.loadContextInternal(DefaultCacheAwareContextLoaderDelegate.java:225) ~[spring-test-6.1.7.jar:6.1.7]
	at org.springframework.test.context.cache.DefaultCacheAwareContextLoaderDelegate.loadContext(DefaultCacheAwareContextLoaderDelegate.java:152) ~[spring-test-6.1.7.jar:6.1.7]
	at org.springframework.test.context.support.DefaultTestContext.getApplicationContext(DefaultTestContext.java:130) ~[spring-test-6.1.7.jar:6.1.7]
	at org.springframework.test.context.web.ServletTestExecutionListener.setUpRequestContextIfNecessary(ServletTestExecutionListener.java:191) ~[spring-test-6.1.7.jar:6.1.7]
	at org.springframework.test.context.web.ServletTestExecutionListener.prepareTestInstance(ServletTestExecutionListener.java:130) ~[spring-test-6.1.7.jar:6.1.7]
	at org.springframework.test.context.TestContextManager.prepareTestInstance(TestContextManager.java:260) ~[spring-test-6.1.7.jar:6.1.7]
	at org.springframework.test.context.junit.jupiter.SpringExtension.postProcessTestInstance(SpringExtension.java:163) ~[spring-test-6.1.7.jar:6.1.7]
	at org.junit.jupiter.engine.descriptor.ClassBasedTestDescriptor.lambda$invokeTestInstancePostProcessors$10(ClassBasedTestDescriptor.java:378) ~[junit-jupiter-engine-5.10.1.jar:5.10.1]
	at org.junit.jupiter.engine.descriptor.ClassBasedTestDescriptor.executeAndMaskThrowable(ClassBasedTestDescriptor.java:383) ~[junit-jupiter-engine-5.10.1.jar:5.10.1]
	at org.junit.jupiter.engine.descriptor.ClassBasedTestDescriptor.lambda$invokeTestInstancePostProcessors$11(ClassBasedTestDescriptor.java:378) ~[junit-jupiter-engine-5.10.1.jar:5.10.1]
	at java.base/java.util.stream.ReferencePipeline$3$1.accept(ReferencePipeline.java:197) ~[na:na]
	at java.base/java.util.stream.ReferencePipeline$2$1.accept(ReferencePipeline.java:179) ~[na:na]
	at java.base/java.util.ArrayList$ArrayListSpliterator.forEachRemaining(ArrayList.java:1708) ~[na:na]
	at java.base/java.util.stream.AbstractPipeline.copyInto(AbstractPipeline.java:509) ~[na:na]
	at java.base/java.util.stream.AbstractPipeline.wrapAndCopyInto(AbstractPipeline.java:499) ~[na:na]
	at java.base/java.util.stream.StreamSpliterators$WrappingSpliterator.forEachRemaining(StreamSpliterators.java:310) ~[na:na]
	at java.base/java.util.stream.Streams$ConcatSpliterator.forEachRemaining(Streams.java:735) ~[na:na]
	at java.base/java.util.stream.Streams$ConcatSpliterator.forEachRemaining(Streams.java:734) ~[na:na]
	at java.base/java.util.stream.ReferencePipeline$Head.forEach(ReferencePipeline.java:762) ~[na:na]
	at org.junit.jupiter.engine.descriptor.ClassBasedTestDescriptor.invokeTestInstancePostProcessors(ClassBasedTestDescriptor.java:377) ~[junit-jupiter-engine-5.10.1.jar:5.10.1]
	at org.junit.jupiter.engine.descriptor.ClassBasedTestDescriptor.lambda$instantiateAndPostProcessTestInstance$6(ClassBasedTestDescriptor.java:290) ~[junit-jupiter-engine-5.10.1.jar:5.10.1]
	at org.junit.platform.engine.support.hierarchical.ThrowableCollector.execute(ThrowableCollector.java:73) ~[junit-platform-engine-1.10.1.jar:1.10.1]
	at org.junit.jupiter.engine.descriptor.ClassBasedTestDescriptor.instantiateAndPostProcessTestInstance(ClassBasedTestDescriptor.java:289) ~[junit-jupiter-engine-5.10.1.jar:5.10.1]
	at org.junit.jupiter.engine.descriptor.ClassBasedTestDescriptor.lambda$testInstancesProvider$4(ClassBasedTestDescriptor.java:279) ~[junit-jupiter-engine-5.10.1.jar:5.10.1]
	at java.base/java.util.Optional.orElseGet(Optional.java:364) ~[na:na]
	at org.junit.jupiter.engine.descriptor.ClassBasedTestDescriptor.lambda$testInstancesProvider$5(ClassBasedTestDescriptor.java:278) ~[junit-jupiter-engine-5.10.1.jar:5.10.1]
	at org.junit.jupiter.engine.execution.TestInstancesProvider.getTestInstances(TestInstancesProvider.java:31) ~[junit-jupiter-engine-5.10.1.jar:5.10.1]
	at org.junit.jupiter.engine.descriptor.TestMethodTestDescriptor.lambda$prepare$0(TestMethodTestDescriptor.java:106) ~[junit-jupiter-engine-5.10.1.jar:5.10.1]
	at org.junit.platform.engine.support.hierarchical.ThrowableCollector.execute(ThrowableCollector.java:73) ~[junit-platform-engine-1.10.1.jar:1.10.1]
	at org.junit.jupiter.engine.descriptor.TestMethodTestDescriptor.prepare(TestMethodTestDescriptor.java:105) ~[junit-jupiter-engine-5.10.1.jar:5.10.1]
	at org.junit.jupiter.engine.descriptor.TestMethodTestDescriptor.prepare(TestMethodTestDescriptor.java:69) ~[junit-jupiter-engine-5.10.1.jar:5.10.1]
	at org.junit.platform.engine.support.hierarchical.NodeTestTask.lambda$prepare$2(NodeTestTask.java:123) ~[junit-platform-engine-1.10.1.jar:1.10.1]
	at org.junit.platform.engine.support.hierarchical.ThrowableCollector.execute(ThrowableCollector.java:73) ~[junit-platform-engine-1.10.1.jar:1.10.1]
	at org.junit.platform.engine.support.hierarchical.NodeTestTask.prepare(NodeTestTask.java:123) ~[junit-platform-engine-1.10.1.jar:1.10.1]
	at org.junit.platform.engine.support.hierarchical.NodeTestTask.execute(NodeTestTask.java:90) ~[junit-platform-engine-1.10.1.jar:1.10.1]
	at java.base/java.util.ArrayList.forEach(ArrayList.java:1596) ~[na:na]
	at org.junit.platform.engine.support.hierarchical.SameThreadHierarchicalTestExecutorService.invokeAll(SameThreadHierarchicalTestExecutorService.java:41) ~[junit-platform-engine-1.10.1.jar:1.10.1]
	at org.junit.platform.engine.support.hierarchical.NodeTestTask.lambda$executeRecursively$6(NodeTestTask.java:155) ~[junit-platform-engine-1.10.1.jar:1.10.1]
	at org.junit.platform.engine.support.hierarchical.ThrowableCollector.execute(ThrowableCollector.java:73) ~[junit-platform-engine-1.10.1.jar:1.10.1]
	at org.junit.platform.engine.support.hierarchical.NodeTestTask.lambda$executeRecursively$8(NodeTestTask.java:141) ~[junit-platform-engine-1.10.1.jar:1.10.1]
	at org.junit.platform.engine.support.hierarchical.Node.around(Node.java:137) ~[junit-platform-engine-1.10.1.jar:1.10.1]
	at org.junit.platform.engine.support.hierarchical.NodeTestTask.lambda$executeRecursively$9(NodeTestTask.java:139) ~[junit-platform-engine-1.10.1.jar:1.10.1]
	at org.junit.platform.engine.support.hierarchical.ThrowableCollector.execute(ThrowableCollector.java:73) ~[junit-platform-engine-1.10.1.jar:1.10.1]
	at org.junit.platform.engine.support.hierarchical.NodeTestTask.executeRecursively(NodeTestTask.java:138) ~[junit-platform-engine-1.10.1.jar:1.10.1]
	at org.junit.platform.engine.support.hierarchical.NodeTestTask.execute(NodeTestTask.java:95) ~[junit-platform-engine-1.10.1.jar:1.10.1]
	at java.base/java.util.ArrayList.forEach(ArrayList.java:1596) ~[na:na]
	at org.junit.platform.engine.support.hierarchical.SameThreadHierarchicalTestExecutorService.invokeAll(SameThreadHierarchicalTestExecutorService.java:41) ~[junit-platform-engine-1.10.1.jar:1.10.1]
	at org.junit.platform.engine.support.hierarchical.NodeTestTask.lambda$executeRecursively$6(NodeTestTask.java:155) ~[junit-platform-engine-1.10.1.jar:1.10.1]
	at org.junit.platform.engine.support.hierarchical.ThrowableCollector.execute(ThrowableCollector.java:73) ~[junit-platform-engine-1.10.1.jar:1.10.1]
	at org.junit.platform.engine.support.hierarchical.NodeTestTask.lambda$executeRecursively$8(NodeTestTask.java:141) ~[junit-platform-engine-1.10.1.jar:1.10.1]
	at org.junit.platform.engine.support.hierarchical.Node.around(Node.java:137) ~[junit-platform-engine-1.10.1.jar:1.10.1]
	at org.junit.platform.engine.support.hierarchical.NodeTestTask.lambda$executeRecursively$9(NodeTestTask.java:139) ~[junit-platform-engine-1.10.1.jar:1.10.1]
	at org.junit.platform.engine.support.hierarchical.ThrowableCollector.execute(ThrowableCollector.java:73) ~[junit-platform-engine-1.10.1.jar:1.10.1]
	at org.junit.platform.engine.support.hierarchical.NodeTestTask.executeRecursively(NodeTestTask.java:138) ~[junit-platform-engine-1.10.1.jar:1.10.1]
	at org.junit.platform.engine.support.hierarchical.NodeTestTask.execute(NodeTestTask.java:95) ~[junit-platform-engine-1.10.1.jar:1.10.1]
	at org.junit.platform.engine.support.hierarchical.SameThreadHierarchicalTestExecutorService.submit(SameThreadHierarchicalTestExecutorService.java:35) ~[junit-platform-engine-1.10.1.jar:1.10.1]
	at org.junit.platform.engine.support.hierarchical.HierarchicalTestExecutor.execute(HierarchicalTestExecutor.java:57) ~[junit-platform-engine-1.10.1.jar:1.10.1]
	at org.junit.platform.engine.support.hierarchical.HierarchicalTestEngine.execute(HierarchicalTestEngine.java:54) ~[junit-platform-engine-1.10.1.jar:1.10.1]
	at org.junit.platform.launcher.core.EngineExecutionOrchestrator.execute(EngineExecutionOrchestrator.java:198) ~[junit-platform-launcher-1.10.1.jar:1.10.1]
	at org.junit.platform.launcher.core.EngineExecutionOrchestrator.execute(EngineExecutionOrchestrator.java:169) ~[junit-platform-launcher-1.10.1.jar:1.10.1]
	at org.junit.platform.launcher.core.EngineExecutionOrchestrator.execute(EngineExecutionOrchestrator.java:93) ~[junit-platform-launcher-1.10.1.jar:1.10.1]
	at org.junit.platform.launcher.core.EngineExecutionOrchestrator.lambda$execute$0(EngineExecutionOrchestrator.java:58) ~[junit-platform-launcher-1.10.1.jar:1.10.1]
	at org.junit.platform.launcher.core.EngineExecutionOrchestrator.withInterceptedStreams(EngineExecutionOrchestrator.java:141) ~[junit-platform-launcher-1.10.1.jar:1.10.1]
	at org.junit.platform.launcher.core.EngineExecutionOrchestrator.execute(EngineExecutionOrchestrator.java:57) ~[junit-platform-launcher-1.10.1.jar:1.10.1]
	at org.junit.platform.launcher.core.DefaultLauncher.execute(DefaultLauncher.java:103) ~[junit-platform-launcher-1.10.1.jar:1.10.1]
	at org.junit.platform.launcher.core.DefaultLauncher.execute(DefaultLauncher.java:85) ~[junit-platform-launcher-1.10.1.jar:1.10.1]
	at org.junit.platform.launcher.core.DelegatingLauncher.execute(DelegatingLauncher.java:47) ~[junit-platform-launcher-1.10.1.jar:1.10.1]
	at org.apache.maven.surefire.junitplatform.LazyLauncher.execute(LazyLauncher.java:56) ~[surefire-junit-platform-3.2.5.jar:3.2.5]
	at org.apache.maven.surefire.junitplatform.JUnitPlatformProvider.execute(JUnitPlatformProvider.java:184) ~[surefire-junit-platform-3.2.5.jar:3.2.5]
	at org.apache.maven.surefire.junitplatform.JUnitPlatformProvider.invokeAllTests(JUnitPlatformProvider.java:148) ~[surefire-junit-platform-3.2.5.jar:3.2.5]
	at org.apache.maven.surefire.junitplatform.JUnitPlatformProvider.invoke(JUnitPlatformProvider.java:122) ~[surefire-junit-platform-3.2.5.jar:3.2.5]
	at org.apache.maven.surefire.booter.ForkedBooter.runSuitesInProcess(ForkedBooter.java:385) ~[surefire-booter-3.2.5.jar:3.2.5]
	at org.apache.maven.surefire.booter.ForkedBooter.execute(ForkedBooter.java:162) ~[surefire-booter-3.2.5.jar:3.2.5]
	at org.apache.maven.surefire.booter.ForkedBooter.run(ForkedBooter.java:507) ~[surefire-booter-3.2.5.jar:3.2.5]
	at org.apache.maven.surefire.booter.ForkedBooter.main(ForkedBooter.java:495) ~[surefire-booter-3.2.5.jar:3.2.5]
Caused by: org.h2.jdbc.JdbcSQLSyntaxErrorException: Table "PERSON_ATTRIBUTES" non trouvée
Table "PERSON_ATTRIBUTES" not found; SQL statement:

    alter table if exists change_request_items 
       add constraint FKdpl7xkovo73x2j5gohvcgi0ni 
       foreign key (person_attribute_id) 
       references person_attr [42102-224]
	at org.h2.message.DbException.getJdbcSQLException(DbException.java:514) ~[h2-2.2.224.jar:2.2.224]
	at org.h2.message.DbException.getJdbcSQLException(DbException.java:489) ~[h2-2.2.224.jar:2.2.224]
	at org.h2.message.DbException.get(DbException.java:223) ~[h2-2.2.224.jar:2.2.224]
	at org.h2.message.DbException.get(DbException.java:199) ~[h2-2.2.224.jar:2.2.224]
	at org.h2.command.ddl.AlterTableAddConstraint.tryUpdate(AlterTableAddConstraint.java:204) ~[h2-2.2.224.jar:2.2.224]
	at org.h2.command.ddl.AlterTableAddConstraint.update(AlterTableAddConstraint.java:74) ~[h2-2.2.224.jar:2.2.224]
	at org.h2.command.ddl.AlterTable.update(AlterTable.java:46) ~[h2-2.2.224.jar:2.2.224]
	at org.h2.command.CommandContainer.update(CommandContainer.java:169) ~[h2-2.2.224.jar:2.2.224]
	at org.h2.command.Command.executeUpdate(Command.java:256) ~[h2-2.2.224.jar:2.2.224]
	at org.h2.jdbc.JdbcStatement.executeInternal(JdbcStatement.java:262) ~[h2-2.2.224.jar:2.2.224]
	at org.h2.jdbc.JdbcStatement.execute(JdbcStatement.java:231) ~[h2-2.2.224.jar:2.2.224]
	at com.zaxxer.hikari.pool.ProxyStatement.execute(ProxyStatement.java:94) ~[HikariCP-5.1.0.jar:na]
	at com.zaxxer.hikari.pool.HikariProxyStatement.execute(HikariProxyStatement.java) ~[HikariCP-5.1.0.jar:na]
	at org.hibernate.tool.schema.internal.exec.GenerationTargetToDatabase.accept(GenerationTargetToDatabase.java:80) ~[hibernate-core-6.5.2.Final.jar:6.5.2.Final]
	... 116 common frames omitted

2026-01-10T16:18:49.436+01:00 DEBUG 23900 --- [webapp-test] [           main] org.hibernate.SQL                        : 
    alter table if exists change_requests 
       add constraint FK8evk21tvq3s82xd4updkny25c 
       foreign key (attribute_id) 
       references attributes
Hibernate: 
    alter table if exists change_requests 
       add constraint FK8evk21tvq3s82xd4updkny25c 
       foreign key (attribute_id) 
       references attributes
2026-01-10T16:18:49.437+01:00 DEBUG 23900 --- [webapp-test] [           main] org.hibernate.SQL                        : 
    alter table if exists change_requests 
       add constraint FKlg39x24uffh5kvwar0k5ug1ap 
       foreign key (person_id) 
       references persons
Hibernate: 
    alter table if exists change_requests 
       add constraint FKlg39x24uffh5kvwar0k5ug1ap 
       foreign key (person_id) 
       references persons
2026-01-10T16:18:49.439+01:00 DEBUG 23900 --- [webapp-test] [           main] org.hibernate.SQL                        : 
    alter table if exists change_requests 
       add constraint FKrvb52j86ix8fynxbexyf55ha1 
       foreign key (requester_id) 
       references users
Hibernate: 
    alter table if exists change_requests 
       add constraint FKrvb52j86ix8fynxbexyf55ha1 
       foreign key (requester_id) 
       references users
2026-01-10T16:18:49.441+01:00 DEBUG 23900 --- [webapp-test] [           main] org.hibernate.SQL                        : 
    alter table if exists change_requests 
       add constraint FK19iam04j484nev0wpq8tmcmkh 
       foreign key (resolved_by) 
       references users
Hibernate: 
    alter table if exists change_requests 
       add constraint FK19iam04j484nev0wpq8tmcmkh 
       foreign key (resolved_by) 
       references users
2026-01-10T16:18:49.441+01:00 DEBUG 23900 --- [webapp-test] [           main] org.hibernate.SQL                        : 
    alter table if exists course_question_history 
       add constraint FKmvhetgpg3ag8hrf5cfdj2dqre 
       foreign key (course_id) 
       references courses
Hibernate: 
    alter table if exists course_question_history 
       add constraint FKmvhetgpg3ag8hrf5cfdj2dqre 
       foreign key (course_id) 
       references courses
2026-01-10T16:18:49.443+01:00 DEBUG 23900 --- [webapp-test] [           main] org.hibernate.SQL                        : 
    alter table if exists course_question_items 
       add constraint FKt3awhtao0rwr0yh1eq8k878i6 
       foreign key (history_id) 
       references course_question_history
Hibernate: 
    alter table if exists course_question_items 
       add constraint FKt3awhtao0rwr0yh1eq8k878i6 
       foreign key (history_id) 
       references course_question_history
2026-01-10T16:18:49.444+01:00 DEBUG 23900 --- [webapp-test] [           main] org.hibernate.SQL                        : 
    alter table if exists course_question_items 
       add constraint FK2ibtcvh7i8tf1qxgcc55f2e2 
       foreign key (knowledge_id) 
       references knowledges
Hibernate: 
    alter table if exists course_question_items 
       add constraint FK2ibtcvh7i8tf1qxgcc55f2e2 
       foreign key (knowledge_id) 
       references knowledges
2026-01-10T16:18:49.445+01:00 DEBUG 23900 --- [webapp-test] [           main] org.hibernate.SQL                        : 
    alter table if exists course_question_items 
       add constraint FK8ytgmdn6kehiyr8c9mhffjv44 
       foreign key (person_id) 
       references persons
Hibernate: 
    alter table if exists course_question_items 
       add constraint FK8ytgmdn6kehiyr8c9mhffjv44 
       foreign key (person_id) 
       references persons
2026-01-10T16:18:49.446+01:00 DEBUG 23900 --- [webapp-test] [           main] org.hibernate.SQL                        : 
    alter table if exists course_recent_stats 
       add constraint FKpi38pd5vjspxe5do0gqnildy9 
       foreign key (course_id) 
       references courses
Hibernate: 
    alter table if exists course_recent_stats 
       add constraint FKpi38pd5vjspxe5do0gqnildy9 
       foreign key (course_id) 
       references courses
2026-01-10T16:18:49.447+01:00 DEBUG 23900 --- [webapp-test] [           main] org.hibernate.SQL                        : 
    alter table if exists courses 
       add constraint FKd7ilu33c5g8sjpbtdk36cbwm4 
       foreign key (game_mode_id) 
       references game_modes
Hibernate: 
    alter table if exists courses 
       add constraint FKd7ilu33c5g8sjpbtdk36cbwm4 
       foreign key (game_mode_id) 
       references game_modes
2026-01-10T16:18:49.448+01:00 DEBUG 23900 --- [webapp-test] [           main] org.hibernate.SQL                        : 
    alter table if exists courses 
       add constraint FK51k53m6m5gi9n91fnlxkxgpmv 
       foreign key (user_id) 
       references users
Hibernate: 
    alter table if exists courses 
       add constraint FK51k53m6m5gi9n91fnlxkxgpmv 
       foreign key (user_id) 
       references users
2026-01-10T16:18:49.449+01:00 DEBUG 23900 --- [webapp-test] [           main] org.hibernate.SQL                        : 
    alter table if exists game_modes_attributes 
       add constraint FKsoyc11h09q105fr2290yvn1lu 
       foreign key (attribute_id) 
       references attributes
Hibernate: 
    alter table if exists game_modes_attributes 
       add constraint FKsoyc11h09q105fr2290yvn1lu 
       foreign key (attribute_id) 
       references attributes
2026-01-10T16:18:49.450+01:00 DEBUG 23900 --- [webapp-test] [           main] org.hibernate.SQL                        : 
    alter table if exists game_modes_attributes 
       add constraint FKbyxiy6d82egmuubuwuxeb5rx1 
       foreign key (game_mode_id) 
       references game_modes
Hibernate: 
    alter table if exists game_modes_attributes 
       add constraint FKbyxiy6d82egmuubuwuxeb5rx1 
       foreign key (game_mode_id) 
       references game_modes
2026-01-10T16:18:49.450+01:00 DEBUG 23900 --- [webapp-test] [           main] org.hibernate.SQL                        : 
    alter table if exists invitation_usages 
       add constraint FKlk386s7xpdixjmicex2blbxbu 
       foreign key (invitation_id, organization_id) 
       references invitations (id, organization_id)
Hibernate: 
    alter table if exists invitation_usages 
       add constraint FKlk386s7xpdixjmicex2blbxbu 
       foreign key (invitation_id, organization_id) 
       references invitations (id, organization_id)
2026-01-10T16:18:49.451+01:00 DEBUG 23900 --- [webapp-test] [           main] org.hibernate.SQL                        : 
    alter table if exists invitation_usages 
       add constraint FK9ixlcru110iqm9jl6oyxdsjev 
       foreign key (person_id, organization_id) 
       references persons (id, organization_id)
Hibernate: 
    alter table if exists invitation_usages 
       add constraint FK9ixlcru110iqm9jl6oyxdsjev 
       foreign key (person_id, organization_id) 
       references persons (id, organization_id)
2026-01-10T16:18:49.452+01:00 DEBUG 23900 --- [webapp-test] [           main] org.hibernate.SQL                        : 
    alter table if exists invitation_usages 
       add constraint FK6vvigqciio18sdmbc8ph4ta52 
       foreign key (user_id) 
       references users
Hibernate: 
    alter table if exists invitation_usages 
       add constraint FK6vvigqciio18sdmbc8ph4ta52 
       foreign key (user_id) 
       references users
2026-01-10T16:18:49.453+01:00 DEBUG 23900 --- [webapp-test] [           main] org.hibernate.SQL                        : 
    alter table if exists invitations 
       add constraint FK65mvqbynmdkucm1xy8tm33glp 
       foreign key (accepted_by) 
       references users
Hibernate: 
    alter table if exists invitations 
       add constraint FK65mvqbynmdkucm1xy8tm33glp 
       foreign key (accepted_by) 
       references users
2026-01-10T16:18:49.454+01:00 DEBUG 23900 --- [webapp-test] [           main] org.hibernate.SQL                        : 
    alter table if exists invitations 
       add constraint FKdk5jriaydqgx84bf7fx7k6wn9 
       foreign key (created_by) 
       references users
Hibernate: 
    alter table if exists invitations 
       add constraint FKdk5jriaydqgx84bf7fx7k6wn9 
       foreign key (created_by) 
       references users
2026-01-10T16:18:49.455+01:00 DEBUG 23900 --- [webapp-test] [           main] org.hibernate.SQL                        : 
    alter table if exists invitations 
       add constraint FKgr8q4icsxv25w1g7g7kmf31jv 
       foreign key (person_id, organization_id) 
       references persons (id, organization_id)
Hibernate: 
    alter table if exists invitations 
       add constraint FKgr8q4icsxv25w1g7g7kmf31jv 
       foreign key (person_id, organization_id) 
       references persons (id, organization_id)
2026-01-10T16:18:49.456+01:00 DEBUG 23900 --- [webapp-test] [           main] org.hibernate.SQL                        : 
    alter table if exists knowledge_stats 
       add constraint FKmy98nlwpxcv13ynwk1ihef6fr 
       foreign key (game_mode_id) 
       references game_modes
Hibernate: 
    alter table if exists knowledge_stats 
       add constraint FKmy98nlwpxcv13ynwk1ihef6fr 
       foreign key (game_mode_id) 
       references game_modes
2026-01-10T16:18:49.457+01:00 DEBUG 23900 --- [webapp-test] [           main] org.hibernate.SQL                        : 
    alter table if exists knowledge_stats 
       add constraint FKik40v1c57gp95v3y1rcgxo8hh 
       foreign key (knowledge_id) 
       references knowledges
Hibernate: 
    alter table if exists knowledge_stats 
       add constraint FKik40v1c57gp95v3y1rcgxo8hh 
       foreign key (knowledge_id) 
       references knowledges
2026-01-10T16:18:49.458+01:00 DEBUG 23900 --- [webapp-test] [           main] org.hibernate.SQL                        : 
    alter table if exists knowledge_stats 
       add constraint FKa6nmde5innfglgsopnd3tduiq 
       foreign key (person_id) 
       references persons
Hibernate: 
    alter table if exists knowledge_stats 
       add constraint FKa6nmde5innfglgsopnd3tduiq 
       foreign key (person_id) 
       references persons
2026-01-10T16:18:49.458+01:00 DEBUG 23900 --- [webapp-test] [           main] org.hibernate.SQL                        : 
    alter table if exists knowledge_stats 
       add constraint FKla7nri6ih8a2u94gr3xg6p9ve 
       foreign key (user_id) 
       references users
Hibernate: 
    alter table if exists knowledge_stats 
       add constraint FKla7nri6ih8a2u94gr3xg6p9ve 
       foreign key (user_id) 
       references users
2026-01-10T16:18:49.459+01:00 DEBUG 23900 --- [webapp-test] [           main] org.hibernate.SQL                        : 
    alter table if exists knowledges 
       add constraint FKjtpooylupm1nmnsutiyy98h0m 
       foreign key (game_mode_id) 
       references game_modes
Hibernate: 
    alter table if exists knowledges 
       add constraint FKjtpooylupm1nmnsutiyy98h0m 
       foreign key (game_mode_id) 
       references game_modes
2026-01-10T16:18:49.460+01:00 DEBUG 23900 --- [webapp-test] [           main] org.hibernate.SQL                        : 
    alter table if exists knowledges 
       add constraint FKqtmx4jhp3nmvor12iua7m5fuh 
       foreign key (person_id) 
       references persons
Hibernate: 
    alter table if exists knowledges 
       add constraint FKqtmx4jhp3nmvor12iua7m5fuh 
       foreign key (person_id) 
       references persons
2026-01-10T16:18:49.461+01:00 DEBUG 23900 --- [webapp-test] [           main] org.hibernate.SQL                        : 
    alter table if exists knowledges 
       add constraint FK4g9cdjkli0ehk38enf7q5ld55 
       foreign key (user_id) 
       references users
Hibernate: 
    alter table if exists knowledges 
       add constraint FK4g9cdjkli0ehk38enf7q5ld55 
       foreign key (user_id) 
       references users
2026-01-10T16:18:49.461+01:00 DEBUG 23900 --- [webapp-test] [           main] org.hibernate.SQL                        : 
    alter table if exists leaderboard_stats 
       add constraint FKlmcglnxocersxfpvginkrmlh9 
       foreign key (user_id) 
       references users
Hibernate: 
    alter table if exists leaderboard_stats 
       add constraint FKlmcglnxocersxfpvginkrmlh9 
       foreign key (user_id) 
       references users
2026-01-10T16:18:49.462+01:00 DEBUG 23900 --- [webapp-test] [           main] org.hibernate.SQL                        : 
    alter table if exists person_attributes 
       add constraint FKfmkxfq1avb3gi13lbt3wbi4jy 
       foreign key (attribute_id) 
       references attributes
Hibernate: 
    alter table if exists person_attributes 
       add constraint FKfmkxfq1avb3gi13lbt3wbi4jy 
       foreign key (attribute_id) 
       references attributes
2026-01-10T16:18:49.462+01:00 DEBUG 23900 --- [webapp-test] [           main] org.hibernate.SQL                        : 
    alter table if exists person_attributes 
       add constraint FK67ei3lsjqgtdw7g7cp912cxap 
       foreign key (person_id) 
       references persons
Hibernate: 
    alter table if exists person_attributes 
       add constraint FK67ei3lsjqgtdw7g7cp912cxap 
       foreign key (person_id) 
       references persons
2026-01-10T16:18:49.463+01:00 DEBUG 23900 --- [webapp-test] [           main] org.hibernate.SQL                        : 
    alter table if exists person_emails 
       add constraint FKelc8digvkrtfkpnn3ppwv6pom 
       foreign key (person_id, organization_id) 
       references persons (id, organization_id)
Hibernate: 
    alter table if exists person_emails 
       add constraint FKelc8digvkrtfkpnn3ppwv6pom 
       foreign key (person_id, organization_id) 
       references persons (id, organization_id)
2026-01-10T16:18:49.463+01:00 DEBUG 23900 --- [webapp-test] [           main] org.hibernate.SQL                        : 
    alter table if exists photo_reports 
       add constraint fk_pr_person 
       foreign key (person_id) 
       references persons
Hibernate: 
    alter table if exists photo_reports 
       add constraint fk_pr_person 
       foreign key (person_id) 
       references persons
2026-01-10T16:18:49.464+01:00 DEBUG 23900 --- [webapp-test] [           main] org.hibernate.SQL                        : 
    alter table if exists photo_reports 
       add constraint fk_pr_reported_by 
       foreign key (reported_by) 
       references users
Hibernate: 
    alter table if exists photo_reports 
       add constraint fk_pr_reported_by 
       foreign key (reported_by) 
       references users
2026-01-10T16:18:49.465+01:00 DEBUG 23900 --- [webapp-test] [           main] org.hibernate.SQL                        : 
    alter table if exists photos 
       add constraint fk_photos_approved_by 
       foreign key (approved_by) 
       references users
Hibernate: 
    alter table if exists photos 
       add constraint fk_photos_approved_by 
       foreign key (approved_by) 
       references users
2026-01-10T16:18:49.465+01:00 DEBUG 23900 --- [webapp-test] [           main] org.hibernate.SQL                        : 
    alter table if exists photos 
       add constraint fk_photos_person 
       foreign key (person_id) 
       references persons
Hibernate: 
    alter table if exists photos 
       add constraint fk_photos_person 
       foreign key (person_id) 
       references persons
2026-01-10T16:18:49.466+01:00 DEBUG 23900 --- [webapp-test] [           main] org.hibernate.SQL                        : 
    alter table if exists photos 
       add constraint fk_photos_submitted_by 
       foreign key (submitted_by) 
       references users
Hibernate: 
    alter table if exists photos 
       add constraint fk_photos_submitted_by 
       foreign key (submitted_by) 
       references users
2026-01-10T16:18:49.466+01:00 DEBUG 23900 --- [webapp-test] [           main] org.hibernate.SQL                        : 
    alter table if exists user_emails 
       add constraint fk_user_emails_user 
       foreign key (user_id) 
       references users
Hibernate: 
    alter table if exists user_emails 
       add constraint fk_user_emails_user 
       foreign key (user_id) 
       references users
2026-01-10T16:18:49.467+01:00 DEBUG 23900 --- [webapp-test] [           main] org.hibernate.SQL                        : 
    alter table if exists user_identities 
       add constraint fk_uam_user 
       foreign key (user_id) 
       references users
Hibernate: 
    alter table if exists user_identities 
       add constraint fk_uam_user 
       foreign key (user_id) 
       references users
2026-01-10T16:18:49.468+01:00 DEBUG 23900 --- [webapp-test] [           main] org.hibernate.SQL                        : 
    alter table if exists user_organizations 
       add constraint fk_uo_org 
       foreign key (organization_id) 
       references organizations
Hibernate: 
    alter table if exists user_organizations 
       add constraint fk_uo_org 
       foreign key (organization_id) 
       references organizations
2026-01-10T16:18:49.468+01:00  WARN 23900 --- [webapp-test] [           main] o.h.t.s.i.ExceptionHandlerLoggedImpl     : GenerationTarget encountered exception accepting command : Error executing DDL "
    alter table if exists user_organizations 
       add constraint fk_uo_org 
       foreign key (organization_id) 
       references organizations" via JDBC [Table "ORGANIZATIONS" non trouvée
Table "ORGANIZATIONS" not found;]

org.hibernate.tool.schema.spi.CommandAcceptanceException: Error executing DDL "
    alter table if exists user_organizations 
       add constraint fk_uo_org 
       foreign key (organization_id) 
       references organizations" via JDBC [Table "ORGANIZATIONS" non trouvée
Table "ORGANIZATIONS" not found;]
	at org.hibernate.tool.schema.internal.exec.GenerationTargetToDatabase.accept(GenerationTargetToDatabase.java:94) ~[hibernate-core-6.5.2.Final.jar:6.5.2.Final]
	at org.hibernate.tool.schema.internal.Helper.applySqlString(Helper.java:233) ~[hibernate-core-6.5.2.Final.jar:6.5.2.Final]
	at org.hibernate.tool.schema.internal.Helper.applySqlStrings(Helper.java:217) ~[hibernate-core-6.5.2.Final.jar:6.5.2.Final]
	at org.hibernate.tool.schema.internal.SchemaCreatorImpl.createForeignKeys(SchemaCreatorImpl.java:305) ~[hibernate-core-6.5.2.Final.jar:6.5.2.Final]
	at org.hibernate.tool.schema.internal.SchemaCreatorImpl.createFromMetadata(SchemaCreatorImpl.java:251) ~[hibernate-core-6.5.2.Final.jar:6.5.2.Final]
	at org.hibernate.tool.schema.internal.SchemaCreatorImpl.performCreation(SchemaCreatorImpl.java:172) ~[hibernate-core-6.5.2.Final.jar:6.5.2.Final]
	at org.hibernate.tool.schema.internal.SchemaCreatorImpl.doCreation(SchemaCreatorImpl.java:142) ~[hibernate-core-6.5.2.Final.jar:6.5.2.Final]
	at org.hibernate.tool.schema.internal.SchemaCreatorImpl.doCreation(SchemaCreatorImpl.java:118) ~[hibernate-core-6.5.2.Final.jar:6.5.2.Final]
	at org.hibernate.tool.schema.spi.SchemaManagementToolCoordinator.performDatabaseAction(SchemaManagementToolCoordinator.java:250) ~[hibernate-core-6.5.2.Final.jar:6.5.2.Final]
	at org.hibernate.tool.schema.spi.SchemaManagementToolCoordinator.lambda$process$5(SchemaManagementToolCoordinator.java:144) ~[hibernate-core-6.5.2.Final.jar:6.5.2.Final]
	at java.base/java.util.HashMap.forEach(HashMap.java:1429) ~[na:na]
	at org.hibernate.tool.schema.spi.SchemaManagementToolCoordinator.process(SchemaManagementToolCoordinator.java:141) ~[hibernate-core-6.5.2.Final.jar:6.5.2.Final]
	at org.hibernate.boot.internal.SessionFactoryObserverForSchemaExport.sessionFactoryCreated(SessionFactoryObserverForSchemaExport.java:37) ~[hibernate-core-6.5.2.Final.jar:6.5.2.Final]
	at org.hibernate.internal.SessionFactoryObserverChain.sessionFactoryCreated(SessionFactoryObserverChain.java:35) ~[hibernate-core-6.5.2.Final.jar:6.5.2.Final]
	at org.hibernate.internal.SessionFactoryImpl.<init>(SessionFactoryImpl.java:322) ~[hibernate-core-6.5.2.Final.jar:6.5.2.Final]
	at org.hibernate.boot.internal.SessionFactoryBuilderImpl.build(SessionFactoryBuilderImpl.java:457) ~[hibernate-core-6.5.2.Final.jar:6.5.2.Final]
	at org.hibernate.jpa.boot.internal.EntityManagerFactoryBuilderImpl.build(EntityManagerFactoryBuilderImpl.java:1506) ~[hibernate-core-6.5.2.Final.jar:6.5.2.Final]
	at org.springframework.orm.jpa.vendor.SpringHibernateJpaPersistenceProvider.createContainerEntityManagerFactory(SpringHibernateJpaPersistenceProvider.java:75) ~[spring-orm-6.1.7.jar:6.1.7]
	at org.springframework.orm.jpa.LocalContainerEntityManagerFactoryBean.createNativeEntityManagerFactory(LocalContainerEntityManagerFactoryBean.java:390) ~[spring-orm-6.1.7.jar:6.1.7]
	at org.springframework.orm.jpa.AbstractEntityManagerFactoryBean.buildNativeEntityManagerFactory(AbstractEntityManagerFactoryBean.java:409) ~[spring-orm-6.1.7.jar:6.1.7]
	at org.springframework.orm.jpa.AbstractEntityManagerFactoryBean.afterPropertiesSet(AbstractEntityManagerFactoryBean.java:396) ~[spring-orm-6.1.7.jar:6.1.7]
	at org.springframework.orm.jpa.LocalContainerEntityManagerFactoryBean.afterPropertiesSet(LocalContainerEntityManagerFactoryBean.java:366) ~[spring-orm-6.1.7.jar:6.1.7]
	at org.springframework.beans.factory.support.AbstractAutowireCapableBeanFactory.invokeInitMethods(AbstractAutowireCapableBeanFactory.java:1833) ~[spring-beans-6.1.6.jar:6.1.6]
	at org.springframework.beans.factory.support.AbstractAutowireCapableBeanFactory.initializeBean(AbstractAutowireCapableBeanFactory.java:1782) ~[spring-beans-6.1.6.jar:6.1.6]
	at org.springframework.beans.factory.support.AbstractAutowireCapableBeanFactory.doCreateBean(AbstractAutowireCapableBeanFactory.java:600) ~[spring-beans-6.1.6.jar:6.1.6]
	at org.springframework.beans.factory.support.AbstractAutowireCapableBeanFactory.createBean(AbstractAutowireCapableBeanFactory.java:522) ~[spring-beans-6.1.6.jar:6.1.6]
	at org.springframework.beans.factory.support.AbstractBeanFactory.lambda$doGetBean$0(AbstractBeanFactory.java:326) ~[spring-beans-6.1.6.jar:6.1.6]
	at org.springframework.beans.factory.support.DefaultSingletonBeanRegistry.getSingleton(DefaultSingletonBeanRegistry.java:234) ~[spring-beans-6.1.6.jar:6.1.6]
	at org.springframework.beans.factory.support.AbstractBeanFactory.doGetBean(AbstractBeanFactory.java:324) ~[spring-beans-6.1.6.jar:6.1.6]
	at org.springframework.beans.factory.support.AbstractBeanFactory.getBean(AbstractBeanFactory.java:205) ~[spring-beans-6.1.6.jar:6.1.6]
	at org.springframework.context.support.AbstractApplicationContext.finishBeanFactoryInitialization(AbstractApplicationContext.java:952) ~[spring-context-6.1.7.jar:6.1.7]
	at org.springframework.context.support.AbstractApplicationContext.refresh(AbstractApplicationContext.java:624) ~[spring-context-6.1.7.jar:6.1.7]
	at org.springframework.boot.SpringApplication.refresh(SpringApplication.java:754) ~[spring-boot-3.3.1.jar:3.3.1]
	at org.springframework.boot.SpringApplication.refreshContext(SpringApplication.java:456) ~[spring-boot-3.3.1.jar:3.3.1]
	at org.springframework.boot.SpringApplication.run(SpringApplication.java:335) ~[spring-boot-3.3.1.jar:3.3.1]
	at org.springframework.boot.test.context.SpringBootContextLoader.lambda$loadContext$3(SpringBootContextLoader.java:137) ~[spring-boot-test-3.3.1.jar:3.3.1]
	at org.springframework.util.function.ThrowingSupplier.get(ThrowingSupplier.java:58) ~[spring-core-6.1.7.jar:6.1.7]
	at org.springframework.util.function.ThrowingSupplier.get(ThrowingSupplier.java:46) ~[spring-core-6.1.7.jar:6.1.7]
	at org.springframework.boot.SpringApplication.withHook(SpringApplication.java:1463) ~[spring-boot-3.3.1.jar:3.3.1]
	at org.springframework.boot.test.context.SpringBootContextLoader$ContextLoaderHook.run(SpringBootContextLoader.java:553) ~[spring-boot-test-3.3.1.jar:3.3.1]
	at org.springframework.boot.test.context.SpringBootContextLoader.loadContext(SpringBootContextLoader.java:137) ~[spring-boot-test-3.3.1.jar:3.3.1]
	at org.springframework.boot.test.context.SpringBootContextLoader.loadContext(SpringBootContextLoader.java:108) ~[spring-boot-test-3.3.1.jar:3.3.1]
	at org.springframework.test.context.cache.DefaultCacheAwareContextLoaderDelegate.loadContextInternal(DefaultCacheAwareContextLoaderDelegate.java:225) ~[spring-test-6.1.7.jar:6.1.7]
	at org.springframework.test.context.cache.DefaultCacheAwareContextLoaderDelegate.loadContext(DefaultCacheAwareContextLoaderDelegate.java:152) ~[spring-test-6.1.7.jar:6.1.7]
	at org.springframework.test.context.support.DefaultTestContext.getApplicationContext(DefaultTestContext.java:130) ~[spring-test-6.1.7.jar:6.1.7]
	at org.springframework.test.context.web.ServletTestExecutionListener.setUpRequestContextIfNecessary(ServletTestExecutionListener.java:191) ~[spring-test-6.1.7.jar:6.1.7]
	at org.springframework.test.context.web.ServletTestExecutionListener.prepareTestInstance(ServletTestExecutionListener.java:130) ~[spring-test-6.1.7.jar:6.1.7]
	at org.springframework.test.context.TestContextManager.prepareTestInstance(TestContextManager.java:260) ~[spring-test-6.1.7.jar:6.1.7]
	at org.springframework.test.context.junit.jupiter.SpringExtension.postProcessTestInstance(SpringExtension.java:163) ~[spring-test-6.1.7.jar:6.1.7]
	at org.junit.jupiter.engine.descriptor.ClassBasedTestDescriptor.lambda$invokeTestInstancePostProcessors$10(ClassBasedTestDescriptor.java:378) ~[junit-jupiter-engine-5.10.1.jar:5.10.1]
	at org.junit.jupiter.engine.descriptor.ClassBasedTestDescriptor.executeAndMaskThrowable(ClassBasedTestDescriptor.java:383) ~[junit-jupiter-engine-5.10.1.jar:5.10.1]
	at org.junit.jupiter.engine.descriptor.ClassBasedTestDescriptor.lambda$invokeTestInstancePostProcessors$11(ClassBasedTestDescriptor.java:378) ~[junit-jupiter-engine-5.10.1.jar:5.10.1]
	at java.base/java.util.stream.ReferencePipeline$3$1.accept(ReferencePipeline.java:197) ~[na:na]
	at java.base/java.util.stream.ReferencePipeline$2$1.accept(ReferencePipeline.java:179) ~[na:na]
	at java.base/java.util.ArrayList$ArrayListSpliterator.forEachRemaining(ArrayList.java:1708) ~[na:na]
	at java.base/java.util.stream.AbstractPipeline.copyInto(AbstractPipeline.java:509) ~[na:na]
	at java.base/java.util.stream.AbstractPipeline.wrapAndCopyInto(AbstractPipeline.java:499) ~[na:na]
	at java.base/java.util.stream.StreamSpliterators$WrappingSpliterator.forEachRemaining(StreamSpliterators.java:310) ~[na:na]
	at java.base/java.util.stream.Streams$ConcatSpliterator.forEachRemaining(Streams.java:735) ~[na:na]
	at java.base/java.util.stream.Streams$ConcatSpliterator.forEachRemaining(Streams.java:734) ~[na:na]
	at java.base/java.util.stream.ReferencePipeline$Head.forEach(ReferencePipeline.java:762) ~[na:na]
	at org.junit.jupiter.engine.descriptor.ClassBasedTestDescriptor.invokeTestInstancePostProcessors(ClassBasedTestDescriptor.java:377) ~[junit-jupiter-engine-5.10.1.jar:5.10.1]
	at org.junit.jupiter.engine.descriptor.ClassBasedTestDescriptor.lambda$instantiateAndPostProcessTestInstance$6(ClassBasedTestDescriptor.java:290) ~[junit-jupiter-engine-5.10.1.jar:5.10.1]
	at org.junit.platform.engine.support.hierarchical.ThrowableCollector.execute(ThrowableCollector.java:73) ~[junit-platform-engine-1.10.1.jar:1.10.1]
	at org.junit.jupiter.engine.descriptor.ClassBasedTestDescriptor.instantiateAndPostProcessTestInstance(ClassBasedTestDescriptor.java:289) ~[junit-jupiter-engine-5.10.1.jar:5.10.1]
	at org.junit.jupiter.engine.descriptor.ClassBasedTestDescriptor.lambda$testInstancesProvider$4(ClassBasedTestDescriptor.java:279) ~[junit-jupiter-engine-5.10.1.jar:5.10.1]
	at java.base/java.util.Optional.orElseGet(Optional.java:364) ~[na:na]
	at org.junit.jupiter.engine.descriptor.ClassBasedTestDescriptor.lambda$testInstancesProvider$5(ClassBasedTestDescriptor.java:278) ~[junit-jupiter-engine-5.10.1.jar:5.10.1]
	at org.junit.jupiter.engine.execution.TestInstancesProvider.getTestInstances(TestInstancesProvider.java:31) ~[junit-jupiter-engine-5.10.1.jar:5.10.1]
	at org.junit.jupiter.engine.descriptor.TestMethodTestDescriptor.lambda$prepare$0(TestMethodTestDescriptor.java:106) ~[junit-jupiter-engine-5.10.1.jar:5.10.1]
	at org.junit.platform.engine.support.hierarchical.ThrowableCollector.execute(ThrowableCollector.java:73) ~[junit-platform-engine-1.10.1.jar:1.10.1]
	at org.junit.jupiter.engine.descriptor.TestMethodTestDescriptor.prepare(TestMethodTestDescriptor.java:105) ~[junit-jupiter-engine-5.10.1.jar:5.10.1]
	at org.junit.jupiter.engine.descriptor.TestMethodTestDescriptor.prepare(TestMethodTestDescriptor.java:69) ~[junit-jupiter-engine-5.10.1.jar:5.10.1]
	at org.junit.platform.engine.support.hierarchical.NodeTestTask.lambda$prepare$2(NodeTestTask.java:123) ~[junit-platform-engine-1.10.1.jar:1.10.1]
	at org.junit.platform.engine.support.hierarchical.ThrowableCollector.execute(ThrowableCollector.java:73) ~[junit-platform-engine-1.10.1.jar:1.10.1]
	at org.junit.platform.engine.support.hierarchical.NodeTestTask.prepare(NodeTestTask.java:123) ~[junit-platform-engine-1.10.1.jar:1.10.1]
	at org.junit.platform.engine.support.hierarchical.NodeTestTask.execute(NodeTestTask.java:90) ~[junit-platform-engine-1.10.1.jar:1.10.1]
	at java.base/java.util.ArrayList.forEach(ArrayList.java:1596) ~[na:na]
	at org.junit.platform.engine.support.hierarchical.SameThreadHierarchicalTestExecutorService.invokeAll(SameThreadHierarchicalTestExecutorService.java:41) ~[junit-platform-engine-1.10.1.jar:1.10.1]
	at org.junit.platform.engine.support.hierarchical.NodeTestTask.lambda$executeRecursively$6(NodeTestTask.java:155) ~[junit-platform-engine-1.10.1.jar:1.10.1]
	at org.junit.platform.engine.support.hierarchical.ThrowableCollector.execute(ThrowableCollector.java:73) ~[junit-platform-engine-1.10.1.jar:1.10.1]
	at org.junit.platform.engine.support.hierarchical.NodeTestTask.lambda$executeRecursively$8(NodeTestTask.java:141) ~[junit-platform-engine-1.10.1.jar:1.10.1]
	at org.junit.platform.engine.support.hierarchical.Node.around(Node.java:137) ~[junit-platform-engine-1.10.1.jar:1.10.1]
	at org.junit.platform.engine.support.hierarchical.NodeTestTask.lambda$executeRecursively$9(NodeTestTask.java:139) ~[junit-platform-engine-1.10.1.jar:1.10.1]
	at org.junit.platform.engine.support.hierarchical.ThrowableCollector.execute(ThrowableCollector.java:73) ~[junit-platform-engine-1.10.1.jar:1.10.1]
	at org.junit.platform.engine.support.hierarchical.NodeTestTask.executeRecursively(NodeTestTask.java:138) ~[junit-platform-engine-1.10.1.jar:1.10.1]
	at org.junit.platform.engine.support.hierarchical.NodeTestTask.execute(NodeTestTask.java:95) ~[junit-platform-engine-1.10.1.jar:1.10.1]
	at java.base/java.util.ArrayList.forEach(ArrayList.java:1596) ~[na:na]
	at org.junit.platform.engine.support.hierarchical.SameThreadHierarchicalTestExecutorService.invokeAll(SameThreadHierarchicalTestExecutorService.java:41) ~[junit-platform-engine-1.10.1.jar:1.10.1]
	at org.junit.platform.engine.support.hierarchical.NodeTestTask.lambda$executeRecursively$6(NodeTestTask.java:155) ~[junit-platform-engine-1.10.1.jar:1.10.1]
	at org.junit.platform.engine.support.hierarchical.ThrowableCollector.execute(ThrowableCollector.java:73) ~[junit-platform-engine-1.10.1.jar:1.10.1]
	at org.junit.platform.engine.support.hierarchical.NodeTestTask.lambda$executeRecursively$8(NodeTestTask.java:141) ~[junit-platform-engine-1.10.1.jar:1.10.1]
	at org.junit.platform.engine.support.hierarchical.Node.around(Node.java:137) ~[junit-platform-engine-1.10.1.jar:1.10.1]
	at org.junit.platform.engine.support.hierarchical.NodeTestTask.lambda$executeRecursively$9(NodeTestTask.java:139) ~[junit-platform-engine-1.10.1.jar:1.10.1]
	at org.junit.platform.engine.support.hierarchical.ThrowableCollector.execute(ThrowableCollector.java:73) ~[junit-platform-engine-1.10.1.jar:1.10.1]
	at org.junit.platform.engine.support.hierarchical.NodeTestTask.executeRecursively(NodeTestTask.java:138) ~[junit-platform-engine-1.10.1.jar:1.10.1]
	at org.junit.platform.engine.support.hierarchical.NodeTestTask.execute(NodeTestTask.java:95) ~[junit-platform-engine-1.10.1.jar:1.10.1]
	at org.junit.platform.engine.support.hierarchical.SameThreadHierarchicalTestExecutorService.submit(SameThreadHierarchicalTestExecutorService.java:35) ~[junit-platform-engine-1.10.1.jar:1.10.1]
	at org.junit.platform.engine.support.hierarchical.HierarchicalTestExecutor.execute(HierarchicalTestExecutor.java:57) ~[junit-platform-engine-1.10.1.jar:1.10.1]
	at org.junit.platform.engine.support.hierarchical.HierarchicalTestEngine.execute(HierarchicalTestEngine.java:54) ~[junit-platform-engine-1.10.1.jar:1.10.1]
	at org.junit.platform.launcher.core.EngineExecutionOrchestrator.execute(EngineExecutionOrchestrator.java:198) ~[junit-platform-launcher-1.10.1.jar:1.10.1]
	at org.junit.platform.launcher.core.EngineExecutionOrchestrator.execute(EngineExecutionOrchestrator.java:169) ~[junit-platform-launcher-1.10.1.jar:1.10.1]
	at org.junit.platform.launcher.core.EngineExecutionOrchestrator.execute(EngineExecutionOrchestrator.java:93) ~[junit-platform-launcher-1.10.1.jar:1.10.1]
	at org.junit.platform.launcher.core.EngineExecutionOrchestrator.lambda$execute$0(EngineExecutionOrchestrator.java:58) ~[junit-platform-launcher-1.10.1.jar:1.10.1]
	at org.junit.platform.launcher.core.EngineExecutionOrchestrator.withInterceptedStreams(EngineExecutionOrchestrator.java:141) ~[junit-platform-launcher-1.10.1.jar:1.10.1]
	at org.junit.platform.launcher.core.EngineExecutionOrchestrator.execute(EngineExecutionOrchestrator.java:57) ~[junit-platform-launcher-1.10.1.jar:1.10.1]
	at org.junit.platform.launcher.core.DefaultLauncher.execute(DefaultLauncher.java:103) ~[junit-platform-launcher-1.10.1.jar:1.10.1]
	at org.junit.platform.launcher.core.DefaultLauncher.execute(DefaultLauncher.java:85) ~[junit-platform-launcher-1.10.1.jar:1.10.1]
	at org.junit.platform.launcher.core.DelegatingLauncher.execute(DelegatingLauncher.java:47) ~[junit-platform-launcher-1.10.1.jar:1.10.1]
	at org.apache.maven.surefire.junitplatform.LazyLauncher.execute(LazyLauncher.java:56) ~[surefire-junit-platform-3.2.5.jar:3.2.5]
	at org.apache.maven.surefire.junitplatform.JUnitPlatformProvider.execute(JUnitPlatformProvider.java:184) ~[surefire-junit-platform-3.2.5.jar:3.2.5]
	at org.apache.maven.surefire.junitplatform.JUnitPlatformProvider.invokeAllTests(JUnitPlatformProvider.java:148) ~[surefire-junit-platform-3.2.5.jar:3.2.5]
	at org.apache.maven.surefire.junitplatform.JUnitPlatformProvider.invoke(JUnitPlatformProvider.java:122) ~[surefire-junit-platform-3.2.5.jar:3.2.5]
	at org.apache.maven.surefire.booter.ForkedBooter.runSuitesInProcess(ForkedBooter.java:385) ~[surefire-booter-3.2.5.jar:3.2.5]
	at org.apache.maven.surefire.booter.ForkedBooter.execute(ForkedBooter.java:162) ~[surefire-booter-3.2.5.jar:3.2.5]
	at org.apache.maven.surefire.booter.ForkedBooter.run(ForkedBooter.java:507) ~[surefire-booter-3.2.5.jar:3.2.5]
	at org.apache.maven.surefire.booter.ForkedBooter.main(ForkedBooter.java:495) ~[surefire-booter-3.2.5.jar:3.2.5]
Caused by: org.h2.jdbc.JdbcSQLSyntaxErrorException: Table "ORGANIZATIONS" non trouvée
Table "ORGANIZATIONS" not found; SQL statement:

    alter table if exists user_organizations 
       add constraint fk_uo_org 
       foreign key (organization_id) 
       references organiz [42102-224]
	at org.h2.message.DbException.getJdbcSQLException(DbException.java:514) ~[h2-2.2.224.jar:2.2.224]
	at org.h2.message.DbException.getJdbcSQLException(DbException.java:489) ~[h2-2.2.224.jar:2.2.224]
	at org.h2.message.DbException.get(DbException.java:223) ~[h2-2.2.224.jar:2.2.224]
	at org.h2.message.DbException.get(DbException.java:199) ~[h2-2.2.224.jar:2.2.224]
	at org.h2.command.ddl.AlterTableAddConstraint.tryUpdate(AlterTableAddConstraint.java:204) ~[h2-2.2.224.jar:2.2.224]
	at org.h2.command.ddl.AlterTableAddConstraint.update(AlterTableAddConstraint.java:74) ~[h2-2.2.224.jar:2.2.224]
	at org.h2.command.ddl.AlterTable.update(AlterTable.java:46) ~[h2-2.2.224.jar:2.2.224]
	at org.h2.command.CommandContainer.update(CommandContainer.java:169) ~[h2-2.2.224.jar:2.2.224]
	at org.h2.command.Command.executeUpdate(Command.java:256) ~[h2-2.2.224.jar:2.2.224]
	at org.h2.jdbc.JdbcStatement.executeInternal(JdbcStatement.java:262) ~[h2-2.2.224.jar:2.2.224]
	at org.h2.jdbc.JdbcStatement.execute(JdbcStatement.java:231) ~[h2-2.2.224.jar:2.2.224]
	at com.zaxxer.hikari.pool.ProxyStatement.execute(ProxyStatement.java:94) ~[HikariCP-5.1.0.jar:na]
	at com.zaxxer.hikari.pool.HikariProxyStatement.execute(HikariProxyStatement.java) ~[HikariCP-5.1.0.jar:na]
	at org.hibernate.tool.schema.internal.exec.GenerationTargetToDatabase.accept(GenerationTargetToDatabase.java:80) ~[hibernate-core-6.5.2.Final.jar:6.5.2.Final]
	... 116 common frames omitted

2026-01-10T16:18:49.469+01:00 DEBUG 23900 --- [webapp-test] [           main] org.hibernate.SQL                        : 
    alter table if exists user_organizations 
       add constraint fk_uo_person 
       foreign key (person_id) 
       references persons
Hibernate: 
    alter table if exists user_organizations 
       add constraint fk_uo_person 
       foreign key (person_id) 
       references persons
2026-01-10T16:18:49.471+01:00 DEBUG 23900 --- [webapp-test] [           main] org.hibernate.SQL                        : 
    alter table if exists user_organizations 
       add constraint fk_uo_pref_email 
       foreign key (preferred_email_id) 
       references user_emails
Hibernate: 
    alter table if exists user_organizations 
       add constraint fk_uo_pref_email 
       foreign key (preferred_email_id) 
       references user_emails
2026-01-10T16:18:49.472+01:00 DEBUG 23900 --- [webapp-test] [           main] org.hibernate.SQL                        : 
    alter table if exists user_organizations 
       add constraint fk_uo_user 
       foreign key (user_id) 
       references users
Hibernate: 
    alter table if exists user_organizations 
       add constraint fk_uo_user 
       foreign key (user_id) 
       references users
2026-01-10T16:18:49.472+01:00 DEBUG 23900 --- [webapp-test] [           main] org.hibernate.SQL                        : 
    alter table if exists user_refresh_tokens 
       add constraint fk_urt_user 
       foreign key (user_id) 
       references users
Hibernate: 
    alter table if exists user_refresh_tokens 
       add constraint fk_urt_user 
       foreign key (user_id) 
       references users
2026-01-10T16:18:49.473+01:00 DEBUG 23900 --- [webapp-test] [           main] org.hibernate.SQL                        : 
    alter table if exists xp_events 
       add constraint FKk849fh25i4bp56bgg72kq0aev 
       foreign key (user_id) 
       references users
Hibernate: 
    alter table if exists xp_events 
       add constraint FKk849fh25i4bp56bgg72kq0aev 
       foreign key (user_id) 
       references users
2026-01-10T16:18:49.477+01:00  INFO 23900 --- [webapp-test] [           main] j.LocalContainerEntityManagerFactoryBean : Initialized JPA EntityManagerFactory for persistence unit 'default'
2026-01-10T16:18:49.849+01:00  INFO 23900 --- [webapp-test] [           main] o.s.d.j.r.query.QueryEnhancerFactory     : Hibernate is in classpath; If applicable, HQL parser will be used.
2026-01-10T16:18:52.631+01:00  INFO 23900 --- [webapp-test] [           main] c.s.webapp.WebappApplicationTest         : Started WebappApplicationTest in 8.722 seconds (process running for 10.084)
WARNING: A Java agent has been loaded dynamically (C:\Users\benja\.m2\repository\net\bytebuddy\byte-buddy-agent\1.14.18\byte-buddy-agent-1.14.18.jar)
WARNING: If a serviceability tool is in use, please run with -XX:+EnableDynamicAgentLoading to hide this warning
WARNING: If a serviceability tool is not in use, please run with -Djdk.instrument.traceUsage for more information
WARNING: Dynamic loading of agents will be disallowed by default in a future release
Java HotSpot(TM) 64-Bit Server VM warning: Sharing is only supported for boot loader classes because bootstrap classpath has been appended
[INFO] Tests run: 1, Failures: 0, Errors: 0, Skipped: 0, Time elapsed: 9.776 s -- in com.saymyname.webapp.WebappApplicationTest
[INFO] 
[INFO] Results:
[INFO] 
[INFO] Tests run: 1, Failures: 0, Errors: 0, Skipped: 0
[INFO] 
[INFO] 
[INFO] --- jacoco:0.8.11:report (report) @ webapp ---
[INFO] Loading execution data file C:\Dev\Projects\SayMyName\Backend\webapp\target\jacoco.exec
[INFO] Analyzed bundle 'webapp' with 256 classes
[INFO] ------------------------------------------------------------------------
[INFO] BUILD SUCCESS
[INFO] ------------------------------------------------------------------------
[INFO] Total time:  15.645 s
[INFO] Finished at: 2026-01-10T16:18:53+01:00
[INFO] ------------------------------------------------------------------------
